<html>
<body>
<pre>
<h1>µVision Build Log</h1>
<h2>Project:</h2>
E:\Disk E\Graduation Project\Code\detector\Project\RVMDK£¨uv4£©\iSO-STM32.uvproj
Project File Date:  05/06/2017

<h2>Output:</h2>
Build target 'detector'
compiling main.c...
compiling other.c...
compiling bsp_usart1.c...
linking...
Program Size: Code=7876 RO-data=336 RW-data=80 ZI-data=1024  
FromELF: creating hex file...
"..\..\Output\template.axf" - 0 Errors, 0 Warning(s).
Build target 'detector'
compiling main.c...
compiling stm32f10x_it.c...
compiling other.c...
compiling bsp_usart1.c...
..\..\User\bsp_usart1.c(65): warning:  #223-D: function "PwrCarrier_Deal" declared implicitly
linking...
Program Size: Code=8484 RO-data=336 RW-data=108 ZI-data=1028  
FromELF: creating hex file...
"..\..\Output\template.axf" - 0 Errors, 1 Warning(s).
Build target 'detector'
compiling main.c...
compiling other.c...
linking...
Program Size: Code=8484 RO-data=336 RW-data=108 ZI-data=1028  
FromELF: creating hex file...
"..\..\Output\template.axf" - 0 Errors, 0 Warning(s).
