<html>
<body>
<pre>
<h1>µVision Build Log</h1>
<h2>Project:</h2>
E:\Disk E\Graduation Project\Code\detector\Project\RVMDK£¨uv4£©\iSO-STM32.uvproj
Project File Date:  05/14/2017

<h2>Output:</h2>
Build target 'detector'
compiling bsp_pwrcarrier.c...
linking...
Program Size: Code=9684 RO-data=336 RW-data=108 ZI-data=1028  
FromELF: creating hex file...
"..\..\Output\template.axf" - 0 Errors, 0 Warning(s).
Load "..\\..\\Output\\template.axf" 
Erase Done.
Programming Done.
Verify OK.
Application running ...
Build target 'detector'
compiling main.c...
linking...
Program Size: Code=9684 RO-data=336 RW-data=108 ZI-data=1028  
FromELF: creating hex file...
"..\..\Output\template.axf" - 0 Errors, 0 Warning(s).
Build target 'detector'
compiling main.c...
linking...
Program Size: Code=9700 RO-data=336 RW-data=108 ZI-data=1028  
FromELF: creating hex file...
"..\..\Output\template.axf" - 0 Errors, 0 Warning(s).
Build target 'detector'
compiling main.c...
linking...
Program Size: Code=9560 RO-data=336 RW-data=108 ZI-data=1028  
FromELF: creating hex file...
"..\..\Output\template.axf" - 0 Errors, 0 Warning(s).
Build target 'detector'
compiling main.c...
compiling bsp_led.c...
linking...
Program Size: Code=9608 RO-data=336 RW-data=108 ZI-data=1028  
FromELF: creating hex file...
"..\..\Output\template.axf" - 0 Errors, 0 Warning(s).
Build target 'detector'
compiling main.c...
linking...
Program Size: Code=9608 RO-data=336 RW-data=108 ZI-data=1028  
FromELF: creating hex file...
"..\..\Output\template.axf" - 0 Errors, 0 Warning(s).
Build target 'detector'
compiling main.c...
linking...
Program Size: Code=9472 RO-data=336 RW-data=88 ZI-data=1024  
FromELF: creating hex file...
"..\..\Output\template.axf" - 0 Errors, 0 Warning(s).
Build target 'detector'
compiling main.c...
compiling bsp_SysTick.c...
linking...
Program Size: Code=9668 RO-data=336 RW-data=108 ZI-data=1028  
FromELF: creating hex file...
"..\..\Output\template.axf" - 0 Errors, 0 Warning(s).
Build target 'detector'
compiling main.c...
linking...
Program Size: Code=9540 RO-data=336 RW-data=88 ZI-data=1024  
FromELF: creating hex file...
"..\..\Output\template.axf" - 0 Errors, 0 Warning(s).
Build target 'detector'
compiling main.c...
linking...
Program Size: Code=9668 RO-data=336 RW-data=108 ZI-data=1028  
FromELF: creating hex file...
"..\..\Output\template.axf" - 0 Errors, 0 Warning(s).
Build target 'detector'
compiling main.c...
linking...
Program Size: Code=8464 RO-data=336 RW-data=108 ZI-data=1028  
FromELF: creating hex file...
"..\..\Output\template.axf" - 0 Errors, 0 Warning(s).
Build target 'detector'
compiling main.c...
linking...
Program Size: Code=8336 RO-data=336 RW-data=88 ZI-data=1024  
FromELF: creating hex file...
"..\..\Output\template.axf" - 0 Errors, 0 Warning(s).
Build target 'detector'
compiling main.c...
compiling bsp_SysTick.c...
linking...
Program Size: Code=8464 RO-data=336 RW-data=108 ZI-data=1028  
FromELF: creating hex file...
"..\..\Output\template.axf" - 0 Errors, 0 Warning(s).
Rebuild target 'detector'
assembling startup_stm32f10x_hd.s...
compiling core_cm3.c...
compiling system_stm32f10x.c...
compiling misc.c...
compiling stm32f10x_adc.c...
compiling stm32f10x_bkp.c...
compiling stm32f10x_can.c...
compiling stm32f10x_cec.c...
compiling stm32f10x_crc.c...
compiling stm32f10x_dac.c...
compiling stm32f10x_dbgmcu.c...
compiling stm32f10x_dma.c...
compiling stm32f10x_exti.c...
compiling stm32f10x_flash.c...
compiling stm32f10x_fsmc.c...
compiling stm32f10x_gpio.c...
compiling stm32f10x_i2c.c...
compiling stm32f10x_iwdg.c...
compiling stm32f10x_pwr.c...
compiling stm32f10x_rcc.c...
compiling stm32f10x_rtc.c...
compiling stm32f10x_sdio.c...
compiling stm32f10x_spi.c...
compiling stm32f10x_tim.c...
compiling stm32f10x_usart.c...
compiling stm32f10x_wwdg.c...
compiling main.c...
compiling stm32f10x_it.c...
compiling other.c...
compiling bsp_adc.c...
compiling bsp_ds18b20.c...
compiling bsp_led.c...
compiling bsp_SysTick.c...
compiling bsp_usart1.c...
compiling bsp_can.c...
compiling tim.c...
compiling bsp_pwrcarrier.c...
linking...
Program Size: Code=8464 RO-data=336 RW-data=108 ZI-data=1028  
FromELF: creating hex file...
"..\..\Output\template.axf" - 0 Errors, 0 Warning(s).
Build target 'detector'
compiling stm32f10x_it.c...
linking...
Program Size: Code=8368 RO-data=336 RW-data=108 ZI-data=1028  
FromELF: creating hex file...
"..\..\Output\template.axf" - 0 Errors, 0 Warning(s).
Build target 'detector'
compiling main.c...
linking...
Program Size: Code=9644 RO-data=336 RW-data=108 ZI-data=1028  
FromELF: creating hex file...
"..\..\Output\template.axf" - 0 Errors, 0 Warning(s).
Build target 'detector'
compiling main.c...
compiling stm32f10x_it.c...
..\..\User\stm32f10x_it.c(143): error:  #20: identifier "tick" is undefined
"..\..\Output\template.axf" - 1 Errors, 0 Warning(s).
Target not created
Build target 'detector'
compiling main.c...
compiling stm32f10x_it.c...
linking...
Program Size: Code=9644 RO-data=336 RW-data=104 ZI-data=1024  
FromELF: creating hex file...
"..\..\Output\template.axf" - 0 Errors, 0 Warning(s).
Build target 'detector'
compiling main.c...
linking...
Program Size: Code=9752 RO-data=336 RW-data=104 ZI-data=1024  
FromELF: creating hex file...
"..\..\Output\template.axf" - 0 Errors, 0 Warning(s).
Build target 'detector'
compiling main.c...
linking...
Program Size: Code=9760 RO-data=336 RW-data=104 ZI-data=1024  
FromELF: creating hex file...
"..\..\Output\template.axf" - 0 Errors, 0 Warning(s).
Build target 'detector'
compiling main.c...
linking...
Program Size: Code=9712 RO-data=336 RW-data=104 ZI-data=1024  
FromELF: creating hex file...
"..\..\Output\template.axf" - 0 Errors, 0 Warning(s).
Build target 'detector'
compiling main.c...
linking...
Program Size: Code=9192 RO-data=336 RW-data=104 ZI-data=1024  
FromELF: creating hex file...
"..\..\Output\template.axf" - 0 Errors, 0 Warning(s).
Build target 'detector'
compiling main.c...
linking...
Program Size: Code=9184 RO-data=336 RW-data=104 ZI-data=1024  
FromELF: creating hex file...
"..\..\Output\template.axf" - 0 Errors, 0 Warning(s).
Build target 'detector'
compiling main.c...
linking...
Program Size: Code=9204 RO-data=336 RW-data=104 ZI-data=1024  
FromELF: creating hex file...
"..\..\Output\template.axf" - 0 Errors, 0 Warning(s).
Build target 'detector'
compiling main.c...
compiling stm32f10x_it.c...
linking...
Program Size: Code=9204 RO-data=336 RW-data=108 ZI-data=1028  
FromELF: creating hex file...
"..\..\Output\template.axf" - 0 Errors, 0 Warning(s).
Build target 'detector'
compiling main.c...
linking...
Program Size: Code=9216 RO-data=336 RW-data=108 ZI-data=1028  
FromELF: creating hex file...
"..\..\Output\template.axf" - 0 Errors, 0 Warning(s).
Build target 'detector'
compiling main.c...
compiling stm32f10x_it.c...
linking...
Program Size: Code=9216 RO-data=336 RW-data=108 ZI-data=1028  
FromELF: creating hex file...
"..\..\Output\template.axf" - 0 Errors, 0 Warning(s).
Build target 'detector'
compiling bsp_usart1.c...
linking...
Program Size: Code=9216 RO-data=336 RW-data=108 ZI-data=1028  
FromELF: creating hex file...
"..\..\Output\template.axf" - 0 Errors, 0 Warning(s).
Build target 'detector'
compiling stm32f10x_it.c...
compiling bsp_SysTick.c...
linking...
Program Size: Code=9204 RO-data=336 RW-data=108 ZI-data=1028  
FromELF: creating hex file...
"..\..\Output\template.axf" - 0 Errors, 0 Warning(s).
Build target 'detector'
compiling main.c...
compiling stm32f10x_it.c...
compiling bsp_ds18b20.c...
compiling bsp_SysTick.c...
linking...
Program Size: Code=9272 RO-data=336 RW-data=108 ZI-data=1028  
FromELF: creating hex file...
"..\..\Output\template.axf" - 0 Errors, 0 Warning(s).
Build target 'detector'
compiling main.c...
linking...
Program Size: Code=9196 RO-data=336 RW-data=108 ZI-data=1028  
FromELF: creating hex file...
"..\..\Output\template.axf" - 0 Errors, 0 Warning(s).
Build target 'detector'
compiling main.c...
linking...
Program Size: Code=9684 RO-data=336 RW-data=108 ZI-data=1028  
FromELF: creating hex file...
"..\..\Output\template.axf" - 0 Errors, 0 Warning(s).
Build target 'detector'
compiling main.c...
linking...
Program Size: Code=9684 RO-data=336 RW-data=108 ZI-data=1028  
FromELF: creating hex file...
"..\..\Output\template.axf" - 0 Errors, 0 Warning(s).
Load "..\\..\\Output\\template.axf" 
Erase Done.
Programming Done.
Verify OK.
Application running ...
Build target 'detector'
compiling main.c...
compiling stm32f10x_it.c...
linking...
Program Size: Code=9764 RO-data=336 RW-data=108 ZI-data=1028  
FromELF: creating hex file...
"..\..\Output\template.axf" - 0 Errors, 0 Warning(s).
Load "..\\..\\Output\\template.axf" 
Erase Done.
Programming Done.
Verify OK.
Application running ...
