ARM Linker, 5.03 [Build 76] [MDK-ARM Standard]

==============================================================================

Section Cross References

    startup_stm32f10x_hd.o(RESET) refers to startup_stm32f10x_hd.o(STACK) for __initial_sp
    startup_stm32f10x_hd.o(RESET) refers to startup_stm32f10x_hd.o(.text) for Reset_Handler
    startup_stm32f10x_hd.o(RESET) refers to stm32f10x_it.o(i.NMI_Handler) for NMI_Handler
    startup_stm32f10x_hd.o(RESET) refers to stm32f10x_it.o(i.HardFault_Handler) for HardFault_Handler
    startup_stm32f10x_hd.o(RESET) refers to stm32f10x_it.o(i.MemManage_Handler) for MemManage_Handler
    startup_stm32f10x_hd.o(RESET) refers to stm32f10x_it.o(i.BusFault_Handler) for BusFault_Handler
    startup_stm32f10x_hd.o(RESET) refers to stm32f10x_it.o(i.UsageFault_Handler) for UsageFault_Handler
    startup_stm32f10x_hd.o(RESET) refers to stm32f10x_it.o(i.SVC_Handler) for SVC_Handler
    startup_stm32f10x_hd.o(RESET) refers to stm32f10x_it.o(i.DebugMon_Handler) for DebugMon_Handler
    startup_stm32f10x_hd.o(RESET) refers to stm32f10x_it.o(i.PendSV_Handler) for PendSV_Handler
    startup_stm32f10x_hd.o(RESET) refers to stm32f10x_it.o(i.SysTick_Handler) for SysTick_Handler
    startup_stm32f10x_hd.o(RESET) refers to bsp_usart1.o(i.USART1_IRQHandler) for USART1_IRQHandler
    startup_stm32f10x_hd.o(.text) refers to system_stm32f10x.o(i.SystemInit) for SystemInit
    startup_stm32f10x_hd.o(.text) refers to entry.o(.ARM.Collect$$$$00000000) for __main
    system_stm32f10x.o(i.SetSysClock) refers to system_stm32f10x.o(i.SetSysClockTo72) for SetSysClockTo72
    system_stm32f10x.o(i.SystemCoreClockUpdate) refers to system_stm32f10x.o(.data) for SystemCoreClock
    system_stm32f10x.o(i.SystemInit) refers to system_stm32f10x.o(i.SetSysClock) for SetSysClock
    stm32f10x_adc.o(i.ADC_DeInit) refers to stm32f10x_rcc.o(i.RCC_APB2PeriphResetCmd) for RCC_APB2PeriphResetCmd
    stm32f10x_bkp.o(i.BKP_DeInit) refers to stm32f10x_rcc.o(i.RCC_BackupResetCmd) for RCC_BackupResetCmd
    stm32f10x_can.o(i.CAN_DeInit) refers to stm32f10x_rcc.o(i.RCC_APB1PeriphResetCmd) for RCC_APB1PeriphResetCmd
    stm32f10x_can.o(i.CAN_GetITStatus) refers to stm32f10x_can.o(i.CheckITStatus) for CheckITStatus
    stm32f10x_cec.o(i.CEC_DeInit) refers to stm32f10x_rcc.o(i.RCC_APB1PeriphResetCmd) for RCC_APB1PeriphResetCmd
    stm32f10x_dac.o(i.DAC_DeInit) refers to stm32f10x_rcc.o(i.RCC_APB1PeriphResetCmd) for RCC_APB1PeriphResetCmd
    stm32f10x_flash.o(i.FLASH_EnableWriteProtection) refers to stm32f10x_flash.o(i.FLASH_WaitForLastOperation) for FLASH_WaitForLastOperation
    stm32f10x_flash.o(i.FLASH_EraseAllBank1Pages) refers to stm32f10x_flash.o(i.FLASH_WaitForLastBank1Operation) for FLASH_WaitForLastBank1Operation
    stm32f10x_flash.o(i.FLASH_EraseAllPages) refers to stm32f10x_flash.o(i.FLASH_WaitForLastOperation) for FLASH_WaitForLastOperation
    stm32f10x_flash.o(i.FLASH_EraseOptionBytes) refers to stm32f10x_flash.o(i.FLASH_GetReadOutProtectionStatus) for FLASH_GetReadOutProtectionStatus
    stm32f10x_flash.o(i.FLASH_EraseOptionBytes) refers to stm32f10x_flash.o(i.FLASH_WaitForLastOperation) for FLASH_WaitForLastOperation
    stm32f10x_flash.o(i.FLASH_ErasePage) refers to stm32f10x_flash.o(i.FLASH_WaitForLastOperation) for FLASH_WaitForLastOperation
    stm32f10x_flash.o(i.FLASH_ProgramHalfWord) refers to stm32f10x_flash.o(i.FLASH_WaitForLastOperation) for FLASH_WaitForLastOperation
    stm32f10x_flash.o(i.FLASH_ProgramOptionByteData) refers to stm32f10x_flash.o(i.FLASH_WaitForLastOperation) for FLASH_WaitForLastOperation
    stm32f10x_flash.o(i.FLASH_ProgramWord) refers to stm32f10x_flash.o(i.FLASH_WaitForLastOperation) for FLASH_WaitForLastOperation
    stm32f10x_flash.o(i.FLASH_ReadOutProtection) refers to stm32f10x_flash.o(i.FLASH_WaitForLastOperation) for FLASH_WaitForLastOperation
    stm32f10x_flash.o(i.FLASH_UserOptionByteConfig) refers to stm32f10x_flash.o(i.FLASH_WaitForLastOperation) for FLASH_WaitForLastOperation
    stm32f10x_flash.o(i.FLASH_WaitForLastBank1Operation) refers to stm32f10x_flash.o(i.FLASH_GetBank1Status) for FLASH_GetBank1Status
    stm32f10x_flash.o(i.FLASH_WaitForLastOperation) refers to stm32f10x_flash.o(i.FLASH_GetBank1Status) for FLASH_GetBank1Status
    stm32f10x_gpio.o(i.GPIO_AFIODeInit) refers to stm32f10x_rcc.o(i.RCC_APB2PeriphResetCmd) for RCC_APB2PeriphResetCmd
    stm32f10x_gpio.o(i.GPIO_DeInit) refers to stm32f10x_rcc.o(i.RCC_APB2PeriphResetCmd) for RCC_APB2PeriphResetCmd
    stm32f10x_i2c.o(i.I2C_DeInit) refers to stm32f10x_rcc.o(i.RCC_APB1PeriphResetCmd) for RCC_APB1PeriphResetCmd
    stm32f10x_i2c.o(i.I2C_Init) refers to stm32f10x_rcc.o(i.RCC_GetClocksFreq) for RCC_GetClocksFreq
    stm32f10x_pwr.o(i.PWR_DeInit) refers to stm32f10x_rcc.o(i.RCC_APB1PeriphResetCmd) for RCC_APB1PeriphResetCmd
    stm32f10x_rcc.o(i.RCC_GetClocksFreq) refers to stm32f10x_rcc.o(.data) for APBAHBPrescTable
[...]
    Removing stm32f10x_flash.o(i.FLASH_ProgramWord), (108 bytes).
    Removing stm32f10x_flash.o(i.FLASH_ReadOutProtection), (172 bytes).
    Removing stm32f10x_flash.o(i.FLASH_SetLatency), (24 bytes).
    Removing stm32f10x_flash.o(i.FLASH_Unlock), (24 bytes).
    Removing stm32f10x_flash.o(i.FLASH_UnlockBank1), (24 bytes).
    Removing stm32f10x_flash.o(i.FLASH_UserOptionByteConfig), (104 bytes).
    Removing stm32f10x_flash.o(i.FLASH_WaitForLastBank1Operation), (38 bytes).
    Removing stm32f10x_flash.o(i.FLASH_WaitForLastOperation), (38 bytes).
    Removing stm32f10x_fsmc.o(i.FSMC_ClearFlag), (72 bytes).
    Removing stm32f10x_fsmc.o(i.FSMC_ClearITPendingBit), (72 bytes).
    Removing stm32f10x_fsmc.o(i.FSMC_GetECC), (28 bytes).
    Removing stm32f10x_fsmc.o(i.FSMC_GetFlagStatus), (56 bytes).
    Removing stm32f10x_fsmc.o(i.FSMC_GetITStatus), (68 bytes).
    Removing stm32f10x_fsmc.o(i.FSMC_ITConfig), (136 bytes).
    Removing stm32f10x_fsmc.o(i.FSMC_NANDCmd), (92 bytes).
    Removing stm32f10x_fsmc.o(i.FSMC_NANDDeInit), (72 bytes).
    Removing stm32f10x_fsmc.o(i.FSMC_NANDECCCmd), (92 bytes).
    Removing stm32f10x_fsmc.o(i.FSMC_NANDInit), (140 bytes).
    Removing stm32f10x_fsmc.o(i.FSMC_NANDStructInit), (54 bytes).
    Removing stm32f10x_fsmc.o(i.FSMC_NORSRAMCmd), (52 bytes).
    Removing stm32f10x_fsmc.o(i.FSMC_NORSRAMDeInit), (56 bytes).
    Removing stm32f10x_fsmc.o(i.FSMC_NORSRAMInit), (224 bytes).
    Removing stm32f10x_fsmc.o(i.FSMC_NORSRAMStructInit), (114 bytes).
    Removing stm32f10x_fsmc.o(i.FSMC_PCCARDCmd), (48 bytes).
    Removing stm32f10x_fsmc.o(i.FSMC_PCCARDDeInit), (48 bytes).
    Removing stm32f10x_fsmc.o(i.FSMC_PCCARDInit), (136 bytes).
    Removing stm32f10x_fsmc.o(i.FSMC_PCCARDStructInit), (60 bytes).
    Removing stm32f10x_gpio.o(i.GPIO_AFIODeInit), (20 bytes).
    Removing stm32f10x_gpio.o(i.GPIO_DeInit), (200 bytes).
    Removing stm32f10x_gpio.o(i.GPIO_ETH_MediaInterfaceConfig), (12 bytes).
    Removing stm32f10x_gpio.o(i.GPIO_EXTILineConfig), (64 bytes).
    Removing stm32f10x_gpio.o(i.GPIO_EventOutputCmd), (12 bytes).
    Removing stm32f10x_gpio.o(i.GPIO_EventOutputConfig), (32 bytes).
    Removing stm32f10x_gpio.o(i.GPIO_PinLockConfig), (18 bytes).
    Removing stm32f10x_gpio.o(i.GPIO_PinRemapConfig), (144 bytes).
    Removing stm32f10x_gpio.o(i.GPIO_ReadOutputData), (8 bytes).
    Removing stm32f10x_gpio.o(i.GPIO_ReadOutputDataBit), (18 bytes).
    Removing stm32f10x_gpio.o(i.GPIO_StructInit), (16 bytes).
    Removing stm32f10x_gpio.o(i.GPIO_Write), (4 bytes).
    Removing stm32f10x_gpio.o(i.GPIO_WriteBit), (10 bytes).
    Removing stm32f10x_i2c.o(i.I2C_ARPCmd), (24 bytes).
    Removing stm32f10x_i2c.o(i.I2C_AcknowledgeConfig), (24 bytes).
    Removing stm32f10x_i2c.o(i.I2C_CalculatePEC), (24 bytes).
    Removing stm32f10x_i2c.o(i.I2C_CheckEvent), (42 bytes).
    Removing stm32f10x_i2c.o(i.I2C_ClearFlag), (12 bytes).
    Removing stm32f10x_i2c.o(i.I2C_ClearITPendingBit), (12 bytes).
    Removing stm32f10x_i2c.o(i.I2C_Cmd), (24 bytes).
    Removing stm32f10x_i2c.o(i.I2C_DMACmd), (24 bytes).
    Removing stm32f10x_i2c.o(i.I2C_DMALastTransferCmd), (24 bytes).
    Removing stm32f10x_i2c.o(i.I2C_DeInit), (56 bytes).
    Removing stm32f10x_i2c.o(i.I2C_DualAddressCmd), (24 bytes).
    Removing stm32f10x_i2c.o(i.I2C_FastModeDutyCycleConfig), (28 bytes).
    Removing stm32f10x_i2c.o(i.I2C_GeneralCallCmd), (24 bytes).
    Removing stm32f10x_i2c.o(i.I2C_GenerateSTART), (24 bytes).
    Removing stm32f10x_i2c.o(i.I2C_GenerateSTOP), (24 bytes).
    Removing stm32f10x_i2c.o(i.I2C_GetFlagStatus), (58 bytes).
    Removing stm32f10x_i2c.o(i.I2C_GetITStatus), (38 bytes).
    Removing stm32f10x_i2c.o(i.I2C_GetLastEvent), (26 bytes).
    Removing stm32f10x_i2c.o(i.I2C_GetPEC), (8 bytes).
    Removing stm32f10x_i2c.o(i.I2C_ITConfig), (18 bytes).
    Removing stm32f10x_i2c.o(i.I2C_Init), (236 bytes).
    Removing stm32f10x_i2c.o(i.I2C_NACKPositionConfig), (28 bytes).
    Removing stm32f10x_i2c.o(i.I2C_OwnAddress2Config), (22 bytes).
    Removing stm32f10x_i2c.o(i.I2C_PECPositionConfig), (28 bytes).
    Removing stm32f10x_i2c.o(i.I2C_ReadRegister), (22 bytes).
    Removing stm32f10x_i2c.o(i.I2C_ReceiveData), (8 bytes).
    Removing stm32f10x_i2c.o(i.I2C_SMBusAlertConfig), (28 bytes).
    Removing stm32f10x_i2c.o(i.I2C_Send7bitAddress), (18 bytes).
    Removing stm32f10x_i2c.o(i.I2C_SendData), (4 bytes).
    Removing stm32f10x_i2c.o(i.I2C_SoftwareResetCmd), (22 bytes).
    Removing stm32f10x_i2c.o(i.I2C_StretchClockCmd), (24 bytes).
    Removing stm32f10x_i2c.o(i.I2C_StructInit), (30 bytes).
    Removing stm32f10x_i2c.o(i.I2C_TransmitPEC), (24 bytes).
    Removing stm32f10x_iwdg.o(i.IWDG_Enable), (16 bytes).
    Removing stm32f10x_iwdg.o(i.IWDG_GetFlagStatus), (24 bytes).
    Removing stm32f10x_iwdg.o(i.IWDG_ReloadCounter), (16 bytes).
    Removing stm32f10x_iwdg.o(i.IWDG_SetPrescaler), (12 bytes).
    Removing stm32f10x_iwdg.o(i.IWDG_SetReload), (12 bytes).
    Removing stm32f10x_iwdg.o(i.IWDG_WriteAccessCmd), (12 bytes).
    Removing stm32f10x_pwr.o(i.PWR_BackupAccessCmd), (12 bytes).
    Removing stm32f10x_pwr.o(i.PWR_ClearFlag), (20 bytes).
    Removing stm32f10x_pwr.o(i.PWR_DeInit), (22 bytes).
    Removing stm32f10x_pwr.o(i.PWR_EnterSTANDBYMode), (52 bytes).
    Removing stm32f10x_pwr.o(i.PWR_EnterSTOPMode), (64 bytes).
    Removing stm32f10x_pwr.o(i.PWR_GetFlagStatus), (24 bytes).
    Removing stm32f10x_pwr.o(i.PWR_PVDCmd), (12 bytes).
    Removing stm32f10x_pwr.o(i.PWR_PVDLevelConfig), (24 bytes).
    Removing stm32f10x_pwr.o(i.PWR_WakeUpPinCmd), (12 bytes).
    Removing stm32f10x_rcc.o(i.RCC_ADCCLKConfig), (24 bytes).
    Removing stm32f10x_rcc.o(i.RCC_AHBPeriphClockCmd), (32 bytes).
    Removing stm32f10x_rcc.o(i.RCC_APB1PeriphClockCmd), (32 bytes).
    Removing stm32f10x_rcc.o(i.RCC_APB1PeriphResetCmd), (32 bytes).
    Removing stm32f10x_rcc.o(i.RCC_APB2PeriphResetCmd), (32 bytes).
    Removing stm32f10x_rcc.o(i.RCC_AdjustHSICalibrationValue), (24 bytes).
    Removing stm32f10x_rcc.o(i.RCC_BackupResetCmd), (12 bytes).
    Removing stm32f10x_rcc.o(i.RCC_ClearFlag), (20 bytes).
    Removing stm32f10x_rcc.o(i.RCC_ClearITPendingBit), (12 bytes).
    Removing stm32f10x_rcc.o(i.RCC_ClockSecuritySystemCmd), (12 bytes).
    Removing stm32f10x_rcc.o(i.RCC_DeInit), (76 bytes).
    Removing stm32f10x_rcc.o(i.RCC_GetFlagStatus), (60 bytes).
    Removing stm32f10x_rcc.o(i.RCC_GetITStatus), (24 bytes).
    Removing stm32f10x_rcc.o(i.RCC_GetSYSCLKSource), (16 bytes).
    Removing stm32f10x_rcc.o(i.RCC_HCLKConfig), (24 bytes).
    Removing stm32f10x_rcc.o(i.RCC_HSEConfig), (76 bytes).
    Removing stm32f10x_rcc.o(i.RCC_HSICmd), (12 bytes).
    Removing stm32f10x_rcc.o(i.RCC_ITConfig), (32 bytes).
    Removing stm32f10x_rcc.o(i.RCC_LSEConfig), (52 bytes).
    Removing stm32f10x_rcc.o(i.RCC_LSICmd), (12 bytes).
    Removing stm32f10x_rcc.o(i.RCC_MCOConfig), (12 bytes).
    Removing stm32f10x_rcc.o(i.RCC_PCLK1Config), (24 bytes).
    Removing stm32f10x_rcc.o(i.RCC_PCLK2Config), (24 bytes).
    Removing stm32f10x_rcc.o(i.RCC_PLLCmd), (12 bytes).
    Removing stm32f10x_rcc.o(i.RCC_PLLConfig), (28 bytes).
    Removing stm32f10x_rcc.o(i.RCC_RTCCLKCmd), (12 bytes).
    Removing stm32f10x_rcc.o(i.RCC_RTCCLKConfig), (16 bytes).
    Removing stm32f10x_rcc.o(i.RCC_SYSCLKConfig), (24 bytes).
    Removing stm32f10x_rcc.o(i.RCC_USBCLKConfig), (12 bytes).
    Removing stm32f10x_rcc.o(i.RCC_WaitForHSEStartUp), (56 bytes).
    Removing stm32f10x_rtc.o(i.RTC_ClearFlag), (16 bytes).
    Removing stm32f10x_rtc.o(i.RTC_ClearITPendingBit), (16 bytes).
    Removing stm32f10x_rtc.o(i.RTC_EnterConfigMode), (20 bytes).
    Removing stm32f10x_rtc.o(i.RTC_ExitConfigMode), (20 bytes).
    Removing stm32f10x_rtc.o(i.RTC_GetCounter), (20 bytes).
    Removing stm32f10x_rtc.o(i.RTC_GetDivider), (24 bytes).
    Removing stm32f10x_rtc.o(i.RTC_GetFlagStatus), (24 bytes).
    Removing stm32f10x_rtc.o(i.RTC_GetITStatus), (36 bytes).
    Removing stm32f10x_rtc.o(i.RTC_ITConfig), (32 bytes).
    Removing stm32f10x_rtc.o(i.RTC_SetAlarm), (28 bytes).
    Removing stm32f10x_rtc.o(i.RTC_SetCounter), (28 bytes).
    Removing stm32f10x_rtc.o(i.RTC_SetPrescaler), (32 bytes).
    Removing stm32f10x_rtc.o(i.RTC_WaitForLastTask), (20 bytes).
    Removing stm32f10x_rtc.o(i.RTC_WaitForSynchro), (32 bytes).
    Removing stm32f10x_sdio.o(i.SDIO_CEATAITCmd), (16 bytes).
    Removing stm32f10x_sdio.o(i.SDIO_ClearFlag), (12 bytes).
    Removing stm32f10x_sdio.o(i.SDIO_ClearITPendingBit), (12 bytes).
    Removing stm32f10x_sdio.o(i.SDIO_ClockCmd), (12 bytes).
    Removing stm32f10x_sdio.o(i.SDIO_CmdStructInit), (14 bytes).
    Removing stm32f10x_sdio.o(i.SDIO_CommandCompletionCmd), (12 bytes).
    Removing stm32f10x_sdio.o(i.SDIO_DMACmd), (12 bytes).
    Removing stm32f10x_sdio.o(i.SDIO_DataConfig), (48 bytes).
    Removing stm32f10x_sdio.o(i.SDIO_DataStructInit), (20 bytes).
    Removing stm32f10x_sdio.o(i.SDIO_DeInit), (36 bytes).
    Removing stm32f10x_sdio.o(i.SDIO_GetCommandResponse), (12 bytes).
    Removing stm32f10x_sdio.o(i.SDIO_GetDataCounter), (12 bytes).
    Removing stm32f10x_sdio.o(i.SDIO_GetFIFOCount), (12 bytes).
    Removing stm32f10x_sdio.o(i.SDIO_GetFlagStatus), (24 bytes).
    Removing stm32f10x_sdio.o(i.SDIO_GetITStatus), (24 bytes).
    Removing stm32f10x_sdio.o(i.SDIO_GetPowerState), (16 bytes).
    Removing stm32f10x_sdio.o(i.SDIO_GetResponse), (24 bytes).
    Removing stm32f10x_sdio.o(i.SDIO_ITConfig), (32 bytes).
    Removing stm32f10x_sdio.o(i.SDIO_Init), (48 bytes).
    Removing stm32f10x_sdio.o(i.SDIO_ReadData), (12 bytes).
    Removing stm32f10x_sdio.o(i.SDIO_SendCEATACmd), (12 bytes).
    Removing stm32f10x_sdio.o(i.SDIO_SendCommand), (44 bytes).
    Removing stm32f10x_sdio.o(i.SDIO_SendSDIOSuspendCmd), (12 bytes).
    Removing stm32f10x_sdio.o(i.SDIO_SetPowerState), (28 bytes).
    Removing stm32f10x_sdio.o(i.SDIO_SetSDIOOperation), (12 bytes).
    Removing stm32f10x_sdio.o(i.SDIO_SetSDIOReadWaitMode), (12 bytes).
    Removing stm32f10x_sdio.o(i.SDIO_StartSDIOReadWait), (12 bytes).
    Removing stm32f10x_sdio.o(i.SDIO_StopSDIOReadWait), (12 bytes).
    Removing stm32f10x_sdio.o(i.SDIO_StructInit), (16 bytes).
    Removing stm32f10x_sdio.o(i.SDIO_WriteData), (12 bytes).
    Removing stm32f10x_spi.o(i.I2S_Cmd), (24 bytes).
    Removing stm32f10x_spi.o(i.I2S_Init), (232 bytes).
    Removing stm32f10x_spi.o(i.I2S_StructInit), (20 bytes).
    Removing stm32f10x_spi.o(i.SPI_BiDirectionalLineConfig), (28 bytes).
    Removing stm32f10x_spi.o(i.SPI_CalculateCRC), (24 bytes).
    Removing stm32f10x_spi.o(i.SPI_Cmd), (24 bytes).
    Removing stm32f10x_spi.o(i.SPI_DataSizeConfig), (18 bytes).
    Removing stm32f10x_spi.o(i.SPI_GetCRC), (16 bytes).
    Removing stm32f10x_spi.o(i.SPI_GetCRCPolynomial), (6 bytes).
    Removing stm32f10x_spi.o(i.SPI_I2S_ClearFlag), (6 bytes).
    Removing stm32f10x_spi.o(i.SPI_I2S_ClearITPendingBit), (20 bytes).
    Removing stm32f10x_spi.o(i.SPI_I2S_DMACmd), (18 bytes).
    Removing stm32f10x_spi.o(i.SPI_I2S_DeInit), (88 bytes).
    Removing stm32f10x_spi.o(i.SPI_I2S_GetFlagStatus), (18 bytes).
    Removing stm32f10x_spi.o(i.SPI_I2S_GetITStatus), (52 bytes).
    Removing stm32f10x_spi.o(i.SPI_I2S_ITConfig), (32 bytes).
    Removing stm32f10x_spi.o(i.SPI_I2S_ReceiveData), (6 bytes).
    Removing stm32f10x_spi.o(i.SPI_I2S_SendData), (4 bytes).
    Removing stm32f10x_spi.o(i.SPI_Init), (60 bytes).
    Removing stm32f10x_spi.o(i.SPI_NSSInternalSoftwareConfig), (30 bytes).
    Removing stm32f10x_spi.o(i.SPI_SSOutputCmd), (24 bytes).
    Removing stm32f10x_spi.o(i.SPI_StructInit), (24 bytes).
    Removing stm32f10x_spi.o(i.SPI_TransmitCRC), (10 bytes).
    Removing stm32f10x_tim.o(i.TI1_Config), (128 bytes).
    Removing stm32f10x_tim.o(i.TI2_Config), (152 bytes).
    Removing stm32f10x_tim.o(i.TI3_Config), (144 bytes).
    Removing stm32f10x_tim.o(i.TI4_Config), (152 bytes).
    Removing stm32f10x_tim.o(i.TIM_ARRPreloadConfig), (24 bytes).
    Removing stm32f10x_tim.o(i.TIM_BDTRConfig), (32 bytes).
    Removing stm32f10x_tim.o(i.TIM_BDTRStructInit), (18 bytes).
    Removing stm32f10x_tim.o(i.TIM_CCPreloadControl), (24 bytes).
    Removing stm32f10x_tim.o(i.TIM_CCxCmd), (30 bytes).
    Removing stm32f10x_tim.o(i.TIM_CCxNCmd), (30 bytes).
    Removing stm32f10x_tim.o(i.TIM_ClearFlag), (6 bytes).
    Removing stm32f10x_tim.o(i.TIM_ClearITPendingBit), (6 bytes).
    Removing stm32f10x_tim.o(i.TIM_ClearOC1Ref), (18 bytes).
    Removing stm32f10x_tim.o(i.TIM_ClearOC2Ref), (24 bytes).
    Removing stm32f10x_tim.o(i.TIM_ClearOC3Ref), (18 bytes).
    Removing stm32f10x_tim.o(i.TIM_ClearOC4Ref), (24 bytes).
    Removing stm32f10x_tim.o(i.TIM_Cmd), (24 bytes).
    Removing stm32f10x_tim.o(i.TIM_CounterModeConfig), (18 bytes).
    Removing stm32f10x_tim.o(i.TIM_CtrlPWMOutputs), (30 bytes).
    Removing stm32f10x_tim.o(i.TIM_DMACmd), (18 bytes).
    Removing stm32f10x_tim.o(i.TIM_DMAConfig), (10 bytes).
    Removing stm32f10x_tim.o(i.TIM_DeInit), (488 bytes).
    Removing stm32f10x_tim.o(i.TIM_ETRClockMode1Config), (54 bytes).
    Removing stm32f10x_tim.o(i.TIM_ETRClockMode2Config), (32 bytes).
    Removing stm32f10x_tim.o(i.TIM_ETRConfig), (28 bytes).
    Removing stm32f10x_tim.o(i.TIM_EncoderInterfaceConfig), (66 bytes).
    Removing stm32f10x_tim.o(i.TIM_ForcedOC1Config), (18 bytes).
    Removing stm32f10x_tim.o(i.TIM_ForcedOC2Config), (26 bytes).
    Removing stm32f10x_tim.o(i.TIM_ForcedOC3Config), (18 bytes).
    Removing stm32f10x_tim.o(i.TIM_ForcedOC4Config), (26 bytes).
    Removing stm32f10x_tim.o(i.TIM_GenerateEvent), (4 bytes).
    Removing stm32f10x_tim.o(i.TIM_GetCapture1), (6 bytes).
    Removing stm32f10x_tim.o(i.TIM_GetCapture2), (6 bytes).
    Removing stm32f10x_tim.o(i.TIM_GetCapture3), (6 bytes).
    Removing stm32f10x_tim.o(i.TIM_GetCapture4), (8 bytes).
    Removing stm32f10x_tim.o(i.TIM_GetCounter), (6 bytes).
    Removing stm32f10x_tim.o(i.TIM_GetFlagStatus), (18 bytes).
    Removing stm32f10x_tim.o(i.TIM_GetITStatus), (34 bytes).
    Removing stm32f10x_tim.o(i.TIM_GetPrescaler), (6 bytes).
    Removing stm32f10x_tim.o(i.TIM_ICInit), (172 bytes).
    Removing stm32f10x_tim.o(i.TIM_ICStructInit), (18 bytes).
    Removing stm32f10x_tim.o(i.TIM_ITConfig), (18 bytes).
    Removing stm32f10x_tim.o(i.TIM_ITRxExternalClockConfig), (24 bytes).
    Removing stm32f10x_tim.o(i.TIM_InternalClockConfig), (12 bytes).
    Removing stm32f10x_tim.o(i.TIM_OC1FastConfig), (18 bytes).
    Removing stm32f10x_tim.o(i.TIM_OC1Init), (152 bytes).
    Removing stm32f10x_tim.o(i.TIM_OC1NPolarityConfig), (18 bytes).
    Removing stm32f10x_tim.o(i.TIM_OC1PolarityConfig), (18 bytes).
    Removing stm32f10x_tim.o(i.TIM_OC1PreloadConfig), (18 bytes).
    Removing stm32f10x_tim.o(i.TIM_OC2FastConfig), (26 bytes).
    Removing stm32f10x_tim.o(i.TIM_OC2Init), (164 bytes).
    Removing stm32f10x_tim.o(i.TIM_OC2NPolarityConfig), (26 bytes).
    Removing stm32f10x_tim.o(i.TIM_OC2PolarityConfig), (26 bytes).
    Removing stm32f10x_tim.o(i.TIM_OC2PreloadConfig), (26 bytes).
    Removing stm32f10x_tim.o(i.TIM_OC3FastConfig), (18 bytes).
    Removing stm32f10x_tim.o(i.TIM_OC3Init), (160 bytes).
    Removing stm32f10x_tim.o(i.TIM_OC3NPolarityConfig), (26 bytes).
    Removing stm32f10x_tim.o(i.TIM_OC3PolarityConfig), (26 bytes).
    Removing stm32f10x_tim.o(i.TIM_OC3PreloadConfig), (18 bytes).
    Removing stm32f10x_tim.o(i.TIM_OC4FastConfig), (26 bytes).
    Removing stm32f10x_tim.o(i.TIM_OC4Init), (124 bytes).
    Removing stm32f10x_tim.o(i.TIM_OC4PolarityConfig), (26 bytes).
    Removing stm32f10x_tim.o(i.TIM_OC4PreloadConfig), (26 bytes).
    Removing stm32f10x_tim.o(i.TIM_OCStructInit), (20 bytes).
    Removing stm32f10x_tim.o(i.TIM_PWMIConfig), (124 bytes).
    Removing stm32f10x_tim.o(i.TIM_PrescalerConfig), (6 bytes).
    Removing stm32f10x_tim.o(i.TIM_SelectCCDMA), (24 bytes).
    Removing stm32f10x_tim.o(i.TIM_SelectCOM), (24 bytes).
    Removing stm32f10x_tim.o(i.TIM_SelectHallSensor), (24 bytes).
    Removing stm32f10x_tim.o(i.TIM_SelectInputTrigger), (18 bytes).
    Removing stm32f10x_tim.o(i.TIM_SelectMasterSlaveMode), (18 bytes).
    Removing stm32f10x_tim.o(i.TIM_SelectOCxM), (82 bytes).
    Removing stm32f10x_tim.o(i.TIM_SelectOnePulseMode), (18 bytes).
    Removing stm32f10x_tim.o(i.TIM_SelectOutputTrigger), (18 bytes).
    Removing stm32f10x_tim.o(i.TIM_SelectSlaveMode), (18 bytes).
    Removing stm32f10x_tim.o(i.TIM_SetAutoreload), (4 bytes).
    Removing stm32f10x_tim.o(i.TIM_SetClockDivision), (18 bytes).
    Removing stm32f10x_tim.o(i.TIM_SetCompare1), (4 bytes).
    Removing stm32f10x_tim.o(i.TIM_SetCompare2), (4 bytes).
    Removing stm32f10x_tim.o(i.TIM_SetCompare3), (4 bytes).
    Removing stm32f10x_tim.o(i.TIM_SetCompare4), (6 bytes).
    Removing stm32f10x_tim.o(i.TIM_SetCounter), (4 bytes).
    Removing stm32f10x_tim.o(i.TIM_SetIC1Prescaler), (18 bytes).
    Removing stm32f10x_tim.o(i.TIM_SetIC2Prescaler), (26 bytes).
    Removing stm32f10x_tim.o(i.TIM_SetIC3Prescaler), (18 bytes).
    Removing stm32f10x_tim.o(i.TIM_SetIC4Prescaler), (26 bytes).
    Removing stm32f10x_tim.o(i.TIM_TIxExternalClockConfig), (62 bytes).
    Removing stm32f10x_tim.o(i.TIM_TimeBaseInit), (164 bytes).
    Removing stm32f10x_tim.o(i.TIM_TimeBaseStructInit), (18 bytes).
    Removing stm32f10x_tim.o(i.TIM_UpdateDisableConfig), (24 bytes).
    Removing stm32f10x_tim.o(i.TIM_UpdateRequestConfig), (24 bytes).
    Removing stm32f10x_usart.o(i.USART_ClearFlag), (18 bytes).
    Removing stm32f10x_usart.o(i.USART_ClearITPendingBit), (30 bytes).
    Removing stm32f10x_usart.o(i.USART_ClockInit), (34 bytes).
    Removing stm32f10x_usart.o(i.USART_ClockStructInit), (12 bytes).
    Removing stm32f10x_usart.o(i.USART_DMACmd), (18 bytes).
    Removing stm32f10x_usart.o(i.USART_DeInit), (156 bytes).
    Removing stm32f10x_usart.o(i.USART_HalfDuplexCmd), (24 bytes).
    Removing stm32f10x_usart.o(i.USART_IrDACmd), (24 bytes).
    Removing stm32f10x_usart.o(i.USART_IrDAConfig), (18 bytes).
    Removing stm32f10x_usart.o(i.USART_LINBreakDetectLengthConfig), (18 bytes).
    Removing stm32f10x_usart.o(i.USART_LINCmd), (24 bytes).
    Removing stm32f10x_usart.o(i.USART_OneBitMethodCmd), (24 bytes).
    Removing stm32f10x_usart.o(i.USART_OverSampling8Cmd), (22 bytes).
    Removing stm32f10x_usart.o(i.USART_ReceiverWakeUpCmd), (24 bytes).
    Removing stm32f10x_usart.o(i.USART_SendBreak), (10 bytes).
    Removing stm32f10x_usart.o(i.USART_SetAddress), (18 bytes).
    Removing stm32f10x_usart.o(i.USART_SetGuardTime), (16 bytes).
    Removing stm32f10x_usart.o(i.USART_SetPrescaler), (16 bytes).
    Removing stm32f10x_usart.o(i.USART_SmartCardCmd), (24 bytes).
    Removing stm32f10x_usart.o(i.USART_SmartCardNACKCmd), (24 bytes).
    Removing stm32f10x_usart.o(i.USART_StructInit), (24 bytes).
    Removing stm32f10x_usart.o(i.USART_WakeUpConfig), (18 bytes).
    Removing stm32f10x_wwdg.o(i.WWDG_ClearFlag), (12 bytes).
    Removing stm32f10x_wwdg.o(i.WWDG_DeInit), (22 bytes).
    Removing stm32f10x_wwdg.o(i.WWDG_Enable), (16 bytes).
    Removing stm32f10x_wwdg.o(i.WWDG_EnableIT), (12 bytes).
    Removing stm32f10x_wwdg.o(i.WWDG_GetFlagStatus), (12 bytes).
    Removing stm32f10x_wwdg.o(i.WWDG_SetCounter), (16 bytes).
    Removing stm32f10x_wwdg.o(i.WWDG_SetPrescaler), (24 bytes).
    Removing stm32f10x_wwdg.o(i.WWDG_SetWindowValue), (40 bytes).
    Removing bsp_led.o(i.LED_Delay), (18 bytes).
    Removing bsp_led.o(i.LED_Test), (68 bytes).
    Removing bsp_usart1.o(i.USART_SendString), (50 bytes).
    Removing bsp_usart1.o(i.fgetc), (32 bytes).
    Removing hmc5883l.o(i.Compute_and_Save), (288 bytes).
    Removing hmc5883l.o(i.Hard_Iron_Correction), (32 bytes).
    Removing hmc5883l.o(i.Initialize_Cal_Variables), (52 bytes).
    Removing rc522.o(i.CalulateCRC), (106 bytes).
    Removing rc522.o(i.PcdAuthState), (110 bytes).
    Removing rc522.o(i.PcdBakValue), (198 bytes).
    Removing rc522.o(i.PcdHalt), (52 bytes).
    Removing rc522.o(i.PcdRead), (84 bytes).
    Removing rc522.o(i.PcdSelect), (114 bytes).
    Removing rc522.o(i.PcdValue), (204 bytes).
    Removing rc522.o(i.PcdWrite), (146 bytes).

474 unused section(s) (total 20330 bytes) removed from the image.

==============================================================================

Image Symbol Table

    Local Symbols

    Symbol Name                              Value     Ov Type        Size  Object(Section)

    ../clib/microlib/division.c              0x00000000   Number         0  uldiv.o ABSOLUTE
    ../clib/microlib/division.c              0x00000000   Number         0  uidiv.o ABSOLUTE
    ../clib/microlib/errno.c                 0x00000000   Number         0  errno.o ABSOLUTE
    ../clib/microlib/init/entry.s            0x00000000   Number         0  entry8a.o ABSOLUTE
    ../clib/microlib/init/entry.s            0x00000000   Number         0  entry7b.o ABSOLUTE
    ../clib/microlib/init/entry.s            0x00000000   Number         0  entry7a.o ABSOLUTE
    ../clib/microlib/init/entry.s            0x00000000   Number         0  entry5.o ABSOLUTE
    ../clib/microlib/init/entry.s            0x00000000   Number         0  entry8b.o ABSOLUTE
    ../clib/microlib/init/entry.s            0x00000000   Number         0  entry9b.o ABSOLUTE
    ../clib/microlib/init/entry.s            0x00000000   Number         0  entry10a.o ABSOLUTE
    ../clib/microlib/init/entry.s            0x00000000   Number         0  entry10b.o ABSOLUTE
    ../clib/microlib/init/entry.s            0x00000000   Number         0  entry9a.o ABSOLUTE
    ../clib/microlib/init/entry.s            0x00000000   Number         0  entry2.o ABSOLUTE
    ../clib/microlib/init/entry.s            0x00000000   Number         0  entry11a.o ABSOLUTE
    ../clib/microlib/init/entry.s            0x00000000   Number         0  entry.o ABSOLUTE
    ../clib/microlib/init/entry.s            0x00000000   Number         0  entry11b.o ABSOLUTE
    ../clib/microlib/longlong.c              0x00000000   Number         0  llshl.o ABSOLUTE
    ../clib/microlib/longlong.c              0x00000000   Number         0  llushr.o ABSOLUTE
    ../clib/microlib/longlong.c              0x00000000   Number         0  llsshr.o ABSOLUTE
    ../clib/microlib/printf/printf.c         0x00000000   Number         0  printf7.o ABSOLUTE
    ../clib/microlib/printf/printf.c         0x00000000   Number         0  printf1.o ABSOLUTE
    ../clib/microlib/printf/printf.c         0x00000000   Number         0  printf0.o ABSOLUTE
    ../clib/microlib/printf/printf.c         0x00000000   Number         0  printf3.o ABSOLUTE
    ../clib/microlib/printf/printf.c         0x00000000   Number         0  printfb.o ABSOLUTE
    ../clib/microlib/printf/printf.c         0x00000000   Number         0  printf4.o ABSOLUTE
    ../clib/microlib/printf/printf.c         0x00000000   Number         0  printf5.o ABSOLUTE
    ../clib/microlib/printf/printf.c         0x00000000   Number         0  printfa.o ABSOLUTE
    ../clib/microlib/printf/printf.c         0x00000000   Number         0  printf8.o ABSOLUTE
    ../clib/microlib/printf/printf.c         0x00000000   Number         0  printf6.o ABSOLUTE
    ../clib/microlib/printf/printf.c         0x00000000   Number         0  printf2.o ABSOLUTE
    ../clib/microlib/printf/stubs.s          0x00000000   Number         0  stubs.o ABSOLUTE
    ../clib/microlib/stdio/streams.c         0x00000000   Number         0  stdout.o ABSOLUTE
    ../clib/microlib/string/memset.c         0x00000000   Number         0  memseta.o ABSOLUTE
    ../clib/microlib/stubs.s                 0x00000000   Number         0  iusefp.o ABSOLUTE
    ../fplib/microlib/d2f.c                  0x00000000   Number         0  d2f.o ABSOLUTE
    ../fplib/microlib/f2d.c                  0x00000000   Number         0  f2d.o ABSOLUTE
    ../fplib/microlib/fpadd.c                0x00000000   Number         0  fadd.o ABSOLUTE
    ../fplib/microlib/fpadd.c                0x00000000   Number         0  dadd.o ABSOLUTE
    ../fplib/microlib/fpdiv.c                0x00000000   Number         0  ddiv.o ABSOLUTE
    ../fplib/microlib/fpepilogue.c           0x00000000   Number         0  depilogue.o ABSOLUTE
    ../fplib/microlib/fpepilogue.c           0x00000000   Number         0  fepilogue.o ABSOLUTE
    ../fplib/microlib/fpfix.c                0x00000000   Number         0  dfixul.o ABSOLUTE
    ../fplib/microlib/fpfix.c                0x00000000   Number         0  ffixi.o ABSOLUTE
    ../fplib/microlib/fpflt.c                0x00000000   Number         0  fflti.o ABSOLUTE
    ../fplib/microlib/fpflt.c                0x00000000   Number         0  dflti.o ABSOLUTE
    ../fplib/microlib/fpmul.c                0x00000000   Number         0  dmul.o ABSOLUTE
    ../fplib/microlib/fpscalb.c              0x00000000   Number         0  dscalb.o ABSOLUTE
    ../mathlib/atan.c                        0x00000000   Number         0  atan.o ABSOLUTE
    ../mathlib/atan.c                        0x00000000   Number         0  atan_x.o ABSOLUTE
    ../mathlib/atan2.c                       0x00000000   Number         0  atan2.o ABSOLUTE
    ../mathlib/atan2.c                       0x00000000   Number         0  atan2_x.o ABSOLUTE
    ../mathlib/dunder.c                      0x00000000   Number         0  dunder.o ABSOLUTE
    ../mathlib/fpclassify.c                  0x00000000   Number         0  fpclassify.o ABSOLUTE
    ../mathlib/poly.c                        0x00000000   Number         0  poly.o ABSOLUTE
    ../mathlib/qnan.c                        0x00000000   Number         0  qnan.o ABSOLUTE
    ..\..\Libraries\CMSIS\core_cm3.c         0x00000000   Number         0  core_cm3.o ABSOLUTE
    ..\..\Libraries\CMSIS\startup\startup_stm32f10x_hd.s 0x00000000   Number         0  startup_stm32f10x_hd.o ABSOLUTE
    ..\..\Libraries\CMSIS\system_stm32f10x.c 0x00000000   Number         0  system_stm32f10x.o ABSOLUTE
    ..\..\Libraries\FWlib\src\misc.c         0x00000000   Number         0  misc.o ABSOLUTE
    ..\..\Libraries\FWlib\src\stm32f10x_adc.c 0x00000000   Number         0  stm32f10x_adc.o ABSOLUTE
    ..\..\Libraries\FWlib\src\stm32f10x_bkp.c 0x00000000   Number         0  stm32f10x_bkp.o ABSOLUTE
    ..\..\Libraries\FWlib\src\stm32f10x_can.c 0x00000000   Number         0  stm32f10x_can.o ABSOLUTE
    ..\..\Libraries\FWlib\src\stm32f10x_cec.c 0x00000000   Number         0  stm32f10x_cec.o ABSOLUTE
    ..\..\Libraries\FWlib\src\stm32f10x_crc.c 0x00000000   Number         0  stm32f10x_crc.o ABSOLUTE
    ..\..\Libraries\FWlib\src\stm32f10x_dac.c 0x00000000   Number         0  stm32f10x_dac.o ABSOLUTE
    ..\..\Libraries\FWlib\src\stm32f10x_dbgmcu.c 0x00000000   Number         0  stm32f10x_dbgmcu.o ABSOLUTE
    ..\..\Libraries\FWlib\src\stm32f10x_dma.c 0x00000000   Number         0  stm32f10x_dma.o ABSOLUTE
    ..\..\Libraries\FWlib\src\stm32f10x_exti.c 0x00000000   Number         0  stm32f10x_exti.o ABSOLUTE
    ..\..\Libraries\FWlib\src\stm32f10x_flash.c 0x00000000   Number         0  stm32f10x_flash.o ABSOLUTE
    ..\..\Libraries\FWlib\src\stm32f10x_fsmc.c 0x00000000   Number         0  stm32f10x_fsmc.o ABSOLUTE
    ..\..\Libraries\FWlib\src\stm32f10x_gpio.c 0x00000000   Number         0  stm32f10x_gpio.o ABSOLUTE
    ..\..\Libraries\FWlib\src\stm32f10x_i2c.c 0x00000000   Number         0  stm32f10x_i2c.o ABSOLUTE
    ..\..\Libraries\FWlib\src\stm32f10x_iwdg.c 0x00000000   Number         0  stm32f10x_iwdg.o ABSOLUTE
    ..\..\Libraries\FWlib\src\stm32f10x_pwr.c 0x00000000   Number         0  stm32f10x_pwr.o ABSOLUTE
    ..\..\Libraries\FWlib\src\stm32f10x_rcc.c 0x00000000   Number         0  stm32f10x_rcc.o ABSOLUTE
    ..\..\Libraries\FWlib\src\stm32f10x_rtc.c 0x00000000   Number         0  stm32f10x_rtc.o ABSOLUTE
    ..\..\Libraries\FWlib\src\stm32f10x_sdio.c 0x00000000   Number         0  stm32f10x_sdio.o ABSOLUTE
    ..\..\Libraries\FWlib\src\stm32f10x_spi.c 0x00000000   Number         0  stm32f10x_spi.o ABSOLUTE
    ..\..\Libraries\FWlib\src\stm32f10x_tim.c 0x00000000   Number         0  stm32f10x_tim.o ABSOLUTE
    ..\..\Libraries\FWlib\src\stm32f10x_usart.c 0x00000000   Number         0  stm32f10x_usart.o ABSOLUTE
    ..\..\Libraries\FWlib\src\stm32f10x_wwdg.c 0x00000000   Number         0  stm32f10x_wwdg.o ABSOLUTE
    ..\..\User\HMC5883L.c                    0x00000000   Number         0  hmc5883l.o ABSOLUTE
    ..\..\User\bsp_SysTick.c                 0x00000000   Number         0  bsp_systick.o ABSOLUTE
    ..\..\User\bsp_i2c_gpio.c                0x00000000   Number         0  bsp_i2c_gpio.o ABSOLUTE
    ..\..\User\bsp_led.c                     0x00000000   Number         0  bsp_led.o ABSOLUTE
    ..\..\User\bsp_usart1.c                  0x00000000   Number         0  bsp_usart1.o ABSOLUTE
    ..\..\User\main.c                        0x00000000   Number         0  main.o ABSOLUTE
    ..\..\User\other.c                       0x00000000   Number         0  other.o ABSOLUTE
    ..\..\User\rc522.c                       0x00000000   Number         0  rc522.o ABSOLUTE
    ..\..\User\stm32f10x_it.c                0x00000000   Number         0  stm32f10x_it.o ABSOLUTE
    ..\\..\\Libraries\\CMSIS\\core_cm3.c     0x00000000   Number         0  core_cm3.o ABSOLUTE
    cdcmple.s                                0x00000000   Number         0  cdcmple.o ABSOLUTE
    cdrcmple.s                               0x00000000   Number         0  cdrcmple.o ABSOLUTE
    dc.s                                     0x00000000   Number         0  dc.o ABSOLUTE
    handlers.s                               0x00000000   Number         0  handlers.o ABSOLUTE
    init.s                                   0x00000000   Number         0  init.o ABSOLUTE
    RESET                                    0x08000000   Section      304  startup_stm32f10x_hd.o(RESET)
    .ARM.Collect$$$$00000000                 0x08000130   Section        0  entry.o(.ARM.Collect$$$$00000000)
    .ARM.Collect$$$$00000001                 0x08000130   Section        4  entry2.o(.ARM.Collect$$$$00000001)
    .ARM.Collect$$$$00000004                 0x08000134   Section        4  entry5.o(.ARM.Collect$$$$00000004)
    .ARM.Collect$$$$00000008                 0x08000138   Section        0  entry7b.o(.ARM.Collect$$$$00000008)
    .ARM.Collect$$$$0000000A                 0x08000138   Section        0  entry8b.o(.ARM.Collect$$$$0000000A)
    .ARM.Collect$$$$0000000B                 0x08000138   Section        8  entry9a.o(.ARM.Collect$$$$0000000B)
    .ARM.Collect$$$$0000000D                 0x08000140   Section        0  entry10a.o(.ARM.Collect$$$$0000000D)
    .ARM.Collect$$$$0000000F                 0x08000140   Section        0  entry11a.o(.ARM.Collect$$$$0000000F)
    .ARM.Collect$$$$00002712                 0x08000140   Section        4  entry2.o(.ARM.Collect$$$$00002712)
    __lit__00000000                          0x08000140   Data           4  entry2.o(.ARM.Collect$$$$00002712)
    .text                                    0x08000144   Section       36  startup_stm32f10x_hd.o(.text)
    .text                                    0x08000168   Section        0  memseta.o(.text)
    .text                                    0x0800018c   Section        0  fadd.o(.text)
    .text                                    0x0800023c   Section        0  dadd.o(.text)
    .text                                    0x0800038a   Section        0  dmul.o(.text)
    .text                                    0x0800046e   Section        0  fflti.o(.text)
    .text                                    0x08000480   Section        0  dflti.o(.text)
    .text                                    0x080004a2   Section        0  ffixi.o(.text)
    .text                                    0x080004d4   Section        0  f2d.o(.text)
    .text                                    0x080004fc   Section       40  cdcmple.o(.text)
    .text                                    0x08000524   Section       40  cdrcmple.o(.text)
    .text                                    0x0800054c   Section        0  d2f.o(.text)
    .text                                    0x08000584   Section        0  uidiv.o(.text)
    .text                                    0x080005b0   Section        0  uldiv.o(.text)
    .text                                    0x08000612   Section        0  llshl.o(.text)
    .text                                    0x08000630   Section        0  llsshr.o(.text)
    .text                                    0x08000654   Section        0  iusefp.o(.text)
    .text                                    0x08000654   Section        0  fepilogue.o(.text)
    .text                                    0x080006c0   Section        0  depilogue.o(.text)
    .text                                    0x0800077e   Section        0  ddiv.o(.text)
    .text                                    0x0800085c   Section        0  dfixul.o(.text)
    .text                                    0x0800088c   Section       36  init.o(.text)
    .text                                    0x080008b0   Section        0  llushr.o(.text)
    .text                                    0x080008d0   Section        0  dscalb.o(.text)
    i.BusFault_Handler                       0x080008fe   Section        0  stm32f10x_it.o(i.BusFault_Handler)
    i.Calibrate                              0x08000904   Section        0  hmc5883l.o(i.Calibrate)
    i.ClearBitMask                           0x080009e0   Section        0  rc522.o(i.ClearBitMask)
    i.ClearPoint                             0x080009fc   Section        0  main.o(i.ClearPoint)
    i.DebugMon_Handler                       0x08000abc   Section        0  stm32f10x_it.o(i.DebugMon_Handler)
    i.Delay_us                               0x08000ac0   Section        0  bsp_systick.o(i.Delay_us)
    i.GPIO_Init                              0x08000ae8   Section        0  stm32f10x_gpio.o(i.GPIO_Init)
    i.GPIO_ReadInputData                     0x08000bfa   Section        0  stm32f10x_gpio.o(i.GPIO_ReadInputData)
    i.GPIO_ReadInputDataBit                  0x08000c02   Section        0  stm32f10x_gpio.o(i.GPIO_ReadInputDataBit)
    i.GPIO_ResetBits                         0x08000c14   Section        0  stm32f10x_gpio.o(i.GPIO_ResetBits)
    i.GPIO_SetBits                           0x08000c18   Section        0  stm32f10x_gpio.o(i.GPIO_SetBits)
    i.HMC5883L_Carlibrate                    0x08000c1c   Section        0  hmc5883l.o(i.HMC5883L_Carlibrate)
    i.HMC58X3_Offset                         0x08000d24   Section        0  hmc5883l.o(i.HMC58X3_Offset)
    i.HardFault_Handler                      0x08000e00   Section        0  stm32f10x_it.o(i.HardFault_Handler)
    i.IIC_ReadBytes                          0x08000e04   Section        0  bsp_i2c_gpio.o(i.IIC_ReadBytes)
    i.IIC_WriteBytes                         0x08000e74   Section        0  bsp_i2c_gpio.o(i.IIC_WriteBytes)
    i.Identify_HMC5883L                      0x08000ef4   Section        0  hmc5883l.o(i.Identify_HMC5883L)
    i.InitID                                 0x08000f78   Section        0  main.o(i.InitID)
    i.InitRC522                              0x08000fa4   Section        0  rc522.o(i.InitRC522)
    i.Init_HMC5883L                          0x08000fdc   Section        0  hmc5883l.o(i.Init_HMC5883L)
    i.Key_Config                             0x08001018   Section        0  main.o(i.Key_Config)
    i.LED_GPIO_Config                        0x08001044   Section        0  bsp_led.o(i.LED_GPIO_Config)
    i.MISO_IOTurn                            0x0800107c   Section        0  rc522.o(i.MISO_IOTurn)
    i.MemManage_Handler                      0x080010a8   Section        0  stm32f10x_it.o(i.MemManage_Handler)
    i.NMI_Handler                            0x080010ac   Section        0  stm32f10x_it.o(i.NMI_Handler)
    i.NVIC_Configuration                     0x080010ae   Section        0  main.o(i.NVIC_Configuration)
    i.NVIC_Init                              0x08001130   Section        0  misc.o(i.NVIC_Init)
    i.NVIC_PriorityGroupConfig               0x080011a4   Section        0  misc.o(i.NVIC_PriorityGroupConfig)
    i.Orientation                            0x080011b8   Section        0  main.o(i.Orientation)
    i.PcdAntennaOff                          0x0800155c   Section        0  rc522.o(i.PcdAntennaOff)
    i.PcdAntennaOn                           0x08001568   Section        0  rc522.o(i.PcdAntennaOn)
    i.PcdAnticoll                            0x08001582   Section        0  rc522.o(i.PcdAnticoll)
    i.PcdComMF522                            0x080015f2   Section        0  rc522.o(i.PcdComMF522)
    i.PcdRequest                             0x08001722   Section        0  rc522.o(i.PcdRequest)
    i.PcdReset                               0x08001778   Section        0  rc522.o(i.PcdReset)
    i.PendSV_Handler                         0x080017e0   Section        0  stm32f10x_it.o(i.PendSV_Handler)
    i.RCC_APB2PeriphClockCmd                 0x080017e4   Section        0  stm32f10x_rcc.o(i.RCC_APB2PeriphClockCmd)
    i.RCC_GetClocksFreq                      0x08001804   Section        0  stm32f10x_rcc.o(i.RCC_GetClocksFreq)
    i.RD_Card                                0x080018d8   Section        0  other.o(i.RD_Card)
    i.ReadID                                 0x08001924   Section        0  main.o(i.ReadID)
    i.ReadRawRC                              0x080019c0   Section        0  rc522.o(i.ReadRawRC)
    i.Read_HMC5883L                          0x08001a74   Section        0  hmc5883l.o(i.Read_HMC5883L)
    i.SPG0                                   0x08001c14   Section        0  other.o(i.SPG0)
    i.SPG1                                   0x08001d0c   Section        0  other.o(i.SPG1)
    i.SVC_Handler                            0x08001e18   Section        0  stm32f10x_it.o(i.SVC_Handler)
    i.SetBitMask                             0x08001e1a   Section        0  rc522.o(i.SetBitMask)
    i.SetSysClock                            0x08001e36   Section        0  system_stm32f10x.o(i.SetSysClock)
    SetSysClock                              0x08001e37   Thumb Code     8  system_stm32f10x.o(i.SetSysClock)
    i.SetSysClockTo72                        0x08001e40   Section        0  system_stm32f10x.o(i.SetSysClockTo72)
    SetSysClockTo72                          0x08001e41   Thumb Code   212  system_stm32f10x.o(i.SetSysClockTo72)
    i.SysTick_Handler                        0x08001f1c   Section        0  stm32f10x_it.o(i.SysTick_Handler)
    i.SysTick_Init                           0x08001f6c   Section        0  bsp_systick.o(i.SysTick_Init)
    i.SystemInit                             0x08001ff0   Section        0  system_stm32f10x.o(i.SystemInit)
    i.TimingDelay_Decrement                  0x08002050   Section        0  bsp_systick.o(i.TimingDelay_Decrement)
    i.USART1_Config                          0x08002068   Section        0  bsp_usart1.o(i.USART1_Config)
    i.USART1_IRQHandler                      0x080020f0   Section        0  bsp_usart1.o(i.USART1_IRQHandler)
    i.USART_Cmd                              0x0800210c   Section        0  stm32f10x_usart.o(i.USART_Cmd)
    i.USART_GetFlagStatus                    0x08002124   Section        0  stm32f10x_usart.o(i.USART_GetFlagStatus)
    i.USART_GetITStatus                      0x0800213e   Section        0  stm32f10x_usart.o(i.USART_GetITStatus)
    i.USART_ITConfig                         0x08002192   Section        0  stm32f10x_usart.o(i.USART_ITConfig)
    i.USART_Init                             0x080021dc   Section        0  stm32f10x_usart.o(i.USART_Init)
    i.USART_ReceiveData                      0x080022b4   Section        0  stm32f10x_usart.o(i.USART_ReceiveData)
    i.USART_SendData                         0x080022be   Section        0  stm32f10x_usart.o(i.USART_SendData)
    i.UsageFault_Handler                     0x080022c6   Section        0  stm32f10x_it.o(i.UsageFault_Handler)
    i.WriteRawRC                             0x080022cc   Section        0  rc522.o(i.WriteRawRC)
    i.__0printf                              0x08002378   Section        0  printfa.o(i.__0printf)
    i.__0sprintf                             0x08002398   Section        0  printfa.o(i.__0sprintf)
    i.__ARM_fpclassify                       0x080023c0   Section        0  fpclassify.o(i.__ARM_fpclassify)
    i.__kernel_poly                          0x080023e8   Section        0  poly.o(i.__kernel_poly)
    i.__mathlib_dbl_underflow                0x08002494   Section        0  dunder.o(i.__mathlib_dbl_underflow)
    i.__scatterload_copy                     0x080024a4   Section       14  handlers.o(i.__scatterload_copy)
    i.__scatterload_null                     0x080024b2   Section        2  handlers.o(i.__scatterload_null)
    i.__scatterload_zeroinit                 0x080024b4   Section       14  handlers.o(i.__scatterload_zeroinit)
    i._fp_digits                             0x080024c4   Section        0  printfa.o(i._fp_digits)
    _fp_digits                               0x080024c5   Thumb Code   326  printfa.o(i._fp_digits)
    i._printf_core                           0x08002620   Section        0  printfa.o(i._printf_core)
    _printf_core                             0x08002621   Thumb Code  1762  printfa.o(i._printf_core)
    i._printf_post_padding                   0x08002d10   Section        0  printfa.o(i._printf_post_padding)
    _printf_post_padding                     0x08002d11   Thumb Code    38  printfa.o(i._printf_post_padding)
    i._printf_pre_padding                    0x08002d36   Section        0  printfa.o(i._printf_pre_padding)
    _printf_pre_padding                      0x08002d37   Thumb Code    48  printfa.o(i._printf_pre_padding)
    i._sputc                                 0x08002d66   Section        0  printfa.o(i._sputc)
    _sputc                                   0x08002d67   Thumb Code    10  printfa.o(i._sputc)
    i.atan                                   0x08002d70   Section        0  atan.o(i.atan)
    i.atan2                                  0x08002f94   Section        0  atan2.o(i.atan2)
    i.delay2                                 0x08003114   Section        0  rc522.o(i.delay2)
    i.fputc                                  0x0800312c   Section        0  bsp_usart1.o(i.fputc)
    i.i2c_Ack                                0x08003150   Section        0  bsp_i2c_gpio.o(i.i2c_Ack)
    i.i2c_CfgGpio                            0x08003188   Section        0  bsp_i2c_gpio.o(i.i2c_CfgGpio)
    i.i2c_CheckDevice                        0x080031b8   Section        0  bsp_i2c_gpio.o(i.i2c_CheckDevice)
    i.i2c_Delay                              0x080031d8   Section        0  bsp_i2c_gpio.o(i.i2c_Delay)
    i.i2c_NAck                               0x080031e8   Section        0  bsp_i2c_gpio.o(i.i2c_NAck)
    i.i2c_ReadByte                           0x08003214   Section        0  bsp_i2c_gpio.o(i.i2c_ReadByte)
    i.i2c_SendByte                           0x0800325c   Section        0  bsp_i2c_gpio.o(i.i2c_SendByte)
    i.i2c_Start                              0x080032bc   Section        0  bsp_i2c_gpio.o(i.i2c_Start)
    i.i2c_Stop                               0x080032f0   Section        0  bsp_i2c_gpio.o(i.i2c_Stop)
    i.i2c_WaitAck                            0x08003318   Section        0  bsp_i2c_gpio.o(i.i2c_WaitAck)
    i.main                                   0x08003358   Section        0  main.o(i.main)
    .constdata                               0x080033f8   Section      152  atan.o(.constdata)
    atanhi                                   0x080033f8   Data          32  atan.o(.constdata)
    atanlo                                   0x08003418   Data          32  atan.o(.constdata)
    aTodd                                    0x08003438   Data          40  atan.o(.constdata)
    aTeven                                   0x08003460   Data          48  atan.o(.constdata)
    .constdata                               0x08003490   Section        8  qnan.o(.constdata)
    .data                                    0x20000000   Section       20  system_stm32f10x.o(.data)
    .data                                    0x20000014   Section       20  stm32f10x_rcc.o(.data)
    APBAHBPrescTable                         0x20000014   Data          16  stm32f10x_rcc.o(.data)
    ADCPrescTable                            0x20000024   Data           4  stm32f10x_rcc.o(.data)
    .data                                    0x20000028   Section        1  main.o(.data)
    .data                                    0x2000002c   Section        9  stm32f10x_it.o(.data)
    .data                                    0x20000035   Section        1  other.o(.data)
    .data                                    0x20000038   Section        4  bsp_systick.o(.data)
    .data                                    0x2000003c   Section      100  hmc5883l.o(.data)
    .data                                    0x200000a0   Section        4  stdout.o(.data)
    .bss                                     0x200000a4   Section       20  other.o(.bss)
    STACK                                    0x200000b8   Section     1024  startup_stm32f10x_hd.o(STACK)

    Global Symbols

    Symbol Name                              Value     Ov Type        Size  Object(Section)

    BuildAttributes$$THM_ISAv4$P$D$K$B$S$PE$A:L22UL41UL21$X:L11$S22US41US21$IEEE1$IW$USESV6$~STKCKD$USESV7$~SHL$OTIME$ROPI$IEEEX$EBA8$MICROLIB$REQ8$PRES8$EABIv2 0x00000000   Number         0  anon$$obj.o ABSOLUTE
    __ARM_use_no_argv                        0x00000000   Number         0  main.o ABSOLUTE
    _printf_a                                0x00000000   Number         0  stubs.o ABSOLUTE
    _printf_c                                0x00000000   Number         0  stubs.o ABSOLUTE
    _printf_charcount                        0x00000000   Number         0  stubs.o ABSOLUTE
    _printf_d                                0x00000000   Number         0  stubs.o ABSOLUTE
    _printf_e                                0x00000000   Number         0  stubs.o ABSOLUTE
    _printf_f                                0x00000000   Number         0  stubs.o ABSOLUTE
    _printf_flags                            0x00000000   Number         0  stubs.o ABSOLUTE
    _printf_fp_dec                           0x00000000   Number         0  stubs.o ABSOLUTE
    _printf_fp_hex                           0x00000000   Number         0  stubs.o ABSOLUTE
    _printf_g                                0x00000000   Number         0  stubs.o ABSOLUTE
    _printf_i                                0x00000000   Number         0  stubs.o ABSOLUTE
    _printf_int_dec                          0x00000000   Number         0  stubs.o ABSOLUTE
    _printf_l                                0x00000000   Number         0  stubs.o ABSOLUTE
    _printf_lc                               0x00000000   Number         0  stubs.o ABSOLUTE
    _printf_ll                               0x00000000   Number         0  stubs.o ABSOLUTE
    _printf_lld                              0x00000000   Number         0  stubs.o ABSOLUTE
    _printf_lli                              0x00000000   Number         0  stubs.o ABSOLUTE
    _printf_llo                              0x00000000   Number         0  stubs.o ABSOLUTE
    _printf_llu                              0x00000000   Number         0  stubs.o ABSOLUTE
    _printf_llx                              0x00000000   Number         0  stubs.o ABSOLUTE
    _printf_longlong_dec                     0x00000000   Number         0  stubs.o ABSOLUTE
    _printf_longlong_hex                     0x00000000   Number         0  stubs.o ABSOLUTE
    _printf_longlong_oct                     0x00000000   Number         0  stubs.o ABSOLUTE
    _printf_ls                               0x00000000   Number         0  stubs.o ABSOLUTE
    _printf_mbtowc                           0x00000000   Number         0  stubs.o ABSOLUTE
    _printf_n                                0x00000000   Number         0  stubs.o ABSOLUTE
    _printf_o                                0x00000000   Number         0  stubs.o ABSOLUTE
    _printf_p                                0x00000000   Number         0  stubs.o ABSOLUTE
    _printf_percent                          0x00000000   Number         0  stubs.o ABSOLUTE
    _printf_pre_padding                      0x00000000   Number         0  stubs.o ABSOLUTE
    _printf_return_value                     0x00000000   Number         0  stubs.o ABSOLUTE
    _printf_s                                0x00000000   Number         0  stubs.o ABSOLUTE
    _printf_sizespec                         0x00000000   Number         0  stubs.o ABSOLUTE
    _printf_str                              0x00000000   Number         0  stubs.o ABSOLUTE
    _printf_truncate_signed                  0x00000000   Number         0  stubs.o ABSOLUTE
    _printf_truncate_unsigned                0x00000000   Number         0  stubs.o ABSOLUTE
    _printf_u                                0x00000000   Number         0  stubs.o ABSOLUTE
    _printf_wc                               0x00000000   Number         0  stubs.o ABSOLUTE
    _printf_wctomb                           0x00000000   Number         0  stubs.o ABSOLUTE
    _printf_widthprec                        0x00000000   Number         0  stubs.o ABSOLUTE
    _printf_x                                0x00000000   Number         0  stubs.o ABSOLUTE
    __cpp_initialize__aeabi_                  - Undefined Weak Reference
    __cxa_finalize                            - Undefined Weak Reference
    __decompress                              - Undefined Weak Reference
    _clock_init                               - Undefined Weak Reference
    _microlib_exit                            - Undefined Weak Reference
    __Vectors_Size                           0x00000130   Number         0  startup_stm32f10x_hd.o ABSOLUTE
    __Vectors                                0x08000000   Data           4  startup_stm32f10x_hd.o(RESET)
    __Vectors_End                            0x08000130   Data           0  startup_stm32f10x_hd.o(RESET)
    __main                                   0x08000131   Thumb Code     0  entry.o(.ARM.Collect$$$$00000000)
    _main_stk                                0x08000131   Thumb Code     0  entry2.o(.ARM.Collect$$$$00000001)
    _main_scatterload                        0x08000135   Thumb Code     0  entry5.o(.ARM.Collect$$$$00000004)
    __main_after_scatterload                 0x08000139   Thumb Code     0  entry5.o(.ARM.Collect$$$$00000004)
    _main_clock                              0x08000139   Thumb Code     0  entry7b.o(.ARM.Collect$$$$00000008)
    _main_cpp_init                           0x08000139   Thumb Code     0  entry8b.o(.ARM.Collect$$$$0000000A)
    _main_init                               0x08000139   Thumb Code     0  entry9a.o(.ARM.Collect$$$$0000000B)
    __rt_final_cpp                           0x08000141   Thumb Code     0  entry10a.o(.ARM.Collect$$$$0000000D)
    __rt_final_exit                          0x08000141   Thumb Code     0  entry11a.o(.ARM.Collect$$$$0000000F)
    Reset_Handler                            0x08000145   Thumb Code     8  startup_stm32f10x_hd.o(.text)
    ADC1_2_IRQHandler                        0x0800015f   Thumb Code     0  startup_stm32f10x_hd.o(.text)
    ADC3_IRQHandler                          0x0800015f   Thumb Code     0  startup_stm32f10x_hd.o(.text)
    CAN1_RX1_IRQHandler                      0x0800015f   Thumb Code     0  startup_stm32f10x_hd.o(.text)
    CAN1_SCE_IRQHandler                      0x0800015f   Thumb Code     0  startup_stm32f10x_hd.o(.text)
    DMA1_Channel1_IRQHandler                 0x0800015f   Thumb Code     0  startup_stm32f10x_hd.o(.text)
    DMA1_Channel2_IRQHandler                 0x0800015f   Thumb Code     0  startup_stm32f10x_hd.o(.text)
    DMA1_Channel3_IRQHandler                 0x0800015f   Thumb Code     0  startup_stm32f10x_hd.o(.text)
    DMA1_Channel4_IRQHandler                 0x0800015f   Thumb Code     0  startup_stm32f10x_hd.o(.text)
    DMA1_Channel5_IRQHandler                 0x0800015f   Thumb Code     0  startup_stm32f10x_hd.o(.text)
    DMA1_Channel6_IRQHandler                 0x0800015f   Thumb Code     0  startup_stm32f10x_hd.o(.text)
    DMA1_Channel7_IRQHandler                 0x0800015f   Thumb Code     0  startup_stm32f10x_hd.o(.text)
    DMA2_Channel1_IRQHandler                 0x0800015f   Thumb Code     0  startup_stm32f10x_hd.o(.text)
    DMA2_Channel2_IRQHandler                 0x0800015f   Thumb Code     0  startup_stm32f10x_hd.o(.text)
    DMA2_Channel3_IRQHandler                 0x0800015f   Thumb Code     0  startup_stm32f10x_hd.o(.text)
    DMA2_Channel4_5_IRQHandler               0x0800015f   Thumb Code     0  startup_stm32f10x_hd.o(.text)
    EXTI0_IRQHandler                         0x0800015f   Thumb Code     0  startup_stm32f10x_hd.o(.text)
    EXTI15_10_IRQHandler                     0x0800015f   Thumb Code     0  startup_stm32f10x_hd.o(.text)
    EXTI1_IRQHandler                         0x0800015f   Thumb Code     0  startup_stm32f10x_hd.o(.text)
    EXTI2_IRQHandler                         0x0800015f   Thumb Code     0  startup_stm32f10x_hd.o(.text)
    EXTI3_IRQHandler                         0x0800015f   Thumb Code     0  startup_stm32f10x_hd.o(.text)
    EXTI4_IRQHandler                         0x0800015f   Thumb Code     0  startup_stm32f10x_hd.o(.text)
    EXTI9_5_IRQHandler                       0x0800015f   Thumb Code     0  startup_stm32f10x_hd.o(.text)
    FLASH_IRQHandler                         0x0800015f   Thumb Code     0  startup_stm32f10x_hd.o(.text)
    FSMC_IRQHandler                          0x0800015f   Thumb Code     0  startup_stm32f10x_hd.o(.text)
    I2C1_ER_IRQHandler                       0x0800015f   Thumb Code     0  startup_stm32f10x_hd.o(.text)
    I2C1_EV_IRQHandler                       0x0800015f   Thumb Code     0  startup_stm32f10x_hd.o(.text)
    I2C2_ER_IRQHandler                       0x0800015f   Thumb Code     0  startup_stm32f10x_hd.o(.text)
    I2C2_EV_IRQHandler                       0x0800015f   Thumb Code     0  startup_stm32f10x_hd.o(.text)
    PVD_IRQHandler                           0x0800015f   Thumb Code     0  startup_stm32f10x_hd.o(.text)
    RCC_IRQHandler                           0x0800015f   Thumb Code     0  startup_stm32f10x_hd.o(.text)
    RTCAlarm_IRQHandler                      0x0800015f   Thumb Code     0  startup_stm32f10x_hd.o(.text)
    RTC_IRQHandler                           0x0800015f   Thumb Code     0  startup_stm32f10x_hd.o(.text)
    SDIO_IRQHandler                          0x0800015f   Thumb Code     0  startup_stm32f10x_hd.o(.text)
    SPI1_IRQHandler                          0x0800015f   Thumb Code     0  startup_stm32f10x_hd.o(.text)
    SPI2_IRQHandler                          0x0800015f   Thumb Code     0  startup_stm32f10x_hd.o(.text)
    SPI3_IRQHandler                          0x0800015f   Thumb Code     0  startup_stm32f10x_hd.o(.text)
    TAMPER_IRQHandler                        0x0800015f   Thumb Code     0  startup_stm32f10x_hd.o(.text)
    TIM1_BRK_IRQHandler                      0x0800015f   Thumb Code     0  startup_stm32f10x_hd.o(.text)
    TIM1_CC_IRQHandler                       0x0800015f   Thumb Code     0  startup_stm32f10x_hd.o(.text)
    TIM1_TRG_COM_IRQHandler                  0x0800015f   Thumb Code     0  startup_stm32f10x_hd.o(.text)
    TIM1_UP_IRQHandler                       0x0800015f   Thumb Code     0  startup_stm32f10x_hd.o(.text)
    TIM2_IRQHandler                          0x0800015f   Thumb Code     0  startup_stm32f10x_hd.o(.text)
    TIM3_IRQHandler                          0x0800015f   Thumb Code     0  startup_stm32f10x_hd.o(.text)
    TIM4_IRQHandler                          0x0800015f   Thumb Code     0  startup_stm32f10x_hd.o(.text)
    TIM5_IRQHandler                          0x0800015f   Thumb Code     0  startup_stm32f10x_hd.o(.text)
    TIM6_IRQHandler                          0x0800015f   Thumb Code     0  startup_stm32f10x_hd.o(.text)
    TIM7_IRQHandler                          0x0800015f   Thumb Code     0  startup_stm32f10x_hd.o(.text)
    TIM8_BRK_IRQHandler                      0x0800015f   Thumb Code     0  startup_stm32f10x_hd.o(.text)
    TIM8_CC_IRQHandler                       0x0800015f   Thumb Code     0  startup_stm32f10x_hd.o(.text)
    TIM8_TRG_COM_IRQHandler                  0x0800015f   Thumb Code     0  startup_stm32f10x_hd.o(.text)
    TIM8_UP_IRQHandler                       0x0800015f   Thumb Code     0  startup_stm32f10x_hd.o(.text)
    UART4_IRQHandler                         0x0800015f   Thumb Code     0  startup_stm32f10x_hd.o(.text)
    UART5_IRQHandler                         0x0800015f   Thumb Code     0  startup_stm32f10x_hd.o(.text)
    USART2_IRQHandler                        0x0800015f   Thumb Code     0  startup_stm32f10x_hd.o(.text)
    USART3_IRQHandler                        0x0800015f   Thumb Code     0  startup_stm32f10x_hd.o(.text)
    USBWakeUp_IRQHandler                     0x0800015f   Thumb Code     0  startup_stm32f10x_hd.o(.text)
    USB_HP_CAN1_TX_IRQHandler                0x0800015f   Thumb Code     0  startup_stm32f10x_hd.o(.text)
    USB_LP_CAN1_RX0_IRQHandler               0x0800015f   Thumb Code     0  startup_stm32f10x_hd.o(.text)
    WWDG_IRQHandler                          0x0800015f   Thumb Code     0  startup_stm32f10x_hd.o(.text)
    __aeabi_memset                           0x08000169   Thumb Code    14  memseta.o(.text)
    __aeabi_memset4                          0x08000169   Thumb Code     0  memseta.o(.text)
    __aeabi_memset8                          0x08000169   Thumb Code     0  memseta.o(.text)
    __aeabi_memclr                           0x08000177   Thumb Code     4  memseta.o(.text)
    __aeabi_memclr4                          0x08000177   Thumb Code     0  memseta.o(.text)
    __aeabi_memclr8                          0x08000177   Thumb Code     0  memseta.o(.text)
    _memset$wrapper                          0x0800017b   Thumb Code    18  memseta.o(.text)
    __aeabi_fadd                             0x0800018d   Thumb Code   164  fadd.o(.text)
    __aeabi_fsub                             0x08000231   Thumb Code     6  fadd.o(.text)
    __aeabi_frsub                            0x08000237   Thumb Code     6  fadd.o(.text)
    __aeabi_dadd                             0x0800023d   Thumb Code   322  dadd.o(.text)
    __aeabi_dsub                             0x0800037f   Thumb Code     6  dadd.o(.text)
    __aeabi_drsub                            0x08000385   Thumb Code     6  dadd.o(.text)
    __aeabi_dmul                             0x0800038b   Thumb Code   228  dmul.o(.text)
    __aeabi_i2f                              0x0800046f   Thumb Code    18  fflti.o(.text)
    __aeabi_i2d                              0x08000481   Thumb Code    34  dflti.o(.text)
    __aeabi_f2iz                             0x080004a3   Thumb Code    50  ffixi.o(.text)
    __aeabi_f2d                              0x080004d5   Thumb Code    38  f2d.o(.text)
    __aeabi_cdcmpeq                          0x080004fd   Thumb Code     0  cdcmple.o(.text)
    __aeabi_cdcmple                          0x080004fd   Thumb Code    38  cdcmple.o(.text)
    __aeabi_cdrcmple                         0x08000525   Thumb Code    38  cdrcmple.o(.text)
    __aeabi_d2f                              0x0800054d   Thumb Code    56  d2f.o(.text)
    __aeabi_uidiv                            0x08000585   Thumb Code     0  uidiv.o(.text)
    __aeabi_uidivmod                         0x08000585   Thumb Code    44  uidiv.o(.text)
    __aeabi_uldivmod                         0x080005b1   Thumb Code    98  uldiv.o(.text)
    __aeabi_llsl                             0x08000613   Thumb Code    30  llshl.o(.text)
    _ll_shift_l                              0x08000613   Thumb Code     0  llshl.o(.text)
    __aeabi_lasr                             0x08000631   Thumb Code    36  llsshr.o(.text)
    _ll_sshift_r                             0x08000631   Thumb Code     0  llsshr.o(.text)
    __I$use$fp                               0x08000655   Thumb Code     0  iusefp.o(.text)
    _float_round                             0x08000655   Thumb Code    18  fepilogue.o(.text)
    _float_epilogue                          0x08000667   Thumb Code    90  fepilogue.o(.text)
    _double_round                            0x080006c1   Thumb Code    26  depilogue.o(.text)
    _double_epilogue                         0x080006db   Thumb Code   164  depilogue.o(.text)
    __aeabi_ddiv                             0x0800077f   Thumb Code   222  ddiv.o(.text)
    __aeabi_d2ulz                            0x0800085d   Thumb Code    48  dfixul.o(.text)
    __scatterload                            0x0800088d   Thumb Code    28  init.o(.text)
    __scatterload_rt2                        0x0800088d   Thumb Code     0  init.o(.text)
    __aeabi_llsr                             0x080008b1   Thumb Code    32  llushr.o(.text)
    _ll_ushift_r                             0x080008b1   Thumb Code     0  llushr.o(.text)
    __ARM_scalbn                             0x080008d1   Thumb Code    46  dscalb.o(.text)
    scalbn                                   0x080008d1   Thumb Code     0  dscalb.o(.text)
    BusFault_Handler                         0x080008ff   Thumb Code     4  stm32f10x_it.o(i.BusFault_Handler)
    Calibrate                                0x08000905   Thumb Code   134  hmc5883l.o(i.Calibrate)
    ClearBitMask                             0x080009e1   Thumb Code    28  rc522.o(i.ClearBitMask)
    ClearPoint                               0x080009fd   Thumb Code    82  main.o(i.ClearPoint)
    DebugMon_Handler                         0x08000abd   Thumb Code     2  stm32f10x_it.o(i.DebugMon_Handler)
    Delay_us                                 0x08000ac1   Thumb Code    36  bsp_systick.o(i.Delay_us)
    GPIO_Init                                0x08000ae9   Thumb Code   274  stm32f10x_gpio.o(i.GPIO_Init)
    GPIO_ReadInputData                       0x08000bfb   Thumb Code     8  stm32f10x_gpio.o(i.GPIO_ReadInputData)
    GPIO_ReadInputDataBit                    0x08000c03   Thumb Code    18  stm32f10x_gpio.o(i.GPIO_ReadInputDataBit)
    GPIO_ResetBits                           0x08000c15   Thumb Code     4  stm32f10x_gpio.o(i.GPIO_ResetBits)
    GPIO_SetBits                             0x08000c19   Thumb Code     4  stm32f10x_gpio.o(i.GPIO_SetBits)
    HMC5883L_Carlibrate                      0x08000c1d   Thumb Code   248  hmc5883l.o(i.HMC5883L_Carlibrate)
    HMC58X3_Offset                           0x08000d25   Thumb Code   136  hmc5883l.o(i.HMC58X3_Offset)
    HardFault_Handler                        0x08000e01   Thumb Code     4  stm32f10x_it.o(i.HardFault_Handler)
    IIC_ReadBytes                            0x08000e05   Thumb Code   112  bsp_i2c_gpio.o(i.IIC_ReadBytes)
    IIC_WriteBytes                           0x08000e75   Thumb Code   126  bsp_i2c_gpio.o(i.IIC_WriteBytes)
    Identify_HMC5883L                        0x08000ef5   Thumb Code    72  hmc5883l.o(i.Identify_HMC5883L)
    InitID                                   0x08000f79   Thumb Code    38  main.o(i.InitID)
    InitRC522                                0x08000fa5   Thumb Code    50  rc522.o(i.InitRC522)
    Init_HMC5883L                            0x08000fdd   Thumb Code    60  hmc5883l.o(i.Init_HMC5883L)
    Key_Config                               0x08001019   Thumb Code    38  main.o(i.Key_Config)
    LED_GPIO_Config                          0x08001045   Thumb Code    50  bsp_led.o(i.LED_GPIO_Config)
    MISO_IOTurn                              0x0800107d   Thumb Code    44  rc522.o(i.MISO_IOTurn)
    MemManage_Handler                        0x080010a9   Thumb Code     4  stm32f10x_it.o(i.MemManage_Handler)
    NMI_Handler                              0x080010ad   Thumb Code     2  stm32f10x_it.o(i.NMI_Handler)
    NVIC_Configuration                       0x080010af   Thumb Code   128  main.o(i.NVIC_Configuration)
    NVIC_Init                                0x08001131   Thumb Code   102  misc.o(i.NVIC_Init)
    NVIC_PriorityGroupConfig                 0x080011a5   Thumb Code    10  misc.o(i.NVIC_PriorityGroupConfig)
    Orientation                              0x080011b9   Thumb Code   526  main.o(i.Orientation)
    PcdAntennaOff                            0x0800155d   Thumb Code    12  rc522.o(i.PcdAntennaOff)
    PcdAntennaOn                             0x08001569   Thumb Code    26  rc522.o(i.PcdAntennaOn)
    PcdAnticoll                              0x08001583   Thumb Code   112  rc522.o(i.PcdAnticoll)
    PcdComMF522                              0x080015f3   Thumb Code   304  rc522.o(i.PcdComMF522)
    PcdRequest                               0x08001723   Thumb Code    84  rc522.o(i.PcdRequest)
    PcdReset                                 0x08001779   Thumb Code    98  rc522.o(i.PcdReset)
    PendSV_Handler                           0x080017e1   Thumb Code     2  stm32f10x_it.o(i.PendSV_Handler)
    RCC_APB2PeriphClockCmd                   0x080017e5   Thumb Code    26  stm32f10x_rcc.o(i.RCC_APB2PeriphClockCmd)
    RCC_GetClocksFreq                        0x08001805   Thumb Code   192  stm32f10x_rcc.o(i.RCC_GetClocksFreq)
    RD_Card                                  0x080018d9   Thumb Code    50  other.o(i.RD_Card)
    ReadID                                   0x08001925   Thumb Code    96  main.o(i.ReadID)
    ReadRawRC                                0x080019c1   Thumb Code   176  rc522.o(i.ReadRawRC)
    Read_HMC5883L                            0x08001a75   Thumb Code   370  hmc5883l.o(i.Read_HMC5883L)
    SPG0                                     0x08001c15   Thumb Code    86  other.o(i.SPG0)
    SPG1                                     0x08001d0d   Thumb Code    90  other.o(i.SPG1)
    SVC_Handler                              0x08001e19   Thumb Code     2  stm32f10x_it.o(i.SVC_Handler)
    SetBitMask                               0x08001e1b   Thumb Code    28  rc522.o(i.SetBitMask)
    SysTick_Handler                          0x08001f1d   Thumb Code    68  stm32f10x_it.o(i.SysTick_Handler)
    SysTick_Init                             0x08001f6d   Thumb Code   118  bsp_systick.o(i.SysTick_Init)
    SystemInit                               0x08001ff1   Thumb Code    78  system_stm32f10x.o(i.SystemInit)
    TimingDelay_Decrement                    0x08002051   Thumb Code    18  bsp_systick.o(i.TimingDelay_Decrement)
    USART1_Config                            0x08002069   Thumb Code   126  bsp_usart1.o(i.USART1_Config)
    USART1_IRQHandler                        0x080020f1   Thumb Code    22  bsp_usart1.o(i.USART1_IRQHandler)
    USART_Cmd                                0x0800210d   Thumb Code    24  stm32f10x_usart.o(i.USART_Cmd)
    USART_GetFlagStatus                      0x08002125   Thumb Code    26  stm32f10x_usart.o(i.USART_GetFlagStatus)
    USART_GetITStatus                        0x0800213f   Thumb Code    84  stm32f10x_usart.o(i.USART_GetITStatus)
    USART_ITConfig                           0x08002193   Thumb Code    74  stm32f10x_usart.o(i.USART_ITConfig)
    USART_Init                               0x080021dd   Thumb Code   210  stm32f10x_usart.o(i.USART_Init)
    USART_ReceiveData                        0x080022b5   Thumb Code    10  stm32f10x_usart.o(i.USART_ReceiveData)
    USART_SendData                           0x080022bf   Thumb Code     8  stm32f10x_usart.o(i.USART_SendData)
    UsageFault_Handler                       0x080022c7   Thumb Code     4  stm32f10x_it.o(i.UsageFault_Handler)
    WriteRawRC                               0x080022cd   Thumb Code   166  rc522.o(i.WriteRawRC)
    __0printf                                0x08002379   Thumb Code    22  printfa.o(i.__0printf)
    __1printf                                0x08002379   Thumb Code     0  printfa.o(i.__0printf)
    __2printf                                0x08002379   Thumb Code     0  printfa.o(i.__0printf)
    __c89printf                              0x08002379   Thumb Code     0  printfa.o(i.__0printf)
    printf                                   0x08002379   Thumb Code     0  printfa.o(i.__0printf)
    __0sprintf                               0x08002399   Thumb Code    34  printfa.o(i.__0sprintf)
    __1sprintf                               0x08002399   Thumb Code     0  printfa.o(i.__0sprintf)
    __2sprintf                               0x08002399   Thumb Code     0  printfa.o(i.__0sprintf)
    __c89sprintf                             0x08002399   Thumb Code     0  printfa.o(i.__0sprintf)
    sprintf                                  0x08002399   Thumb Code     0  printfa.o(i.__0sprintf)
    __ARM_fpclassify                         0x080023c1   Thumb Code    40  fpclassify.o(i.__ARM_fpclassify)
    __kernel_poly                            0x080023e9   Thumb Code   170  poly.o(i.__kernel_poly)
    __mathlib_dbl_underflow                  0x08002495   Thumb Code    10  dunder.o(i.__mathlib_dbl_underflow)
    __scatterload_copy                       0x080024a5   Thumb Code    14  handlers.o(i.__scatterload_copy)
    __scatterload_null                       0x080024b3   Thumb Code     2  handlers.o(i.__scatterload_null)
    __scatterload_zeroinit                   0x080024b5   Thumb Code    14  handlers.o(i.__scatterload_zeroinit)
    atan                                     0x08002d71   Thumb Code   478  atan.o(i.atan)
    atan2                                    0x08002f95   Thumb Code   346  atan2.o(i.atan2)
    delay2                                   0x08003115   Thumb Code    22  rc522.o(i.delay2)
    fputc                                    0x0800312d   Thumb Code    32  bsp_usart1.o(i.fputc)
    i2c_Ack                                  0x08003151   Thumb Code    52  bsp_i2c_gpio.o(i.i2c_Ack)
    i2c_CfgGpio                              0x08003189   Thumb Code    42  bsp_i2c_gpio.o(i.i2c_CfgGpio)
    i2c_CheckDevice                          0x080031b9   Thumb Code    32  bsp_i2c_gpio.o(i.i2c_CheckDevice)
    i2c_Delay                                0x080031d9   Thumb Code    14  bsp_i2c_gpio.o(i.i2c_Delay)
    i2c_NAck                                 0x080031e9   Thumb Code    40  bsp_i2c_gpio.o(i.i2c_NAck)
    i2c_ReadByte                             0x08003215   Thumb Code    66  bsp_i2c_gpio.o(i.i2c_ReadByte)
    i2c_SendByte                             0x0800325d   Thumb Code    90  bsp_i2c_gpio.o(i.i2c_SendByte)
    i2c_Start                                0x080032bd   Thumb Code    48  bsp_i2c_gpio.o(i.i2c_Start)
    i2c_Stop                                 0x080032f1   Thumb Code    36  bsp_i2c_gpio.o(i.i2c_Stop)
    i2c_WaitAck                              0x08003319   Thumb Code    58  bsp_i2c_gpio.o(i.i2c_WaitAck)
    main                                     0x08003359   Thumb Code   138  main.o(i.main)
    __mathlib_zero                           0x08003490   Data           8  qnan.o(.constdata)
    Region$$Table$$Base                      0x08003498   Number         0  anon$$obj.o(Region$$Table)
    Region$$Table$$Limit                     0x080034b8   Number         0  anon$$obj.o(Region$$Table)
    SystemCoreClock                          0x20000000   Data           4  system_stm32f10x.o(.data)
    AHBPrescTable                            0x20000004   Data          16  system_stm32f10x.o(.data)
    DetectorID                               0x20000028   Data           1  main.o(.data)
    tick                                     0x2000002c   Data           4  stm32f10x_it.o(.data)
    sec                                      0x20000030   Data           4  stm32f10x_it.o(.data)
    Trig                                     0x20000034   Data           1  stm32f10x_it.o(.data)
    CardID                                   0x20000035   Data           1  other.o(.data)
    TimingDelay                              0x20000038   Data           4  bsp_systick.o(.data)
    Xmax                                     0x2000003c   Data           4  hmc5883l.o(.data)
    Xmin                                     0x20000040   Data           4  hmc5883l.o(.data)
    Ymax                                     0x20000044   Data           4  hmc5883l.o(.data)
    Ymin                                     0x20000048   Data           4  hmc5883l.o(.data)
    Zmax                                     0x2000004c   Data           4  hmc5883l.o(.data)
    Zmin                                     0x20000050   Data           4  hmc5883l.o(.data)
    Magn_x                                   0x20000054   Data           4  hmc5883l.o(.data)
    Magn_y                                   0x20000058   Data           4  hmc5883l.o(.data)
    Magn_z                                   0x2000005c   Data           4  hmc5883l.o(.data)
    Magn_x_Max                               0x20000060   Data           4  hmc5883l.o(.data)
    Magn_y_Max                               0x20000064   Data           4  hmc5883l.o(.data)
    Magn_z_Max                               0x20000068   Data           4  hmc5883l.o(.data)
    Magn_x_Min                               0x2000006c   Data           4  hmc5883l.o(.data)
    Magn_y_Min                               0x20000070   Data           4  hmc5883l.o(.data)
    Magn_z_Min                               0x20000074   Data           4  hmc5883l.o(.data)
    angle                                    0x20000078   Data           4  hmc5883l.o(.data)
    X_Offset                                 0x2000007c   Data           4  hmc5883l.o(.data)
    Y_Offset                                 0x20000080   Data           4  hmc5883l.o(.data)
    Z_Offset                                 0x20000084   Data           4  hmc5883l.o(.data)
    X_scale                                  0x20000088   Data           4  hmc5883l.o(.data)
    Y_scale                                  0x2000008c   Data           4  hmc5883l.o(.data)
    Z_scale                                  0x20000090   Data           4  hmc5883l.o(.data)
    Mag_UserCal_Offset_X                     0x20000094   Data           4  hmc5883l.o(.data)
    Mag_UserCal_Offset_Y                     0x20000098   Data           4  hmc5883l.o(.data)
    Mag_UserCal_Offset_Z                     0x2000009c   Data           4  hmc5883l.o(.data)
    __stdout                                 0x200000a0   Data           4  stdout.o(.data)
    g_ucTempbuf                              0x200000a4   Data          20  other.o(.bss)
    __initial_sp                             0x200004b8   Data           0  startup_stm32f10x_hd.o(STACK)



==============================================================================

Memory Map of the image

  Image Entry point : 0x08000131

  Load Region LR_IROM1 (Base: 0x08000000, Size: 0x0000355c, Max: 0x00020000, ABSOLUTE)

    Execution Region ER_IROM1 (Base: 0x08000000, Size: 0x000034b8, Max: 0x00020000, ABSOLUTE)

    Base Addr    Size         Type   Attr      Idx    E Section Name        Object

    0x08000000   0x00000130   Data   RO            3    RESET               startup_stm32f10x_hd.o
    0x08000130   0x00000000   Code   RO         3714  * .ARM.Collect$$$$00000000  mc_w.l(entry.o)
    0x08000130   0x00000004   Code   RO         4011    .ARM.Collect$$$$00000001  mc_w.l(entry2.o)
    0x08000134   0x00000004   Code   RO         4014    .ARM.Collect$$$$00000004  mc_w.l(entry5.o)
    0x08000138   0x00000000   Code   RO         4016    .ARM.Collect$$$$00000008  mc_w.l(entry7b.o)
    0x08000138   0x00000000   Code   RO         4018    .ARM.Collect$$$$0000000A  mc_w.l(entry8b.o)
    0x08000138   0x00000008   Code   RO         4019    .ARM.Collect$$$$0000000B  mc_w.l(entry9a.o)
    0x08000140   0x00000000   Code   RO         4021    .ARM.Collect$$$$0000000D  mc_w.l(entry10a.o)
    0x08000140   0x00000000   Code   RO         4023    .ARM.Collect$$$$0000000F  mc_w.l(entry11a.o)
    0x08000140   0x00000004   Code   RO         4012    .ARM.Collect$$$$00002712  mc_w.l(entry2.o)
    0x08000144   0x00000024   Code   RO            4    .text               startup_stm32f10x_hd.o
    0x08000168   0x00000024   Code   RO         3717    .text               mc_w.l(memseta.o)
    0x0800018c   0x000000b0   Code   RO         3980    .text               mf_w.l(fadd.o)
    0x0800023c   0x0000014e   Code   RO         3982    .text               mf_w.l(dadd.o)
    0x0800038a   0x000000e4   Code   RO         3984    .text               mf_w.l(dmul.o)
    0x0800046e   0x00000012   Code   RO         3986    .text               mf_w.l(fflti.o)
    0x08000480   0x00000022   Code   RO         3988    .text               mf_w.l(dflti.o)
    0x080004a2   0x00000032   Code   RO         3990    .text               mf_w.l(ffixi.o)
    0x080004d4   0x00000026   Code   RO         3992    .text               mf_w.l(f2d.o)
    0x080004fa   0x00000002   PAD
    0x080004fc   0x00000028   Code   RO         3994    .text               mf_w.l(cdcmple.o)
    0x08000524   0x00000028   Code   RO         3996    .text               mf_w.l(cdrcmple.o)
    0x0800054c   0x00000038   Code   RO         3998    .text               mf_w.l(d2f.o)
    0x08000584   0x0000002c   Code   RO         4026    .text               mc_w.l(uidiv.o)
    0x080005b0   0x00000062   Code   RO         4028    .text               mc_w.l(uldiv.o)
    0x08000612   0x0000001e   Code   RO         4030    .text               mc_w.l(llshl.o)
    0x08000630   0x00000024   Code   RO         4032    .text               mc_w.l(llsshr.o)
    0x08000654   0x00000000   Code   RO         4041    .text               mc_w.l(iusefp.o)
    0x08000654   0x0000006c   Code   RO         4042    .text               mf_w.l(fepilogue.o)
    0x080006c0   0x000000be   Code   RO         4044    .text               mf_w.l(depilogue.o)
    0x0800077e   0x000000de   Code   RO         4046    .text               mf_w.l(ddiv.o)
    0x0800085c   0x00000030   Code   RO         4048    .text               mf_w.l(dfixul.o)
    0x0800088c   0x00000024   Code   RO         4056    .text               mc_w.l(init.o)
    0x080008b0   0x00000020   Code   RO         4058    .text               mc_w.l(llushr.o)
    0x080008d0   0x0000002e   Code   RO         4060    .text               mf_w.l(dscalb.o)
    0x080008fe   0x00000004   Code   RO         3242    i.BusFault_Handler  stm32f10x_it.o
    0x08000902   0x00000002   PAD
    0x08000904   0x000000dc   Code   RO         3433    i.Calibrate         hmc5883l.o
    0x080009e0   0x0000001c   Code   RO         3575    i.ClearBitMask      rc522.o
    0x080009fc   0x000000c0   Code   RO         3108    i.ClearPoint        main.o
    0x08000abc   0x00000002   Code   RO         3243    i.DebugMon_Handler  stm32f10x_it.o
    0x08000abe   0x00000002   PAD
    0x08000ac0   0x00000028   Code   RO         3366    i.Delay_us          bsp_systick.o
    0x08000ae8   0x00000112   Code   RO         1277    i.GPIO_Init         stm32f10x_gpio.o
    0x08000bfa   0x00000008   Code   RO         1280    i.GPIO_ReadInputData  stm32f10x_gpio.o
    0x08000c02   0x00000012   Code   RO         1281    i.GPIO_ReadInputDataBit  stm32f10x_gpio.o
    0x08000c14   0x00000004   Code   RO         1284    i.GPIO_ResetBits    stm32f10x_gpio.o
    0x08000c18   0x00000004   Code   RO         1285    i.GPIO_SetBits      stm32f10x_gpio.o
    0x08000c1c   0x00000108   Code   RO         3435    i.HMC5883L_Carlibrate  hmc5883l.o
    0x08000d24   0x000000dc   Code   RO         3436    i.HMC58X3_Offset    hmc5883l.o
    0x08000e00   0x00000004   Code   RO         3244    i.HardFault_Handler  stm32f10x_it.o
    0x08000e04   0x00000070   Code   RO         3496    i.IIC_ReadBytes     bsp_i2c_gpio.o
    0x08000e74   0x0000007e   Code   RO         3497    i.IIC_WriteBytes    bsp_i2c_gpio.o
    0x08000ef2   0x00000002   PAD
    0x08000ef4   0x00000084   Code   RO         3438    i.Identify_HMC5883L  hmc5883l.o
    0x08000f78   0x0000002c   Code   RO         3109    i.InitID            main.o
    0x08000fa4   0x00000038   Code   RO         3576    i.InitRC522         rc522.o
    0x08000fdc   0x0000003c   Code   RO         3439    i.Init_HMC5883L     hmc5883l.o
    0x08001018   0x0000002c   Code   RO         3110    i.Key_Config        main.o
    0x08001044   0x00000038   Code   RO         3341    i.LED_GPIO_Config   bsp_led.o
    0x0800107c   0x0000002c   Code   RO         3577    i.MISO_IOTurn       rc522.o
    0x080010a8   0x00000004   Code   RO         3245    i.MemManage_Handler  stm32f10x_it.o
    0x080010ac   0x00000002   Code   RO         3246    i.NMI_Handler       stm32f10x_it.o
    0x080010ae   0x00000080   Code   RO         3111    i.NVIC_Configuration  main.o
    0x0800112e   0x00000002   PAD
    0x08001130   0x00000074   Code   RO          104    i.NVIC_Init         misc.o
    0x080011a4   0x00000014   Code   RO          105    i.NVIC_PriorityGroupConfig  misc.o
    0x080011b8   0x000003a4   Code   RO         3112    i.Orientation       main.o
    0x0800155c   0x0000000c   Code   RO         3578    i.PcdAntennaOff     rc522.o
    0x08001568   0x0000001a   Code   RO         3579    i.PcdAntennaOn      rc522.o
    0x08001582   0x00000070   Code   RO         3580    i.PcdAnticoll       rc522.o
    0x080015f2   0x00000130   Code   RO         3583    i.PcdComMF522       rc522.o
    0x08001722   0x00000054   Code   RO         3586    i.PcdRequest        rc522.o
    0x08001776   0x00000002   PAD
    0x08001778   0x00000068   Code   RO         3587    i.PcdReset          rc522.o
    0x080017e0   0x00000002   Code   RO         3247    i.PendSV_Handler    stm32f10x_it.o
    0x080017e2   0x00000002   PAD
    0x080017e4   0x00000020   Code   RO         1701    i.RCC_APB2PeriphClockCmd  stm32f10x_rcc.o
    0x08001804   0x000000d4   Code   RO         1709    i.RCC_GetClocksFreq  stm32f10x_rcc.o
    0x080018d8   0x0000004c   Code   RO         3309    i.RD_Card           other.o
    0x08001924   0x0000009c   Code   RO         3113    i.ReadID            main.o
    0x080019c0   0x000000b4   Code   RO         3591    i.ReadRawRC         rc522.o
    0x08001a74   0x000001a0   Code   RO         3441    i.Read_HMC5883L     hmc5883l.o
    0x08001c14   0x000000f8   Code   RO         3310    i.SPG0              other.o
    0x08001d0c   0x0000010c   Code   RO         3311    i.SPG1              other.o
    0x08001e18   0x00000002   Code   RO         3248    i.SVC_Handler       stm32f10x_it.o
    0x08001e1a   0x0000001c   Code   RO         3592    i.SetBitMask        rc522.o
    0x08001e36   0x00000008   Code   RO           24    i.SetSysClock       system_stm32f10x.o
    0x08001e3e   0x00000002   PAD
    0x08001e40   0x000000dc   Code   RO           25    i.SetSysClockTo72   system_stm32f10x.o
    0x08001f1c   0x00000050   Code   RO         3249    i.SysTick_Handler   stm32f10x_it.o
    0x08001f6c   0x00000084   Code   RO         3367    i.SysTick_Init      bsp_systick.o
    0x08001ff0   0x00000060   Code   RO           27    i.SystemInit        system_stm32f10x.o
    0x08002050   0x00000018   Code   RO         3368    i.TimingDelay_Decrement  bsp_systick.o
    0x08002068   0x00000088   Code   RO         3397    i.USART1_Config     bsp_usart1.o
    0x080020f0   0x0000001c   Code   RO         3398    i.USART1_IRQHandler  bsp_usart1.o
    0x0800210c   0x00000018   Code   RO         2875    i.USART_Cmd         stm32f10x_usart.o
    0x08002124   0x0000001a   Code   RO         2878    i.USART_GetFlagStatus  stm32f10x_usart.o
    0x0800213e   0x00000054   Code   RO         2879    i.USART_GetITStatus  stm32f10x_usart.o
    0x08002192   0x0000004a   Code   RO         2881    i.USART_ITConfig    stm32f10x_usart.o
    0x080021dc   0x000000d8   Code   RO         2882    i.USART_Init        stm32f10x_usart.o
    0x080022b4   0x0000000a   Code   RO         2889    i.USART_ReceiveData  stm32f10x_usart.o
    0x080022be   0x00000008   Code   RO         2892    i.USART_SendData    stm32f10x_usart.o
    0x080022c6   0x00000004   Code   RO         3250    i.UsageFault_Handler  stm32f10x_it.o
    0x080022ca   0x00000002   PAD
    0x080022cc   0x000000ac   Code   RO         3593    i.WriteRawRC        rc522.o
    0x08002378   0x00000020   Code   RO         3952    i.__0printf         mc_w.l(printfa.o)
    0x08002398   0x00000028   Code   RO         3954    i.__0sprintf        mc_w.l(printfa.o)
    0x080023c0   0x00000028   Code   RO         4052    i.__ARM_fpclassify  m_ws.l(fpclassify.o)
    0x080023e8   0x000000aa   Code   RO         4054    i.__kernel_poly     m_ws.l(poly.o)
    0x08002492   0x00000002   PAD
    0x08002494   0x00000010   Code   RO         4050    i.__mathlib_dbl_underflow  m_ws.l(dunder.o)
    0x080024a4   0x0000000e   Code   RO         4064    i.__scatterload_copy  mc_w.l(handlers.o)
    0x080024b2   0x00000002   Code   RO         4065    i.__scatterload_null  mc_w.l(handlers.o)
    0x080024b4   0x0000000e   Code   RO         4066    i.__scatterload_zeroinit  mc_w.l(handlers.o)
    0x080024c2   0x00000002   PAD
    0x080024c4   0x0000015c   Code   RO         3959    i._fp_digits        mc_w.l(printfa.o)
    0x08002620   0x000006f0   Code   RO         3960    i._printf_core      mc_w.l(printfa.o)
    0x08002d10   0x00000026   Code   RO         3961    i._printf_post_padding  mc_w.l(printfa.o)
    0x08002d36   0x00000030   Code   RO         3962    i._printf_pre_padding  mc_w.l(printfa.o)
    0x08002d66   0x0000000a   Code   RO         3964    i._sputc            mc_w.l(printfa.o)
    0x08002d70   0x00000224   Code   RO         4001    i.atan              m_ws.l(atan.o)
    0x08002f94   0x00000180   Code   RO         3707    i.atan2             m_ws.l(atan2.o)
    0x08003114   0x00000016   Code   RO         3594    i.delay2            rc522.o
    0x0800312a   0x00000002   PAD
    0x0800312c   0x00000024   Code   RO         3401    i.fputc             bsp_usart1.o
    0x08003150   0x00000038   Code   RO         3498    i.i2c_Ack           bsp_i2c_gpio.o
    0x08003188   0x00000030   Code   RO         3499    i.i2c_CfgGpio       bsp_i2c_gpio.o
    0x080031b8   0x00000020   Code   RO         3500    i.i2c_CheckDevice   bsp_i2c_gpio.o
    0x080031d8   0x0000000e   Code   RO         3501    i.i2c_Delay         bsp_i2c_gpio.o
    0x080031e6   0x00000002   PAD
    0x080031e8   0x0000002c   Code   RO         3502    i.i2c_NAck          bsp_i2c_gpio.o
    0x08003214   0x00000048   Code   RO         3503    i.i2c_ReadByte      bsp_i2c_gpio.o
    0x0800325c   0x00000060   Code   RO         3504    i.i2c_SendByte      bsp_i2c_gpio.o
    0x080032bc   0x00000034   Code   RO         3505    i.i2c_Start         bsp_i2c_gpio.o
    0x080032f0   0x00000028   Code   RO         3506    i.i2c_Stop          bsp_i2c_gpio.o
    0x08003318   0x00000040   Code   RO         3507    i.i2c_WaitAck       bsp_i2c_gpio.o
    0x08003358   0x000000a0   Code   RO         3114    i.main              main.o
    0x080033f8   0x00000098   Data   RO         4002    .constdata          m_ws.l(atan.o)
    0x08003490   0x00000008   Data   RO         4010    .constdata          m_ws.l(qnan.o)
    0x08003498   0x00000020   Data   RO         4062    Region$$Table       anon$$obj.o


    Execution Region RW_IRAM1 (Base: 0x20000000, Size: 0x000004b8, Max: 0x00005000, ABSOLUTE)

    Base Addr    Size         Type   Attr      Idx    E Section Name        Object

    0x20000000   0x00000014   Data   RW           28    .data               system_stm32f10x.o
    0x20000014   0x00000014   Data   RW         1729    .data               stm32f10x_rcc.o
    0x20000028   0x00000001   Data   RW         3115    .data               main.o
    0x20000029   0x00000003   PAD
    0x2000002c   0x00000009   Data   RW         3251    .data               stm32f10x_it.o
    0x20000035   0x00000001   Data   RW         3313    .data               other.o
    0x20000036   0x00000002   PAD
    0x20000038   0x00000004   Data   RW         3369    .data               bsp_systick.o
    0x2000003c   0x00000064   Data   RW         3442    .data               hmc5883l.o
    0x200000a0   0x00000004   Data   RW         4025    .data               mc_w.l(stdout.o)
    0x200000a4   0x00000014   Zero   RW         3312    .bss                other.o
    0x200000b8   0x00000400   Zero   RW            1    STACK               startup_stm32f10x_hd.o


==============================================================================

Image component sizes


      Code (inc. data)   RO Data    RW Data    ZI Data      Debug   Object Name

       756         40          0          0          0       6993   bsp_i2c_gpio.o
        56          6          0          0          0        470   bsp_led.o
       196         24          0          4          0      17091   bsp_systick.o
       200         20          0          0          0       1532   bsp_usart1.o
         0          0          0          0          0       4212   core_cm3.o
      1312        292          0        100          0       4278   hmc5883l.o
      1656        610          0          1          0     222835   main.o
       136         24          0          0          0       1459   misc.o
       592        366          0          1         20       1937   other.o
      1172         22          0          0          0       7963   rc522.o
        36          8        304          0       1024        828   startup_stm32f10x_hd.o
       308          0          0          0          0       4009   stm32f10x_gpio.o
       104         12          0          9          0       4292   stm32f10x_it.o
       244         26          0         20          0       3761   stm32f10x_rcc.o
       442          6          0          0          0       5885   stm32f10x_usart.o
       324         26          0         20          0     228637   system_stm32f10x.o

    ----------------------------------------------------------------------
      7554       1482        336        160       1044     516182   Object Totals
         0          0         32          0          0          0   (incl. Generated)
        20          0          0          5          0          0   (incl. Padding)

    ----------------------------------------------------------------------

      Code (inc. data)   RO Data    RW Data    ZI Data      Debug   Library Member Name

       548         70        152          0          0        124   atan.o
       384         38          0          0          0        144   atan2.o
        16          6          0          0          0         68   dunder.o
        40          0          0          0          0         68   fpclassify.o
       170          0          0          0          0         96   poly.o
         0          0          8          0          0          0   qnan.o
         0          0          0          0          0          0   entry.o
         0          0          0          0          0          0   entry10a.o
         0          0          0          0          0          0   entry11a.o
         8          4          0          0          0          0   entry2.o
         4          0          0          0          0          0   entry5.o
         0          0          0          0          0          0   entry7b.o
         0          0          0          0          0          0   entry8b.o
         8          4          0          0          0          0   entry9a.o
        30          0          0          0          0          0   handlers.o
        36          8          0          0          0         68   init.o
         0          0          0          0          0          0   iusefp.o
        30          0          0          0          0         68   llshl.o
        36          0          0          0          0         68   llsshr.o
        32          0          0          0          0         68   llushr.o
        36          0          0          0          0        108   memseta.o
      2292         96          0          0          0        596   printfa.o
         0          0          0          4          0          0   stdout.o
        44          0          0          0          0         80   uidiv.o
        98          0          0          0          0         92   uldiv.o
        40          2          0          0          0         68   cdcmple.o
        40          2          0          0          0         68   cdrcmple.o
        56          0          0          0          0         88   d2f.o
       334          0          0          0          0        148   dadd.o
       222          0          0          0          0        100   ddiv.o
       190          0          0          0          0        176   depilogue.o
        48          0          0          0          0         68   dfixul.o
        34          0          0          0          0         76   dflti.o
       228          0          0          0          0         96   dmul.o
        46          0          0          0          0         80   dscalb.o
        38          0          0          0          0         68   f2d.o
       176          0          0          0          0        140   fadd.o
       108          0          0          0          0        168   fepilogue.o
        50          0          0          0          0         68   ffixi.o
        18          0          0          0          0         68   fflti.o

    ----------------------------------------------------------------------
      5446        230        160          4          0       3128   Library Totals
         6          0          0          0          0          0   (incl. Padding)

    ----------------------------------------------------------------------

      Code (inc. data)   RO Data    RW Data    ZI Data      Debug   Library Name

      1158        114        160          0          0        500   m_ws.l
      2654        112          0          4          0       1148   mc_w.l
      1628          4          0          0          0       1480   mf_w.l

    ----------------------------------------------------------------------
      5446        230        160          4          0       3128   Library Totals

    ----------------------------------------------------------------------

==============================================================================


      Code (inc. data)   RO Data    RW Data    ZI Data      Debug   

     13000       1712        496        164       1044     513902   Grand Totals
     13000       1712        496        164       1044     513902   ELF Image Totals
     13000       1712        496        164          0          0   ROM Totals

==============================================================================

    Total RO  Size (Code + RO Data)                13496 (  13.18kB)
    Total RW  Size (RW Data + ZI Data)              1208 (   1.18kB)
    Total ROM Size (Code + RO Data + RW Data)      13660 (  13.34kB)

==============================================================================

