<html>
<body>
<pre>
<h1>µVision Build Log</h1>
<h2>Project:</h2>
E:\Disk E\Graduation Project\Code\controller\Project\RVMDK£¨uv4£©\iSO-STM32.uvproj
Project File Date:  04/20/2017

<h2>Output:</h2>
Build target 'Controller'
compiling main.c...
compiling stm32f10x_it.c...
compiling can.c...
compiling led.c...
compiling screen.c...
compiling other.c...
compiling tcp_demo.c...
linking...
Program Size: Code=33866 RO-data=342 RW-data=352 ZI-data=5344  
FromELF: creating hex file...
"..\..\Output\Template.axf" - 0 Errors, 0 Warning(s).
Build target 'Controller'
compiling main.c...
compiling bsp_usart1.c...
linking...
Program Size: Code=33874 RO-data=342 RW-data=352 ZI-data=5344  
FromELF: creating hex file...
"..\..\Output\Template.axf" - 0 Errors, 0 Warning(s).
Build target 'Controller'
compiling main.c...
compiling stm32f10x_it.c...
compiling can.c...
compiling led.c...
compiling screen.c...
compiling other.c...
compiling bsp_usart1.c...
compiling bsp_spi_flash.c...
compiling bsp_i2c_ee.c...
compiling tcp_demo.c...
linking...
Program Size: Code=33978 RO-data=342 RW-data=352 ZI-data=5344  
FromELF: creating hex file...
"..\..\Output\Template.axf" - 0 Errors, 0 Warning(s).
Build target 'Controller'
compiling other.c...
linking...
Program Size: Code=33978 RO-data=342 RW-data=352 ZI-data=5344  
FromELF: creating hex file...
"..\..\Output\Template.axf" - 0 Errors, 0 Warning(s).
