<html>
<body>
<pre>
<h1>µVision Build Log</h1>
<h2>Project:</h2>
E:\Disk E\Graduation Project\Code\controller\Project\RVMDK£¨uv4£©\iSO-STM32.uvproj
Project File Date:  05/13/2017

<h2>Output:</h2>
Build target 'Controller'
compiling main.c...
compiling other.c...
linking...
Program Size: Code=36430 RO-data=342 RW-data=380 ZI-data=5372  
FromELF: creating hex file...
"..\..\Output\Template.axf" - 0 Errors, 0 Warning(s).
Load "..\\..\\Output\\Template.axf" 
Load "..\\..\\Output\\Template.axf" 
Load "..\\..\\Output\\Template.axf" 
No Algorithm found for: 08000000H - 08009043H
Erase skipped!
Load "..\\..\\Output\\Template.axf" 
Erase Done.
Programming Done.
Verify OK.
Application running ...
Build target 'Controller'
compiling main.c...
linking...
Program Size: Code=36438 RO-data=342 RW-data=380 ZI-data=5372  
FromELF: creating hex file...
"..\..\Output\Template.axf" - 0 Errors, 0 Warning(s).
Load "..\\..\\Output\\Template.axf" 
Erase Done.
Programming Done.
Verify OK.
Application running ...
Build target 'Controller'
compiling main.c...
linking...
Program Size: Code=36438 RO-data=342 RW-data=380 ZI-data=5372  
FromELF: creating hex file...
"..\..\Output\Template.axf" - 0 Errors, 0 Warning(s).
Load "..\\..\\Output\\Template.axf" 
Erase Done.
Programming Done.
Verify OK.
Application running ...
Build target 'Controller'
compiling screen.c...
linking...
Program Size: Code=36438 RO-data=342 RW-data=380 ZI-data=5372  
FromELF: creating hex file...
"..\..\Output\Template.axf" - 0 Errors, 0 Warning(s).
Load "..\\..\\Output\\Template.axf" 
Erase Done.
Programming Done.
Verify OK.
Application running ...
Build target 'Controller'
compiling screen.c...
linking...
Program Size: Code=36438 RO-data=342 RW-data=380 ZI-data=5372  
FromELF: creating hex file...
"..\..\Output\Template.axf" - 0 Errors, 0 Warning(s).
Load "..\\..\\Output\\Template.axf" 
Erase Done.
Programming Done.
Verify OK.
Application running ...
Build target 'Controller'
compiling screen.c...
linking...
Program Size: Code=36426 RO-data=342 RW-data=380 ZI-data=5372  
FromELF: creating hex file...
"..\..\Output\Template.axf" - 0 Errors, 0 Warning(s).
Load "..\\..\\Output\\Template.axf" 
Erase Done.
Programming Done.
Verify OK.
Application running ...
Build target 'Controller'
compiling main.c...
linking...
Program Size: Code=36418 RO-data=342 RW-data=380 ZI-data=5372  
FromELF: creating hex file...
"..\..\Output\Template.axf" - 0 Errors, 0 Warning(s).
Load "..\\..\\Output\\Template.axf" 
Erase Done.
Programming Done.
Verify OK.
Application running ...
Build target 'Controller'
compiling main.c...
linking...
Program Size: Code=36426 RO-data=342 RW-data=380 ZI-data=5372  
FromELF: creating hex file...
"..\..\Output\Template.axf" - 0 Errors, 0 Warning(s).
Load "..\\..\\Output\\Template.axf" 
Erase Done.
Programming Done.
Verify OK.
Application running ...
Build target 'Controller'
compiling main.c...
linking...
Program Size: Code=36462 RO-data=342 RW-data=380 ZI-data=5372  
FromELF: creating hex file...
"..\..\Output\Template.axf" - 0 Errors, 0 Warning(s).
Load "..\\..\\Output\\Template.axf" 
Erase Done.
Programming Done.
Verify OK.
Application running ...
Build target 'Controller'
compiling main.c...
linking...
Program Size: Code=36426 RO-data=342 RW-data=380 ZI-data=5372  
FromELF: creating hex file...
"..\..\Output\Template.axf" - 0 Errors, 0 Warning(s).
Load "..\\..\\Output\\Template.axf" 
Erase Done.
Programming Done.
Verify OK.
Application running ...
