<html>
<body>
<pre>
<h1>µVision Build Log</h1>
<h2>Project:</h2>
E:\Disk E\Graduation Project\Code\controller - CAN\Project\RVMDK£¨uv4£©\iSO-STM32.uvproj
Project File Date:  05/23/2017

<h2>Output:</h2>
Build target 'Controller'
compiling main.c...
linking...
Program Size: Code=38328 RO-data=344 RW-data=396 ZI-data=11500  
FromELF: creating hex file...
"..\..\Output\Template.axf" - 0 Errors, 0 Warning(s).
Load "..\\..\\Output\\Template.axf" 
Erase Done.
Programming Done.
Verify OK.
Application running ...
Build target 'Controller'
linking...
Program Size: Code=38328 RO-data=344 RW-data=396 ZI-data=11500  
FromELF: creating hex file...
"..\..\Output\Template.axf" - 0 Errors, 0 Warning(s).
Build target 'Controller'
compiling main.c...
linking...
Program Size: Code=38328 RO-data=344 RW-data=396 ZI-data=11500  
FromELF: creating hex file...
"..\..\Output\Template.axf" - 0 Errors, 0 Warning(s).
Load "..\\..\\Output\\Template.axf" 
Erase Done.
Programming Done.
Verify OK.
Application running ...
Build target 'Controller'
compiling main.c...
compiling stm32f10x_it.c...
compiling can.c...
compiling led.c...
compiling screen.c...
compiling other.c...
compiling queue.c...
compiling bsp_usart1.c...
compiling bsp_spi_flash.c...
compiling bsp_i2c_ee.c...
compiling bsp_actuator.c...
compiling tcp_demo.c...
linking...
Program Size: Code=38328 RO-data=344 RW-data=396 ZI-data=11500  
FromELF: creating hex file...
"..\..\Output\Template.axf" - 0 Errors, 0 Warning(s).
Build target 'Controller'
compiling main.c...
linking...
Program Size: Code=38320 RO-data=344 RW-data=396 ZI-data=11500  
FromELF: creating hex file...
"..\..\Output\Template.axf" - 0 Errors, 0 Warning(s).
Load "..\\..\\Output\\Template.axf" 
Erase Done.
Programming Done.
Verify OK.
Application running ...
Build target 'Controller'
compiling main.c...
linking...
Program Size: Code=38328 RO-data=344 RW-data=396 ZI-data=11500  
FromELF: creating hex file...
"..\..\Output\Template.axf" - 0 Errors, 0 Warning(s).
Load "..\\..\\Output\\Template.axf" 
Erase Done.
Programming Done.
Verify OK.
Application running ...
Build target 'Controller'
compiling main.c...
linking...
Program Size: Code=38328 RO-data=344 RW-data=396 ZI-data=11500  
FromELF: creating hex file...
"..\..\Output\Template.axf" - 0 Errors, 0 Warning(s).
Load "..\\..\\Output\\Template.axf" 
Erase Done.
Programming Done.
Verify OK.
Application running ...
Build target 'Controller'
compiling main.c...
linking...
Program Size: Code=38328 RO-data=344 RW-data=396 ZI-data=11500  
FromELF: creating hex file...
"..\..\Output\Template.axf" - 0 Errors, 0 Warning(s).
Load "..\\..\\Output\\Template.axf" 
Erase Done.
Programming Done.
Verify OK.
Application running ...
Build target 'Controller'
compiling main.c...
compiling stm32f10x_it.c...
compiling can.c...
compiling led.c...
compiling screen.c...
compiling other.c...
compiling queue.c...
compiling bsp_usart1.c...
compiling bsp_spi_flash.c...
compiling bsp_i2c_ee.c...
compiling bsp_actuator.c...
compiling tcp_demo.c...
linking...
Program Size: Code=38320 RO-data=344 RW-data=396 ZI-data=11500  
FromELF: creating hex file...
"..\..\Output\Template.axf" - 0 Errors, 0 Warning(s).
Load "..\\..\\Output\\Template.axf" 
Erase Failed!
Internal command error
Internal command error
Load "..\\..\\Output\\Template.axf" 
Erase Done.
Programming Done.
Verify OK.
Application running ...
Build target 'Controller'
linking...
Program Size: Code=38320 RO-data=344 RW-data=396 ZI-data=11500  
FromELF: creating hex file...
"..\..\Output\Template.axf" - 0 Errors, 0 Warning(s).
Load "..\\..\\Output\\Template.axf" 
Erase Done.
Programming Done.
Verify OK.
Application running ...
