<html>
<body>
<pre>
<h1>µVision Build Log</h1>
<h2>Project:</h2>
E:\Disk E\Graduation Project\Code\controller - CAN\Project\RVMDK£¨uv4£©\iSO-STM32.uvproj
Project File Date:  05/20/2017

<h2>Output:</h2>
Build target 'Controller'
compiling other.c...
linking...
Program Size: Code=37796 RO-data=344 RW-data=396 ZI-data=11500  
FromELF: creating hex file...
"..\..\Output\Template.axf" - 0 Errors, 0 Warning(s).
Load "..\\..\\Output\\Template.axf" 
Erase Done.
Programming Done.
Verify OK.
Application running ...
Build target 'Controller'
compiling other.c...
linking...
Program Size: Code=37796 RO-data=344 RW-data=396 ZI-data=11500  
FromELF: creating hex file...
"..\..\Output\Template.axf" - 0 Errors, 0 Warning(s).
Load "..\\..\\Output\\Template.axf" 
Erase Done.
Programming Done.
Verify OK.
Application running ...
Load "..\\..\\Output\\Template.axf" 
Erase Done.
Programming Done.
Verify OK.
Application running ...
Build target 'Controller'
compiling other.c...
linking...
Program Size: Code=37748 RO-data=344 RW-data=396 ZI-data=11500  
FromELF: creating hex file...
"..\..\Output\Template.axf" - 0 Errors, 0 Warning(s).
Load "..\\..\\Output\\Template.axf" 
Erase Done.
Programming Done.
Verify OK.
Application running ...
Build target 'Controller'
linking...
Program Size: Code=37748 RO-data=344 RW-data=396 ZI-data=11500  
FromELF: creating hex file...
"..\..\Output\Template.axf" - 0 Errors, 0 Warning(s).
Load "..\\..\\Output\\Template.axf" 
Erase Done.
Programming Done.
Verify OK.
Application running ...
Load "..\\..\\Output\\Template.axf" 
Erase Done.
Programming Done.
Verify OK.
Application running ...
Load "..\\..\\Output\\Template.axf" 
Erase Done.
Programming Done.
Verify OK.
Application running ...
Build target 'Controller'
compiling main.c...
compiling stm32f10x_it.c...
compiling can.c...
compiling led.c...
compiling screen.c...
compiling other.c...
compiling queue.c...
compiling bsp_usart1.c...
compiling bsp_spi_flash.c...
compiling bsp_i2c_ee.c...
compiling bsp_actuator.c...
compiling bsp_74hc595.c...
compiling tcp_demo.c...
linking...
Program Size: Code=37992 RO-data=344 RW-data=396 ZI-data=11500  
FromELF: creating hex file...
"..\..\Output\Template.axf" - 0 Errors, 0 Warning(s).
Build target 'Controller'
compiling main.c...
compiling stm32f10x_it.c...
compiling can.c...
compiling led.c...
compiling screen.c...
compiling other.c...
compiling queue.c...
compiling bsp_usart1.c...
compiling bsp_spi_flash.c...
compiling bsp_i2c_ee.c...
compiling bsp_actuator.c...
compiling bsp_74hc595.c...
compiling tcp_demo.c...
linking...
Program Size: Code=38020 RO-data=344 RW-data=396 ZI-data=11500  
FromELF: creating hex file...
"..\..\Output\Template.axf" - 0 Errors, 0 Warning(s).
Build target 'Controller'
compiling main.c...
compiling bsp_74hc595.c...
linking...
Program Size: Code=38028 RO-data=344 RW-data=396 ZI-data=11500  
FromELF: creating hex file...
"..\..\Output\Template.axf" - 0 Errors, 0 Warning(s).
Load "..\\..\\Output\\Template.axf" 
Erase Failed!
Internal command error
Internal command error
Load "..\\..\\Output\\Template.axf" 
Erase Failed!
Internal command error
Internal command error
Load "..\\..\\Output\\Template.axf" 
Erase Done.
Programming Done.
Verify OK.
Application running ...
Build target 'Controller'
compiling main.c...
linking...
Program Size: Code=38028 RO-data=344 RW-data=396 ZI-data=11500  
FromELF: creating hex file...
"..\..\Output\Template.axf" - 0 Errors, 0 Warning(s).
Load "..\\..\\Output\\Template.axf" 
Erase Failed!
Internal command error
Internal command error
Load "..\\..\\Output\\Template.axf" 
Erase Done.
Programming Done.
Verify OK.
Application running ...
Build target 'Controller'
compiling main.c...
compiling bsp_74hc595.c...
linking...
Program Size: Code=38028 RO-data=344 RW-data=396 ZI-data=11500  
FromELF: creating hex file...
"..\..\Output\Template.axf" - 0 Errors, 0 Warning(s).
Load "..\\..\\Output\\Template.axf" 
Erase Done.
Programming Done.
Verify OK.
Application running ...
Build target 'Controller'
linking...
Program Size: Code=38028 RO-data=344 RW-data=396 ZI-data=11500  
FromELF: creating hex file...
"..\..\Output\Template.axf" - 0 Errors, 0 Warning(s).
Load "..\\..\\Output\\Template.axf" 
Erase Done.
Programming Done.
Verify OK.
Application running ...
Build target 'Controller'
compiling main.c...
linking...
Program Size: Code=38028 RO-data=344 RW-data=396 ZI-data=11500  
FromELF: creating hex file...
"..\..\Output\Template.axf" - 0 Errors, 0 Warning(s).
Load "..\\..\\Output\\Template.axf" 
Erase Done.
Programming Done.
Verify OK.
Application running ...
Build target 'Controller'
linking...
Program Size: Code=38028 RO-data=344 RW-data=396 ZI-data=11500  
FromELF: creating hex file...
"..\..\Output\Template.axf" - 0 Errors, 0 Warning(s).
Build target 'Controller'
compiling main.c...
linking...
Program Size: Code=38028 RO-data=344 RW-data=396 ZI-data=11500  
FromELF: creating hex file...
"..\..\Output\Template.axf" - 0 Errors, 0 Warning(s).
Load "..\\..\\Output\\Template.axf" 
Erase Failed!
Internal command error
Internal command error
Load "..\\..\\Output\\Template.axf" 
Erase Done.
Programming Done.
Verify OK.
Application running ...
Build target 'Controller'
compiling main.c...
linking...
Program Size: Code=38028 RO-data=344 RW-data=396 ZI-data=11500  
FromELF: creating hex file...
"..\..\Output\Template.axf" - 0 Errors, 0 Warning(s).
Load "..\\..\\Output\\Template.axf" 
Erase Failed!
Internal command error
Internal command error
Load "..\\..\\Output\\Template.axf" 
Erase Failed!
Internal command error
Internal command error
Load "..\\..\\Output\\Template.axf" 
Erase Done.
Programming Done.
Verify OK.
Application running ...
Build target 'Controller'
linking...
Program Size: Code=38028 RO-data=344 RW-data=396 ZI-data=11500  
FromELF: creating hex file...
"..\..\Output\Template.axf" - 0 Errors, 0 Warning(s).
Load "..\\..\\Output\\Template.axf" 
Erase Done.
Programming Done.
Verify OK.
Application running ...
Build target 'Controller'
compiling main.c...
linking...
Program Size: Code=38028 RO-data=344 RW-data=396 ZI-data=11500  
FromELF: creating hex file...
"..\..\Output\Template.axf" - 0 Errors, 0 Warning(s).
Load "..\\..\\Output\\Template.axf" 
Erase Done.
Programming Done.
Verify OK.
Application running ...
Build target 'Controller'
compiling main.c...
linking...
Program Size: Code=38028 RO-data=344 RW-data=396 ZI-data=11500  
FromELF: creating hex file...
"..\..\Output\Template.axf" - 0 Errors, 0 Warning(s).
Load "..\\..\\Output\\Template.axf" 
Erase Done.
Programming Done.
Verify OK.
Application running ...
Build target 'Controller'
compiling main.c...
linking...
Program Size: Code=38028 RO-data=344 RW-data=396 ZI-data=11500  
FromELF: creating hex file...
"..\..\Output\Template.axf" - 0 Errors, 0 Warning(s).
Load "..\\..\\Output\\Template.axf" 
Erase Done.
Programming Done.
Verify OK.
Application running ...
Build target 'Controller'
compiling main.c...
linking...
Program Size: Code=38028 RO-data=344 RW-data=396 ZI-data=11500  
FromELF: creating hex file...
"..\..\Output\Template.axf" - 0 Errors, 0 Warning(s).
Load "..\\..\\Output\\Template.axf" 
Erase Done.
Programming Done.
Verify OK.
Application running ...
Build target 'Controller'
compiling main.c...
compiling bsp_actuator.c...
linking...
Program Size: Code=38052 RO-data=344 RW-data=396 ZI-data=11500  
FromELF: creating hex file...
"..\..\Output\Template.axf" - 0 Errors, 0 Warning(s).
Load "..\\..\\Output\\Template.axf" 
Erase Done.
Programming Done.
Verify OK.
Application running ...
Build target 'Controller'
compiling main.c...
linking...
Program Size: Code=38052 RO-data=344 RW-data=396 ZI-data=11500  
FromELF: creating hex file...
"..\..\Output\Template.axf" - 0 Errors, 0 Warning(s).
Load "..\\..\\Output\\Template.axf" 
Erase Done.
Programming Done.
Verify OK.
Application running ...
Build target 'Controller'
compiling other.c...
linking...
Program Size: Code=38096 RO-data=344 RW-data=396 ZI-data=11500  
FromELF: creating hex file...
"..\..\Output\Template.axf" - 0 Errors, 0 Warning(s).
Build target 'Controller'
compiling main.c...
linking...
Program Size: Code=38104 RO-data=344 RW-data=396 ZI-data=11500  
FromELF: creating hex file...
"..\..\Output\Template.axf" - 0 Errors, 0 Warning(s).
Load "..\\..\\Output\\Template.axf" 
Load "..\\..\\Output\\Template.axf" 
Erase Done.
Programming Done.
Verify OK.
Application running ...
Build target 'Controller'
compiling main.c...
linking...
Program Size: Code=38104 RO-data=344 RW-data=396 ZI-data=11500  
FromELF: creating hex file...
"..\..\Output\Template.axf" - 0 Errors, 0 Warning(s).
Load "..\\..\\Output\\Template.axf" 
Erase Done.
Programming Done.
Verify OK.
Application running ...
Load "..\\..\\Output\\Template.axf" 
Erase Done.
Programming Done.
Verify OK.
Application running ...
Build target 'Controller'
compiling main.c...
linking...
Program Size: Code=38104 RO-data=344 RW-data=396 ZI-data=11500  
FromELF: creating hex file...
"..\..\Output\Template.axf" - 0 Errors, 0 Warning(s).
Load "..\\..\\Output\\Template.axf" 
Erase Done.
Programming Done.
Verify OK.
Application running ...
Build target 'Controller'
compiling main.c...
linking...
Program Size: Code=38104 RO-data=344 RW-data=396 ZI-data=11500  
FromELF: creating hex file...
"..\..\Output\Template.axf" - 0 Errors, 0 Warning(s).
Load "..\\..\\Output\\Template.axf" 
Erase Done.
Programming Done.
Verify OK.
Application running ...
Build target 'Controller'
linking...
Program Size: Code=38104 RO-data=344 RW-data=396 ZI-data=11500  
FromELF: creating hex file...
"..\..\Output\Template.axf" - 0 Errors, 0 Warning(s).
Load "..\\..\\Output\\Template.axf" 
Erase Done.
Programming Done.
Verify OK.
Application running ...
Build target 'Controller'
compiling main.c...
linking...
Program Size: Code=38096 RO-data=344 RW-data=396 ZI-data=11500  
FromELF: creating hex file...
"..\..\Output\Template.axf" - 0 Errors, 0 Warning(s).
Load "..\\..\\Output\\Template.axf" 
Erase Done.
Programming Done.
Verify OK.
Application running ...
Load "..\\..\\Output\\Template.axf" 
Erase Done.
Programming Done.
Verify OK.
Application running ...
Build target 'Controller'
linking...
Program Size: Code=38096 RO-data=344 RW-data=396 ZI-data=11500  
FromELF: creating hex file...
"..\..\Output\Template.axf" - 0 Errors, 0 Warning(s).
Load "..\\..\\Output\\Template.axf" 
Erase Done.
Programming Done.
Verify OK.
Application running ...
Load "..\\..\\Output\\Template.axf" 
Build target 'Controller'
compiling main.c...
compiling stm32f10x_it.c...
compiling can.c...
compiling led.c...
compiling screen.c...
compiling other.c...
compiling queue.c...
compiling bsp_usart1.c...
compiling bsp_spi_flash.c...
compiling bsp_i2c_ee.c...
compiling bsp_actuator.c...
compiling tcp_demo.c...
linking...
Program Size: Code=38192 RO-data=344 RW-data=396 ZI-data=11500  
FromELF: creating hex file...
"..\..\Output\Template.axf" - 0 Errors, 0 Warning(s).
Load "..\\..\\Output\\Template.axf" 
Erase Done.
Programming Done.
Verify OK.
Application running ...
Build target 'Controller'
compiling main.c...
linking...
Program Size: Code=38200 RO-data=344 RW-data=396 ZI-data=11500  
FromELF: creating hex file...
"..\..\Output\Template.axf" - 0 Errors, 0 Warning(s).
Load "..\\..\\Output\\Template.axf" 
Erase Done.
Programming Done.
Verify OK.
Application running ...
Build target 'Controller'
compiling main.c...
linking...
Program Size: Code=38200 RO-data=344 RW-data=396 ZI-data=11500  
FromELF: creating hex file...
"..\..\Output\Template.axf" - 0 Errors, 0 Warning(s).
Load "..\\..\\Output\\Template.axf" 
Erase Done.
Programming Done.
Verify OK.
Application running ...
Build target 'Controller'
compiling bsp_actuator.c...
linking...
Program Size: Code=38200 RO-data=344 RW-data=396 ZI-data=11500  
FromELF: creating hex file...
"..\..\Output\Template.axf" - 0 Errors, 0 Warning(s).
Load "..\\..\\Output\\Template.axf" 
Erase Done.
Programming Done.
Verify OK.
Application running ...
Build target 'Controller'
compiling main.c...
linking...
Program Size: Code=38192 RO-data=344 RW-data=396 ZI-data=11500  
FromELF: creating hex file...
"..\..\Output\Template.axf" - 0 Errors, 0 Warning(s).
Load "..\\..\\Output\\Template.axf" 
Erase Done.
Programming Done.
Verify OK.
Application running ...
Build target 'Controller'
compiling main.c...
linking...
Program Size: Code=38200 RO-data=344 RW-data=396 ZI-data=11500  
FromELF: creating hex file...
"..\..\Output\Template.axf" - 0 Errors, 0 Warning(s).
Load "..\\..\\Output\\Template.axf" 
Erase Done.
Programming Done.
Verify OK.
Application running ...
Build target 'Controller'
compiling main.c...
linking...
Program Size: Code=38200 RO-data=344 RW-data=396 ZI-data=11500  
FromELF: creating hex file...
"..\..\Output\Template.axf" - 0 Errors, 0 Warning(s).
Load "..\\..\\Output\\Template.axf" 
Erase Failed!
Internal command error
Load "..\\..\\Output\\Template.axf" 
Erase Done.
Programming Failed!
Internal command error
Load "..\\..\\Output\\Template.axf" 
Erase Done.
Programming Done.
Verify OK.
Application running ...
Build target 'Controller'
compiling main.c...
linking...
Program Size: Code=38200 RO-data=344 RW-data=396 ZI-data=11500  
FromELF: creating hex file...
"..\..\Output\Template.axf" - 0 Errors, 0 Warning(s).
Load "..\\..\\Output\\Template.axf" 
Erase Done.
Programming Done.
Verify OK.
Application running ...
Build target 'Controller'
compiling main.c...
linking...
Program Size: Code=38200 RO-data=344 RW-data=396 ZI-data=11500  
FromELF: creating hex file...
"..\..\Output\Template.axf" - 0 Errors, 0 Warning(s).
Load "..\\..\\Output\\Template.axf" 
Erase Done.
Programming Done.
Cannot access Memory
Load "..\\..\\Output\\Template.axf" 
Erase Done.
Programming Done.
Verify OK.
Application running ...
Build target 'Controller'
compiling main.c...
linking...
Program Size: Code=38200 RO-data=344 RW-data=396 ZI-data=11500  
FromELF: creating hex file...
"..\..\Output\Template.axf" - 0 Errors, 0 Warning(s).
Load "..\\..\\Output\\Template.axf" 
Erase Done.
Programming Done.
Verify OK.
Application running ...
Build target 'Controller'
compiling main.c...
linking...
Program Size: Code=38200 RO-data=344 RW-data=396 ZI-data=11500  
FromELF: creating hex file...
"..\..\Output\Template.axf" - 0 Errors, 0 Warning(s).
Load "..\\..\\Output\\Template.axf" 
Erase Done.
Programming Done.
Verify OK.
Application running ...
Build target 'Controller'
linking...
Program Size: Code=38200 RO-data=344 RW-data=396 ZI-data=11500  
FromELF: creating hex file...
"..\..\Output\Template.axf" - 0 Errors, 0 Warning(s).
Load "..\\..\\Output\\Template.axf" 
Erase Done.
Programming Done.
Verify OK.
Application running ...
Build target 'Controller'
compiling main.c...
linking...
Program Size: Code=38200 RO-data=344 RW-data=396 ZI-data=11500  
FromELF: creating hex file...
"..\..\Output\Template.axf" - 0 Errors, 0 Warning(s).
Load "..\\..\\Output\\Template.axf" 
Erase Done.
Programming Done.
Verify OK.
Application running ...
Build target 'Controller'
compiling main.c...
linking...
Program Size: Code=38200 RO-data=344 RW-data=396 ZI-data=11500  
FromELF: creating hex file...
"..\..\Output\Template.axf" - 0 Errors, 0 Warning(s).
Load "..\\..\\Output\\Template.axf" 
Erase Done.
Programming Done.
Verify OK.
Application running ...
Build target 'Controller'
compiling bsp_SysTick.c...
linking...
Program Size: Code=38192 RO-data=344 RW-data=396 ZI-data=11500  
FromELF: creating hex file...
"..\..\Output\Template.axf" - 0 Errors, 0 Warning(s).
Load "..\\..\\Output\\Template.axf" 
Erase Done.
Programming Done.
Verify OK.
Application running ...
Build target 'Controller'
compiling main.c...
compiling bsp_74hc595.c...
linking...
Program Size: Code=38212 RO-data=344 RW-data=396 ZI-data=11500  
FromELF: creating hex file...
"..\..\Output\Template.axf" - 0 Errors, 0 Warning(s).
Load "..\\..\\Output\\Template.axf" 
Erase Done.
Programming Done.
Verify OK.
Application running ...
Build target 'Controller'
compiling bsp_actuator.c...
linking...
Program Size: Code=38212 RO-data=344 RW-data=396 ZI-data=11500  
FromELF: creating hex file...
"..\..\Output\Template.axf" - 0 Errors, 0 Warning(s).
Load "..\\..\\Output\\Template.axf" 
Erase Done.
Programming Done.
Verify OK.
Application running ...
Build target 'Controller'
compiling main.c...
linking...
Program Size: Code=38212 RO-data=344 RW-data=396 ZI-data=11500  
FromELF: creating hex file...
"..\..\Output\Template.axf" - 0 Errors, 0 Warning(s).
Load "..\\..\\Output\\Template.axf" 
Erase Done.
Programming Done.
Verify OK.
Application running ...
Load "..\\..\\Output\\Template.axf" 
Erase Done.
Programming Done.
Verify OK.
Application running ...
Load "..\\..\\Output\\Template.axf" 
Erase Done.
Programming Done.
Verify OK.
Application running ...
Load "..\\..\\Output\\Template.axf" 
Erase Done.
Programming Done.
Verify OK.
Application running ...
Load "..\\..\\Output\\Template.axf" 
Erase Done.
Programming Failed!
Internal command error
Internal command error
Load "..\\..\\Output\\Template.axf" 
Erase Done.
Programming Done.
Verify OK.
Application running ...
Build target 'Controller'
linking...
Program Size: Code=38212 RO-data=344 RW-data=396 ZI-data=11500  
FromELF: creating hex file...
"..\..\Output\Template.axf" - 0 Errors, 0 Warning(s).
Load "..\\..\\Output\\Template.axf" 
Erase Done.
Programming Done.
Verify OK.
Application running ...
Build target 'Controller'
compiling main.c...
linking...
Program Size: Code=38212 RO-data=344 RW-data=396 ZI-data=11500  
FromELF: creating hex file...
"..\..\Output\Template.axf" - 0 Errors, 0 Warning(s).
Load "..\\..\\Output\\Template.axf" 
Erase Done.
Programming Done.
Verify OK.
Application running ...
Build target 'Controller'
compiling bsp_actuator.c...
compiling bsp_74hc595.c...
linking...
Program Size: Code=38204 RO-data=344 RW-data=396 ZI-data=11500  
FromELF: creating hex file...
"..\..\Output\Template.axf" - 0 Errors, 0 Warning(s).
Load "..\\..\\Output\\Template.axf" 
Erase Done.
Programming Done.
Verify OK.
Application running ...
Build target 'Controller'
compiling bsp_actuator.c...
linking...
Program Size: Code=38212 RO-data=344 RW-data=396 ZI-data=11500  
FromELF: creating hex file...
"..\..\Output\Template.axf" - 0 Errors, 0 Warning(s).
Load "..\\..\\Output\\Template.axf" 
Erase Failed!
Internal command error
Internal command error
Load "..\\..\\Output\\Template.axf" 
Erase Done.
Programming Done.
Verify OK.
Application running ...
Build target 'Controller'
compiling main.c...
compiling bsp_actuator.c...
linking...
Program Size: Code=38212 RO-data=344 RW-data=396 ZI-data=11500  
FromELF: creating hex file...
"..\..\Output\Template.axf" - 0 Errors, 0 Warning(s).
Build target 'Controller'
compiling main.c...
linking...
Program Size: Code=38212 RO-data=344 RW-data=396 ZI-data=11500  
FromELF: creating hex file...
"..\..\Output\Template.axf" - 0 Errors, 0 Warning(s).
Load "..\\..\\Output\\Template.axf" 
Erase Done.
Programming Done.
Verify OK.
Application running ...
Load "..\\..\\Output\\Template.axf" 
Erase Done.
Programming Done.
Verify OK.
Application running ...
Build target 'Controller'
compiling main.c...
compiling stm32f10x_it.c...
compiling can.c...
compiling led.c...
compiling screen.c...
compiling other.c...
compiling queue.c...
compiling bsp_usart1.c...
compiling bsp_spi_flash.c...
compiling bsp_i2c_ee.c...
compiling bsp_actuator.c...
compiling tcp_demo.c...
linking...
Program Size: Code=38228 RO-data=344 RW-data=396 ZI-data=11500  
FromELF: creating hex file...
"..\..\Output\Template.axf" - 0 Errors, 0 Warning(s).
Load "..\\..\\Output\\Template.axf" 
Erase Done.
Programming Done.
Verify OK.
Application running ...
Build target 'Controller'
compiling main.c...
linking...
Program Size: Code=38236 RO-data=344 RW-data=396 ZI-data=11500  
FromELF: creating hex file...
"..\..\Output\Template.axf" - 0 Errors, 0 Warning(s).
Load "..\\..\\Output\\Template.axf" 
Erase Done.
Programming Done.
Verify OK.
Application running ...
Build target 'Controller'
compiling main.c...
linking...
Program Size: Code=38212 RO-data=344 RW-data=396 ZI-data=11500  
FromELF: creating hex file...
"..\..\Output\Template.axf" - 0 Errors, 0 Warning(s).
Load "..\\..\\Output\\Template.axf" 
Load "..\\..\\Output\\Template.axf" 
Erase Done.
Programming Done.
Verify OK.
Application running ...
