ARM Linker, 5.03 [Build 76] [MDK-ARM Standard]

==============================================================================

Section Cross References

    startup_stm32f10x_hd.o(RESET) refers to startup_stm32f10x_hd.o(STACK) for __initial_sp
    startup_stm32f10x_hd.o(RESET) refers to startup_stm32f10x_hd.o(.text) for Reset_Handler
    startup_stm32f10x_hd.o(RESET) refers to stm32f10x_it.o(.text) for NMI_Handler
    startup_stm32f10x_hd.o(RESET) refers to can.o(.text) for USB_LP_CAN1_RX0_IRQHandler
    startup_stm32f10x_hd.o(RESET) refers to bsp_timbase.o(.text) for TIM2_IRQHandler
    startup_stm32f10x_hd.o(RESET) refers to bsp_usart1.o(.text) for USART1_IRQHandler
    startup_stm32f10x_hd.o(RESET) refers to screen.o(.text) for USART2_IRQHandler
    startup_stm32f10x_hd.o(.text) refers to system_stm32f10x.o(.text) for SystemInit
    startup_stm32f10x_hd.o(.text) refers to entry.o(.ARM.Collect$$$$00000000) for __main
    system_stm32f10x.o(.text) refers to system_stm32f10x.o(.data) for SystemCoreClock
    stm32f10x_adc.o(.text) refers to stm32f10x_rcc.o(.text) for RCC_APB2PeriphResetCmd
    stm32f10x_bkp.o(.text) refers to stm32f10x_rcc.o(.text) for RCC_BackupResetCmd
    stm32f10x_can.o(.text) refers to stm32f10x_rcc.o(.text) for RCC_APB1PeriphResetCmd
    stm32f10x_cec.o(.text) refers to stm32f10x_rcc.o(.text) for RCC_APB1PeriphResetCmd
    stm32f10x_dac.o(.text) refers to stm32f10x_rcc.o(.text) for RCC_APB1PeriphResetCmd
    stm32f10x_gpio.o(.text) refers to stm32f10x_rcc.o(.text) for RCC_APB2PeriphResetCmd
    stm32f10x_i2c.o(.text) refers to stm32f10x_rcc.o(.text) for RCC_APB1PeriphResetCmd
    stm32f10x_pwr.o(.text) refers to stm32f10x_rcc.o(.text) for RCC_APB1PeriphResetCmd
    stm32f10x_rcc.o(.text) refers to stm32f10x_rcc.o(.data) for APBAHBPrescTable
    stm32f10x_spi.o(.text) refers to stm32f10x_rcc.o(.text) for RCC_APB2PeriphResetCmd
    stm32f10x_tim.o(.text) refers to stm32f10x_rcc.o(.text) for RCC_APB2PeriphResetCmd
    stm32f10x_usart.o(.text) refers to stm32f10x_rcc.o(.text) for RCC_APB2PeriphResetCmd
    stm32f10x_wwdg.o(.text) refers to stm32f10x_rcc.o(.text) for RCC_APB1PeriphResetCmd
    main.o(.text) refers to stm32f10x_rcc.o(.text) for RCC_APB2PeriphClockCmd
    main.o(.text) refers to stm32f10x_gpio.o(.text) for GPIO_Init
    main.o(.text) refers to misc.o(.text) for NVIC_PriorityGroupConfig
    main.o(.text) refers to bsp_usart1.o(.text) for USART1_Config
    main.o(.text) refers to can.o(.text) for CAN_Config
    main.o(.text) refers to ds3231.o(.text) for DS3231_Config
    main.o(.text) refers to bsp_actuator.o(.text) for ActuatorInit
    main.o(.text) refers to led.o(.text) for LED_STATE_Config
    main.o(.text) refers to bsp_systick.o(.text) for SysTick_Init
    main.o(.text) refers to screen.o(.text) for Screen_Config
    main.o(.text) refers to printf8.o(i.__0printf$8) for __2printf
    main.o(.text) refers to tcp_demo.o(.text) for do_tcp_server
    main.o(.text) refers to other.o(.text) for DealActuator
    main.o(.text) refers to main.o(.data) for Ctrl_ID
    main.o(.text) refers to stm32f10x_it.o(.data) for tick
    main.o(.text) refers to w5500_conf.o(.data) for dhcp_ok
    stm32f10x_it.o(.text) refers to bsp_systick.o(.text) for TimingDelay_Decrement
    stm32f10x_it.o(.text) refers to stm32f10x_exti.o(.text) for EXTI_GetITStatus
    stm32f10x_it.o(.text) refers to ds3231.o(.text) for DS3231_ReadTime
    stm32f10x_it.o(.text) refers to stm32f10x_it.o(.data) for tick
    stm32f10x_it.o(.text) refers to main.o(.data) for GetTime
    can.o(.text) refers to stm32f10x_rcc.o(.text) for RCC_APB2PeriphClockCmd
    can.o(.text) refers to stm32f10x_gpio.o(.text) for GPIO_Init
    can.o(.text) refers to stm32f10x_can.o(.text) for CAN_DeInit
    can.o(.text) refers to other.o(.text) for DealCAN
    can.o(.text) refers to main.o(.data) for CANFlag
    ds3231.o(.text) refers to stm32f10x_rcc.o(.text) for RCC_APB2PeriphClockCmd
    ds3231.o(.text) refers to stm32f10x_gpio.o(.text) for GPIO_Init
    ds3231.o(.text) refers to stm32f10x_exti.o(.text) for EXTI_Init
    ds3231.o(.text) refers to bsp_i2c_gpio.o(.text) for i2c_CheckDevice
    ds3231.o(.text) refers to printf8.o(i.__0printf$8) for __2printf
    ds3231.o(.text) refers to memseta.o(.text) for __aeabi_memclr4
    led.o(.text) refers to stm32f10x_rcc.o(.text) for RCC_APB2PeriphClockCmd
    led.o(.text) refers to stm32f10x_gpio.o(.text) for GPIO_Init
    led.o(.text) refers to stm32f10x_it.o(.data) for wave
    screen.o(.text) refers to stm32f10x_rcc.o(.text) for RCC_APB2PeriphClockCmd
    screen.o(.text) refers to stm32f10x_gpio.o(.text) for GPIO_Init
    screen.o(.text) refers to stm32f10x_usart.o(.text) for USART_Init
    screen.o(.text) refers to bsp_usart1.o(.text) for USART_SendString
    screen.o(.text) refers to main.o(.data) for GetTime
    screen.o(.text) refers to main.o(.bss) for Fired
    screen.o(.text) refers to w5500_conf.o(.data) for local_ip
[...]
    .text                                    0x08000168   Section        0  system_stm32f10x.o(.text)
    SetSysClockTo72                          0x08000169   Thumb Code   212  system_stm32f10x.o(.text)
    SetSysClock                              0x0800023d   Thumb Code     8  system_stm32f10x.o(.text)
    .text                                    0x08000344   Section        0  misc.o(.text)
    .text                                    0x08000420   Section        0  stm32f10x_can.o(.text)
    CheckITStatus                            0x08000c23   Thumb Code    16  stm32f10x_can.o(.text)
    .text                                    0x08000e0c   Section        0  stm32f10x_exti.o(.text)
    .text                                    0x08000f28   Section        0  stm32f10x_gpio.o(.text)
    .text                                    0x08001280   Section        0  stm32f10x_rcc.o(.text)
    .text                                    0x08001624   Section        0  stm32f10x_spi.o(.text)
    .text                                    0x08001930   Section        0  stm32f10x_tim.o(.text)
    TI4_Config                               0x08001dd7   Thumb Code   130  stm32f10x_tim.o(.text)
    TI3_Config                               0x08001e6b   Thumb Code   122  stm32f10x_tim.o(.text)
    TI2_Config                               0x08001eff   Thumb Code   130  stm32f10x_tim.o(.text)
    TI1_Config                               0x08001f93   Thumb Code   108  stm32f10x_tim.o(.text)
    .text                                    0x0800274c   Section        0  stm32f10x_usart.o(.text)
    .text                                    0x08002b54   Section        0  main.o(.text)
    .text                                    0x08002d38   Section        0  stm32f10x_it.o(.text)
    .text                                    0x08002e3c   Section        0  can.o(.text)
    .text                                    0x08002f9c   Section        0  ds3231.o(.text)
    .text                                    0x08003284   Section        0  led.o(.text)
    .text                                    0x0800330c   Section        0  screen.o(.text)
    .text                                    0x08003bc0   Section        0  other.o(.text)
    .text                                    0x08004678   Section        0  bsp_i2c_gpio.o(.text)
    .text                                    0x0800485c   Section        0  bsp_systick.o(.text)
    .text                                    0x08004918   Section        0  bsp_usart1.o(.text)
    .text                                    0x08004a48   Section        0  bsp_spi_flash.o(.text)
    .text                                    0x08005100   Section        0  bsp_i2c_ee.o(.text)
    ee_Delay                                 0x0800523d   Thumb Code    18  bsp_i2c_ee.o(.text)
    .text                                    0x080053ec   Section        0  bsp_timbase.o(.text)
    .text                                    0x08005458   Section        0  bsp_actuator.o(.text)
    .text                                    0x08005770   Section        0  socket.o(.text)
    .text                                    0x08005dfc   Section        0  utility.o(.text)
    .text                                    0x080061f4   Section        0  w5500.o(.text)
    .text                                    0x080065c8   Section        0  w5500_conf.o(.text)
    .text                                    0x08006ad4   Section        0  dhcp.o(.text)
    .text                                    0x08007964   Section        0  tcp_demo.o(.text)
    .text                                    0x08007b74   Section        0  memseta.o(.text)
    .text                                    0x08007b98   Section        0  strstr.o(.text)
    .text                                    0x08007bbc   Section        0  strncpy.o(.text)
    .text                                    0x08007bd4   Section        0  strlen.o(.text)
    .text                                    0x08007be2   Section        0  memcmp.o(.text)
    .text                                    0x08007bfc   Section        0  strcpy.o(.text)
    .text                                    0x08007c10   Section        0  strtok.o(.text)
    .text                                    0x08007c54   Section        0  uidiv.o(.text)
    .text                                    0x08007c80   Section        0  uldiv.o(.text)
    .text                                    0x08007ce2   Section        0  iusefp.o(.text)
    .text                                    0x08007ce2   Section        0  dadd.o(.text)
    .text                                    0x08007e30   Section        0  dmul.o(.text)
    .text                                    0x08007f14   Section        0  ddiv.o(.text)
    .text                                    0x08007ff2   Section        0  dfixul.o(.text)
    .text                                    0x08008024   Section       40  cdrcmple.o(.text)
    .text                                    0x0800804c   Section       36  init.o(.text)
    .text                                    0x08008070   Section        0  llshl.o(.text)
    .text                                    0x0800808e   Section        0  llushr.o(.text)
    .text                                    0x080080ae   Section        0  llsshr.o(.text)
    .text                                    0x080080d2   Section        0  depilogue.o(.text)
    .text                                    0x08008190   Section        0  __dczerorl2.o(.text)
    i.__0printf                              0x080081ec   Section        0  printfa.o(i.__0printf)
    i.__0printf$8                            0x0800820c   Section        0  printf8.o(i.__0printf$8)
    i.__0sprintf$8                           0x0800822c   Section        0  printf8.o(i.__0sprintf$8)
    i.__scatterload_copy                     0x08008254   Section       14  handlers.o(i.__scatterload_copy)
    i.__scatterload_null                     0x08008262   Section        2  handlers.o(i.__scatterload_null)
    i.__scatterload_zeroinit                 0x08008264   Section       14  handlers.o(i.__scatterload_zeroinit)
    i._fp_digits                             0x08008274   Section        0  printfa.o(i._fp_digits)
    _fp_digits                               0x08008275   Thumb Code   326  printfa.o(i._fp_digits)
    i._printf_core                           0x080083d0   Section        0  printf8.o(i._printf_core)
    _printf_core                             0x080083d1   Thumb Code   988  printf8.o(i._printf_core)
    i._printf_core                           0x080087d8   Section        0  printfa.o(i._printf_core)
    _printf_core                             0x080087d9   Thumb Code  1762  printfa.o(i._printf_core)
    i._printf_post_padding                   0x08008ec8   Section        0  printf8.o(i._printf_post_padding)
    _printf_post_padding                     0x08008ec9   Thumb Code    38  printf8.o(i._printf_post_padding)
    i._printf_post_padding                   0x08008eee   Section        0  printfa.o(i._printf_post_padding)
    _printf_post_padding                     0x08008eef   Thumb Code    38  printfa.o(i._printf_post_padding)
    i._printf_pre_padding                    0x08008f14   Section        0  printf8.o(i._printf_pre_padding)
    _printf_pre_padding                      0x08008f15   Thumb Code    48  printf8.o(i._printf_pre_padding)
    i._printf_pre_padding                    0x08008f44   Section        0  printfa.o(i._printf_pre_padding)
    _printf_pre_padding                      0x08008f45   Thumb Code    48  printfa.o(i._printf_pre_padding)
    i._sputc                                 0x08008f74   Section        0  printf8.o(i._sputc)
    _sputc                                   0x08008f75   Thumb Code    10  printf8.o(i._sputc)
    .conststring                             0x08008f7e   Section        5  dhcp.o(.conststring)
    .data                                    0x20000000   Section       20  system_stm32f10x.o(.data)
    .data                                    0x20000014   Section       20  stm32f10x_rcc.o(.data)
    APBAHBPrescTable                         0x20000014   Data          16  stm32f10x_rcc.o(.data)
    ADCPrescTable                            0x20000024   Data           4  stm32f10x_rcc.o(.data)
    .data                                    0x20000028   Section       76  main.o(.data)
    .data                                    0x20000074   Section        6  stm32f10x_it.o(.data)
    .data                                    0x2000007a   Section       11  other.o(.data)
    Detect_Num                               0x2000007a   Data           1  other.o(.data)
    RxState                                  0x2000007b   Data           1  other.o(.data)
    data_cnt                                 0x2000007c   Data           1  other.o(.data)
    .data                                    0x20000088   Section        4  bsp_systick.o(.data)
    TimingDelay                              0x20000088   Data           4  bsp_systick.o(.data)
    .data                                    0x2000008c   Section       85  bsp_spi_flash.o(.data)
    .data                                    0x200000e4   Section        8  bsp_actuator.o(.data)
    .data                                    0x200000ec   Section        2  socket.o(.data)
    local_port                               0x200000ec   Data           2  socket.o(.data)
    .data                                    0x200000ee   Section        4  utility.o(.data)
    fac_us                                   0x200000ee   Data           1  utility.o(.data)
    fac_ms                                   0x200000f0   Data           2  utility.o(.data)
    .data                                    0x200000f2   Section       16  w5500.o(.data)
    .data                                    0x20000104   Section       41  w5500_conf.o(.data)
    .data                                    0x20000130   Section       65  dhcp.o(.data)
    .data                                    0x20000174   Section        4  strtok.o(.data)
    state                                    0x20000174   Data           4  strtok.o(.data)
    .data                                    0x20000178   Section        4  stdout.o(.data)
    .bss                                     0x2000017c   Section       27  main.o(.bss)
    .bss                                     0x20000197   Section       75  bsp_spi_flash.o(.bss)
    .bss                                     0x200001e2   Section       48  utility.o(.bss)
    addr_str                                 0x200001e2   Data          32  utility.o(.bss)
    addr_str                                 0x20000202   Data          16  utility.o(.bss)
    .bss                                     0x20000212   Section       32  w5500.o(.bss)
    .bss                                     0x20000232   Section       46  w5500_conf.o(.bss)
    .bss                                     0x20000260   Section     1046  dhcp.o(.bss)
    .bss                                     0x20000676   Section     2048  tcp_demo.o(.bss)
    STACK                                    0x20000e78   Section     2048  startup_stm32f10x_hd.o(STACK)

    Global Symbols

    Symbol Name                              Value     Ov Type        Size  Object(Section)

    BuildAttributes$$THM_ISAv4$P$D$K$B$S$PE$A:L22UL41UL21$X:L11$S22US41US21$IEEE1$IW$USESV6$~STKCKD$USESV7$~SHL$OSPACE$ROPI$EBA8$MICROLIB$REQ8$PRES8$EABIv2 0x00000000   Number         0  anon$$obj.o ABSOLUTE
    __ARM_use_no_argv                        0x00000000   Number         0  main.o ABSOLUTE
    _printf_a                                0x00000000   Number         0  stubs.o ABSOLUTE
    _printf_c                                0x00000000   Number         0  stubs.o ABSOLUTE
    _printf_charcount                        0x00000000   Number         0  stubs.o ABSOLUTE
    _printf_d                                0x00000000   Number         0  stubs.o ABSOLUTE
    _printf_e                                0x00000000   Number         0  stubs.o ABSOLUTE
    _printf_f                                0x00000000   Number         0  stubs.o ABSOLUTE
    _printf_flags                            0x00000000   Number         0  stubs.o ABSOLUTE
    _printf_fp_dec                           0x00000000   Number         0  stubs.o ABSOLUTE
    _printf_fp_hex                           0x00000000   Number         0  stubs.o ABSOLUTE
    _printf_g                                0x00000000   Number         0  stubs.o ABSOLUTE
    _printf_i                                0x00000000   Number         0  stubs.o ABSOLUTE
    _printf_int_dec                          0x00000000   Number         0  stubs.o ABSOLUTE
    _printf_l                                0x00000000   Number         0  stubs.o ABSOLUTE
    _printf_lc                               0x00000000   Number         0  stubs.o ABSOLUTE
    _printf_ll                               0x00000000   Number         0  stubs.o ABSOLUTE
    _printf_lld                              0x00000000   Number         0  stubs.o ABSOLUTE
    _printf_lli                              0x00000000   Number         0  stubs.o ABSOLUTE
    _printf_llo                              0x00000000   Number         0  stubs.o ABSOLUTE
    _printf_llu                              0x00000000   Number         0  stubs.o ABSOLUTE
    _printf_llx                              0x00000000   Number         0  stubs.o ABSOLUTE
    _printf_longlong_dec                     0x00000000   Number         0  stubs.o ABSOLUTE
    _printf_longlong_hex                     0x00000000   Number         0  stubs.o ABSOLUTE
    _printf_longlong_oct                     0x00000000   Number         0  stubs.o ABSOLUTE
    _printf_ls                               0x00000000   Number         0  stubs.o ABSOLUTE
    _printf_mbtowc                           0x00000000   Number         0  stubs.o ABSOLUTE
    _printf_n                                0x00000000   Number         0  stubs.o ABSOLUTE
    _printf_o                                0x00000000   Number         0  stubs.o ABSOLUTE
    _printf_p                                0x00000000   Number         0  stubs.o ABSOLUTE
    _printf_percent                          0x00000000   Number         0  stubs.o ABSOLUTE
    _printf_pre_padding                      0x00000000   Number         0  stubs.o ABSOLUTE
    _printf_return_value                     0x00000000   Number         0  stubs.o ABSOLUTE
    _printf_s                                0x00000000   Number         0  stubs.o ABSOLUTE
    _printf_sizespec                         0x00000000   Number         0  stubs.o ABSOLUTE
    _printf_str                              0x00000000   Number         0  stubs.o ABSOLUTE
    _printf_truncate_signed                  0x00000000   Number         0  stubs.o ABSOLUTE
    _printf_truncate_unsigned                0x00000000   Number         0  stubs.o ABSOLUTE
    _printf_u                                0x00000000   Number         0  stubs.o ABSOLUTE
    _printf_wc                               0x00000000   Number         0  stubs.o ABSOLUTE
    _printf_wctomb                           0x00000000   Number         0  stubs.o ABSOLUTE
    _printf_widthprec                        0x00000000   Number         0  stubs.o ABSOLUTE
    _printf_x                                0x00000000   Number         0  stubs.o ABSOLUTE
    __cpp_initialize__aeabi_                  - Undefined Weak Reference
    __cxa_finalize                            - Undefined Weak Reference
    _clock_init                               - Undefined Weak Reference
    _microlib_exit                            - Undefined Weak Reference
    __Vectors_Size                           0x00000130   Number         0  startup_stm32f10x_hd.o ABSOLUTE
    __Vectors                                0x08000000   Data           4  startup_stm32f10x_hd.o(RESET)
    __Vectors_End                            0x08000130   Data           0  startup_stm32f10x_hd.o(RESET)
    __main                                   0x08000131   Thumb Code     0  entry.o(.ARM.Collect$$$$00000000)
    _main_stk                                0x08000131   Thumb Code     0  entry2.o(.ARM.Collect$$$$00000001)
    _main_scatterload                        0x08000135   Thumb Code     0  entry5.o(.ARM.Collect$$$$00000004)
    __main_after_scatterload                 0x08000139   Thumb Code     0  entry5.o(.ARM.Collect$$$$00000004)
    _main_clock                              0x08000139   Thumb Code     0  entry7b.o(.ARM.Collect$$$$00000008)
    _main_cpp_init                           0x08000139   Thumb Code     0  entry8b.o(.ARM.Collect$$$$0000000A)
    _main_init                               0x08000139   Thumb Code     0  entry9a.o(.ARM.Collect$$$$0000000B)
    __rt_final_cpp                           0x08000141   Thumb Code     0  entry10a.o(.ARM.Collect$$$$0000000D)
    __rt_final_exit                          0x08000141   Thumb Code     0  entry11a.o(.ARM.Collect$$$$0000000F)
    Reset_Handler                            0x08000145   Thumb Code     8  startup_stm32f10x_hd.o(.text)
    ADC1_2_IRQHandler                        0x0800015f   Thumb Code     0  startup_stm32f10x_hd.o(.text)
    ADC3_IRQHandler                          0x0800015f   Thumb Code     0  startup_stm32f10x_hd.o(.text)
    CAN1_RX1_IRQHandler                      0x0800015f   Thumb Code     0  startup_stm32f10x_hd.o(.text)
    CAN1_SCE_IRQHandler                      0x0800015f   Thumb Code     0  startup_stm32f10x_hd.o(.text)
    DMA1_Channel1_IRQHandler                 0x0800015f   Thumb Code     0  startup_stm32f10x_hd.o(.text)
    DMA1_Channel2_IRQHandler                 0x0800015f   Thumb Code     0  startup_stm32f10x_hd.o(.text)
    DMA1_Channel3_IRQHandler                 0x0800015f   Thumb Code     0  startup_stm32f10x_hd.o(.text)
    DMA1_Channel4_IRQHandler                 0x0800015f   Thumb Code     0  startup_stm32f10x_hd.o(.text)
    DMA1_Channel5_IRQHandler                 0x0800015f   Thumb Code     0  startup_stm32f10x_hd.o(.text)
    DMA1_Channel6_IRQHandler                 0x0800015f   Thumb Code     0  startup_stm32f10x_hd.o(.text)
    DMA1_Channel7_IRQHandler                 0x0800015f   Thumb Code     0  startup_stm32f10x_hd.o(.text)
    DMA2_Channel1_IRQHandler                 0x0800015f   Thumb Code     0  startup_stm32f10x_hd.o(.text)
    DMA2_Channel2_IRQHandler                 0x0800015f   Thumb Code     0  startup_stm32f10x_hd.o(.text)
    DMA2_Channel3_IRQHandler                 0x0800015f   Thumb Code     0  startup_stm32f10x_hd.o(.text)
    DMA2_Channel4_5_IRQHandler               0x0800015f   Thumb Code     0  startup_stm32f10x_hd.o(.text)
    EXTI0_IRQHandler                         0x0800015f   Thumb Code     0  startup_stm32f10x_hd.o(.text)
    EXTI15_10_IRQHandler                     0x0800015f   Thumb Code     0  startup_stm32f10x_hd.o(.text)
    EXTI1_IRQHandler                         0x0800015f   Thumb Code     0  startup_stm32f10x_hd.o(.text)
    EXTI2_IRQHandler                         0x0800015f   Thumb Code     0  startup_stm32f10x_hd.o(.text)
    EXTI3_IRQHandler                         0x0800015f   Thumb Code     0  startup_stm32f10x_hd.o(.text)
    EXTI9_5_IRQHandler                       0x0800015f   Thumb Code     0  startup_stm32f10x_hd.o(.text)
    FLASH_IRQHandler                         0x0800015f   Thumb Code     0  startup_stm32f10x_hd.o(.text)
    FSMC_IRQHandler                          0x0800015f   Thumb Code     0  startup_stm32f10x_hd.o(.text)
    I2C1_ER_IRQHandler                       0x0800015f   Thumb Code     0  startup_stm32f10x_hd.o(.text)
    I2C1_EV_IRQHandler                       0x0800015f   Thumb Code     0  startup_stm32f10x_hd.o(.text)
    I2C2_ER_IRQHandler                       0x0800015f   Thumb Code     0  startup_stm32f10x_hd.o(.text)
    I2C2_EV_IRQHandler                       0x0800015f   Thumb Code     0  startup_stm32f10x_hd.o(.text)
    PVD_IRQHandler                           0x0800015f   Thumb Code     0  startup_stm32f10x_hd.o(.text)
    RCC_IRQHandler                           0x0800015f   Thumb Code     0  startup_stm32f10x_hd.o(.text)
    RTCAlarm_IRQHandler                      0x0800015f   Thumb Code     0  startup_stm32f10x_hd.o(.text)
    RTC_IRQHandler                           0x0800015f   Thumb Code     0  startup_stm32f10x_hd.o(.text)
    SDIO_IRQHandler                          0x0800015f   Thumb Code     0  startup_stm32f10x_hd.o(.text)
    SPI1_IRQHandler                          0x0800015f   Thumb Code     0  startup_stm32f10x_hd.o(.text)
    SPI2_IRQHandler                          0x0800015f   Thumb Code     0  startup_stm32f10x_hd.o(.text)
    SPI3_IRQHandler                          0x0800015f   Thumb Code     0  startup_stm32f10x_hd.o(.text)
    TAMPER_IRQHandler                        0x0800015f   Thumb Code     0  startup_stm32f10x_hd.o(.text)
    TIM1_BRK_IRQHandler                      0x0800015f   Thumb Code     0  startup_stm32f10x_hd.o(.text)
    TIM1_CC_IRQHandler                       0x0800015f   Thumb Code     0  startup_stm32f10x_hd.o(.text)
    TIM1_TRG_COM_IRQHandler                  0x0800015f   Thumb Code     0  startup_stm32f10x_hd.o(.text)
    TIM1_UP_IRQHandler                       0x0800015f   Thumb Code     0  startup_stm32f10x_hd.o(.text)
    TIM3_IRQHandler                          0x0800015f   Thumb Code     0  startup_stm32f10x_hd.o(.text)
    TIM4_IRQHandler                          0x0800015f   Thumb Code     0  startup_stm32f10x_hd.o(.text)
    TIM5_IRQHandler                          0x0800015f   Thumb Code     0  startup_stm32f10x_hd.o(.text)
    TIM6_IRQHandler                          0x0800015f   Thumb Code     0  startup_stm32f10x_hd.o(.text)
    TIM7_IRQHandler                          0x0800015f   Thumb Code     0  startup_stm32f10x_hd.o(.text)
    TIM8_BRK_IRQHandler                      0x0800015f   Thumb Code     0  startup_stm32f10x_hd.o(.text)
    TIM8_CC_IRQHandler                       0x0800015f   Thumb Code     0  startup_stm32f10x_hd.o(.text)
    TIM8_TRG_COM_IRQHandler                  0x0800015f   Thumb Code     0  startup_stm32f10x_hd.o(.text)
    TIM8_UP_IRQHandler                       0x0800015f   Thumb Code     0  startup_stm32f10x_hd.o(.text)
    UART4_IRQHandler                         0x0800015f   Thumb Code     0  startup_stm32f10x_hd.o(.text)
    UART5_IRQHandler                         0x0800015f   Thumb Code     0  startup_stm32f10x_hd.o(.text)
    USART3_IRQHandler                        0x0800015f   Thumb Code     0  startup_stm32f10x_hd.o(.text)
    USBWakeUp_IRQHandler                     0x0800015f   Thumb Code     0  startup_stm32f10x_hd.o(.text)
    USB_HP_CAN1_TX_IRQHandler                0x0800015f   Thumb Code     0  startup_stm32f10x_hd.o(.text)
    WWDG_IRQHandler                          0x0800015f   Thumb Code     0  startup_stm32f10x_hd.o(.text)
    SystemInit                               0x08000245   Thumb Code    78  system_stm32f10x.o(.text)
    SystemCoreClockUpdate                    0x08000293   Thumb Code   142  system_stm32f10x.o(.text)
    NVIC_PriorityGroupConfig                 0x08000345   Thumb Code    10  misc.o(.text)
    NVIC_Init                                0x0800034f   Thumb Code   102  misc.o(.text)
    NVIC_SetVectorTable                      0x080003b5   Thumb Code    14  misc.o(.text)
    NVIC_SystemLPConfig                      0x080003c3   Thumb Code    34  misc.o(.text)
    SysTick_CLKSourceConfig                  0x080003e5   Thumb Code    40  misc.o(.text)
    CAN_DeInit                               0x08000421   Thumb Code    50  stm32f10x_can.o(.text)
    CAN_Init                                 0x08000453   Thumb Code   276  stm32f10x_can.o(.text)
    CAN_FilterInit                           0x08000567   Thumb Code   258  stm32f10x_can.o(.text)
    CAN_StructInit                           0x08000669   Thumb Code    32  stm32f10x_can.o(.text)
    CAN_SlaveStartBank                       0x08000689   Thumb Code    48  stm32f10x_can.o(.text)
    CAN_DBGFreeze                            0x080006b9   Thumb Code    22  stm32f10x_can.o(.text)
    CAN_TTComModeCmd                         0x080006cf   Thumb Code   118  stm32f10x_can.o(.text)
    CAN_Transmit                             0x08000745   Thumb Code   304  stm32f10x_can.o(.text)
    CAN_TransmitStatus                       0x08000875   Thumb Code   138  stm32f10x_can.o(.text)
    CAN_CancelTransmit                       0x080008ff   Thumb Code    48  stm32f10x_can.o(.text)
    CAN_Receive                              0x0800092f   Thumb Code   240  stm32f10x_can.o(.text)
    CAN_FIFORelease                          0x08000a1f   Thumb Code    22  stm32f10x_can.o(.text)
    CAN_MessagePending                       0x08000a35   Thumb Code    30  stm32f10x_can.o(.text)
    CAN_OperatingModeRequest                 0x08000a53   Thumb Code   162  stm32f10x_can.o(.text)
    CAN_Sleep                                0x08000af5   Thumb Code    30  stm32f10x_can.o(.text)
    CAN_WakeUp                               0x08000b13   Thumb Code    48  stm32f10x_can.o(.text)
    CAN_GetLastErrorCode                     0x08000b43   Thumb Code    12  stm32f10x_can.o(.text)
    CAN_GetReceiveErrorCounter               0x08000b4f   Thumb Code    10  stm32f10x_can.o(.text)
    CAN_GetLSBTransmitErrorCounter           0x08000b59   Thumb Code    12  stm32f10x_can.o(.text)
    CAN_ITConfig                             0x08000b65   Thumb Code    18  stm32f10x_can.o(.text)
    CAN_GetFlagStatus                        0x08000b77   Thumb Code   120  stm32f10x_can.o(.text)
    CAN_ClearFlag                            0x08000bef   Thumb Code    52  stm32f10x_can.o(.text)
    CAN_GetITStatus                          0x08000c33   Thumb Code   308  stm32f10x_can.o(.text)
    CAN_ClearITPendingBit                    0x08000d67   Thumb Code   162  stm32f10x_can.o(.text)
    EXTI_DeInit                              0x08000e0d   Thumb Code    28  stm32f10x_exti.o(.text)
    EXTI_Init                                0x08000e29   Thumb Code   142  stm32f10x_exti.o(.text)
    EXTI_StructInit                          0x08000eb7   Thumb Code    16  stm32f10x_exti.o(.text)
    EXTI_GenerateSWInterrupt                 0x08000ec7   Thumb Code    16  stm32f10x_exti.o(.text)
    EXTI_GetFlagStatus                       0x08000ed7   Thumb Code    22  stm32f10x_exti.o(.text)
    EXTI_ClearFlag                           0x08000eed   Thumb Code     8  stm32f10x_exti.o(.text)
    EXTI_GetITStatus                         0x08000ef5   Thumb Code    34  stm32f10x_exti.o(.text)
    EXTI_ClearITPendingBit                   0x08000f17   Thumb Code     8  stm32f10x_exti.o(.text)
    GPIO_DeInit                              0x08000f29   Thumb Code   172  stm32f10x_gpio.o(.text)
    GPIO_AFIODeInit                          0x08000fd5   Thumb Code    20  stm32f10x_gpio.o(.text)
    GPIO_Init                                0x08000fe9   Thumb Code   274  stm32f10x_gpio.o(.text)
    GPIO_StructInit                          0x080010fb   Thumb Code    16  stm32f10x_gpio.o(.text)
    GPIO_ReadInputDataBit                    0x0800110b   Thumb Code    18  stm32f10x_gpio.o(.text)
    GPIO_ReadInputData                       0x0800111d   Thumb Code     8  stm32f10x_gpio.o(.text)
    GPIO_ReadOutputDataBit                   0x08001125   Thumb Code    18  stm32f10x_gpio.o(.text)
    GPIO_ReadOutputData                      0x08001137   Thumb Code     8  stm32f10x_gpio.o(.text)
    GPIO_SetBits                             0x0800113f   Thumb Code     4  stm32f10x_gpio.o(.text)
    GPIO_ResetBits                           0x08001143   Thumb Code     4  stm32f10x_gpio.o(.text)
    GPIO_WriteBit                            0x08001147   Thumb Code    10  stm32f10x_gpio.o(.text)
    GPIO_Write                               0x08001151   Thumb Code     4  stm32f10x_gpio.o(.text)
    GPIO_PinLockConfig                       0x08001155   Thumb Code    18  stm32f10x_gpio.o(.text)
    GPIO_EventOutputConfig                   0x08001167   Thumb Code    26  stm32f10x_gpio.o(.text)
    GPIO_EventOutputCmd                      0x08001181   Thumb Code     6  stm32f10x_gpio.o(.text)
    GPIO_PinRemapConfig                      0x08001187   Thumb Code   138  stm32f10x_gpio.o(.text)
    GPIO_EXTILineConfig                      0x08001211   Thumb Code    66  stm32f10x_gpio.o(.text)
    GPIO_ETH_MediaInterfaceConfig            0x08001253   Thumb Code     6  stm32f10x_gpio.o(.text)
    RCC_DeInit                               0x08001281   Thumb Code    64  stm32f10x_rcc.o(.text)
    RCC_HSEConfig                            0x080012c1   Thumb Code    70  stm32f10x_rcc.o(.text)
    RCC_GetFlagStatus                        0x08001307   Thumb Code    56  stm32f10x_rcc.o(.text)
    RCC_WaitForHSEStartUp                    0x0800133f   Thumb Code    56  stm32f10x_rcc.o(.text)
    RCC_AdjustHSICalibrationValue            0x08001377   Thumb Code    20  stm32f10x_rcc.o(.text)
    RCC_HSICmd                               0x0800138b   Thumb Code     6  stm32f10x_rcc.o(.text)
    RCC_PLLConfig                            0x08001391   Thumb Code    24  stm32f10x_rcc.o(.text)
    RCC_PLLCmd                               0x080013a9   Thumb Code     6  stm32f10x_rcc.o(.text)
    RCC_SYSCLKConfig                         0x080013af   Thumb Code    18  stm32f10x_rcc.o(.text)
    RCC_GetSYSCLKSource                      0x080013c1   Thumb Code    10  stm32f10x_rcc.o(.text)
    RCC_HCLKConfig                           0x080013cb   Thumb Code    18  stm32f10x_rcc.o(.text)
    RCC_PCLK1Config                          0x080013dd   Thumb Code    18  stm32f10x_rcc.o(.text)
    RCC_PCLK2Config                          0x080013ef   Thumb Code    20  stm32f10x_rcc.o(.text)
    RCC_ITConfig                             0x08001403   Thumb Code    26  stm32f10x_rcc.o(.text)
    RCC_USBCLKConfig                         0x0800141d   Thumb Code     6  stm32f10x_rcc.o(.text)
    RCC_ADCCLKConfig                         0x08001423   Thumb Code    18  stm32f10x_rcc.o(.text)
    RCC_LSEConfig                            0x08001435   Thumb Code    44  stm32f10x_rcc.o(.text)
    RCC_LSICmd                               0x08001461   Thumb Code     6  stm32f10x_rcc.o(.text)
    RCC_RTCCLKConfig                         0x08001467   Thumb Code    12  stm32f10x_rcc.o(.text)
    RCC_RTCCLKCmd                            0x08001473   Thumb Code     8  stm32f10x_rcc.o(.text)
    RCC_GetClocksFreq                        0x0800147b   Thumb Code   192  stm32f10x_rcc.o(.text)
    RCC_AHBPeriphClockCmd                    0x0800153b   Thumb Code    26  stm32f10x_rcc.o(.text)
    RCC_APB2PeriphClockCmd                   0x08001555   Thumb Code    26  stm32f10x_rcc.o(.text)
    RCC_APB1PeriphClockCmd                   0x0800156f   Thumb Code    26  stm32f10x_rcc.o(.text)
    RCC_APB2PeriphResetCmd                   0x08001589   Thumb Code    26  stm32f10x_rcc.o(.text)
    RCC_APB1PeriphResetCmd                   0x080015a3   Thumb Code    26  stm32f10x_rcc.o(.text)
    RCC_BackupResetCmd                       0x080015bd   Thumb Code     8  stm32f10x_rcc.o(.text)
    RCC_ClockSecuritySystemCmd               0x080015c5   Thumb Code     6  stm32f10x_rcc.o(.text)
    RCC_MCOConfig                            0x080015cb   Thumb Code     6  stm32f10x_rcc.o(.text)
    RCC_ClearFlag                            0x080015d1   Thumb Code    14  stm32f10x_rcc.o(.text)
    RCC_GetITStatus                          0x080015df   Thumb Code    20  stm32f10x_rcc.o(.text)
    RCC_ClearITPendingBit                    0x080015f3   Thumb Code     6  stm32f10x_rcc.o(.text)
    SPI_I2S_DeInit                           0x08001625   Thumb Code    76  stm32f10x_spi.o(.text)
    SPI_Init                                 0x08001671   Thumb Code    60  stm32f10x_spi.o(.text)
    I2S_Init                                 0x080016ad   Thumb Code   226  stm32f10x_spi.o(.text)
    SPI_StructInit                           0x0800178f   Thumb Code    24  stm32f10x_spi.o(.text)
    I2S_StructInit                           0x080017a7   Thumb Code    20  stm32f10x_spi.o(.text)
    SPI_Cmd                                  0x080017bb   Thumb Code    24  stm32f10x_spi.o(.text)
    I2S_Cmd                                  0x080017d3   Thumb Code    24  stm32f10x_spi.o(.text)
    SPI_I2S_ITConfig                         0x080017eb   Thumb Code    32  stm32f10x_spi.o(.text)
    SPI_I2S_DMACmd                           0x0800180b   Thumb Code    18  stm32f10x_spi.o(.text)
    SPI_I2S_SendData                         0x0800181d   Thumb Code     4  stm32f10x_spi.o(.text)
    SPI_I2S_ReceiveData                      0x08001821   Thumb Code     6  stm32f10x_spi.o(.text)
    SPI_NSSInternalSoftwareConfig            0x08001827   Thumb Code    30  stm32f10x_spi.o(.text)
    SPI_SSOutputCmd                          0x08001845   Thumb Code    24  stm32f10x_spi.o(.text)
    SPI_DataSizeConfig                       0x0800185d   Thumb Code    18  stm32f10x_spi.o(.text)
    SPI_TransmitCRC                          0x0800186f   Thumb Code    10  stm32f10x_spi.o(.text)
    SPI_CalculateCRC                         0x08001879   Thumb Code    24  stm32f10x_spi.o(.text)
    SPI_GetCRC                               0x08001891   Thumb Code    16  stm32f10x_spi.o(.text)
    SPI_GetCRCPolynomial                     0x080018a1   Thumb Code     6  stm32f10x_spi.o(.text)
    SPI_BiDirectionalLineConfig              0x080018a7   Thumb Code    28  stm32f10x_spi.o(.text)
    SPI_I2S_GetFlagStatus                    0x080018c3   Thumb Code    18  stm32f10x_spi.o(.text)
    SPI_I2S_ClearFlag                        0x080018d5   Thumb Code     6  stm32f10x_spi.o(.text)
    SPI_I2S_GetITStatus                      0x080018db   Thumb Code    52  stm32f10x_spi.o(.text)
    SPI_I2S_ClearITPendingBit                0x0800190f   Thumb Code    20  stm32f10x_spi.o(.text)
    TIM_DeInit                               0x08001931   Thumb Code   424  stm32f10x_tim.o(.text)
    TIM_TimeBaseInit                         0x08001ad9   Thumb Code   122  stm32f10x_tim.o(.text)
    TIM_OC1Init                              0x08001b53   Thumb Code   132  stm32f10x_tim.o(.text)
    TIM_OC2Init                              0x08001bd7   Thumb Code   154  stm32f10x_tim.o(.text)
    TIM_OC3Init                              0x08001c71   Thumb Code   150  stm32f10x_tim.o(.text)
    TIM_OC4Init                              0x08001d07   Thumb Code   182  stm32f10x_tim.o(.text)
    TIM_SetIC4Prescaler                      0x08001dbd   Thumb Code    26  stm32f10x_tim.o(.text)
    TIM_SetIC3Prescaler                      0x08001e59   Thumb Code    18  stm32f10x_tim.o(.text)
    TIM_SetIC2Prescaler                      0x08001ee5   Thumb Code    26  stm32f10x_tim.o(.text)
    TIM_SetIC1Prescaler                      0x08001f81   Thumb Code    18  stm32f10x_tim.o(.text)
    TIM_ICInit                               0x08001fff   Thumb Code   150  stm32f10x_tim.o(.text)
    TIM_PWMIConfig                           0x08002095   Thumb Code   124  stm32f10x_tim.o(.text)
    TIM_BDTRConfig                           0x08002111   Thumb Code    32  stm32f10x_tim.o(.text)
    TIM_TimeBaseStructInit                   0x08002131   Thumb Code    18  stm32f10x_tim.o(.text)
    TIM_OCStructInit                         0x08002143   Thumb Code    20  stm32f10x_tim.o(.text)
    TIM_ICStructInit                         0x08002157   Thumb Code    18  stm32f10x_tim.o(.text)
    TIM_BDTRStructInit                       0x08002169   Thumb Code    40  stm32f10x_tim.o(.text)
    TIM_Cmd                                  0x08002191   Thumb Code    24  stm32f10x_tim.o(.text)
    TIM_CtrlPWMOutputs                       0x080021a9   Thumb Code    30  stm32f10x_tim.o(.text)
    TIM_ITConfig                             0x080021c7   Thumb Code    18  stm32f10x_tim.o(.text)
    TIM_GenerateEvent                        0x080021d9   Thumb Code     4  stm32f10x_tim.o(.text)
    TIM_DMAConfig                            0x080021dd   Thumb Code    10  stm32f10x_tim.o(.text)
    TIM_DMACmd                               0x080021e7   Thumb Code    18  stm32f10x_tim.o(.text)
    TIM_InternalClockConfig                  0x080021f9   Thumb Code    12  stm32f10x_tim.o(.text)
    TIM_SelectInputTrigger                   0x08002205   Thumb Code    18  stm32f10x_tim.o(.text)
    TIM_ITRxExternalClockConfig              0x08002217   Thumb Code    24  stm32f10x_tim.o(.text)
    TIM_TIxExternalClockConfig               0x0800222f   Thumb Code    62  stm32f10x_tim.o(.text)
    TIM_ETRConfig                            0x0800226d   Thumb Code    28  stm32f10x_tim.o(.text)
    TIM_ETRClockMode1Config                  0x08002289   Thumb Code    54  stm32f10x_tim.o(.text)
    TIM_ETRClockMode2Config                  0x080022bf   Thumb Code    32  stm32f10x_tim.o(.text)
    TIM_PrescalerConfig                      0x080022df   Thumb Code     6  stm32f10x_tim.o(.text)
    TIM_CounterModeConfig                    0x080022e5   Thumb Code    18  stm32f10x_tim.o(.text)
    TIM_EncoderInterfaceConfig               0x080022f7   Thumb Code    66  stm32f10x_tim.o(.text)
    TIM_ForcedOC1Config                      0x08002339   Thumb Code    18  stm32f10x_tim.o(.text)
    TIM_ForcedOC2Config                      0x0800234b   Thumb Code    26  stm32f10x_tim.o(.text)
    TIM_ForcedOC3Config                      0x08002365   Thumb Code    18  stm32f10x_tim.o(.text)
    TIM_ForcedOC4Config                      0x08002377   Thumb Code    26  stm32f10x_tim.o(.text)
    TIM_ARRPreloadConfig                     0x08002391   Thumb Code    24  stm32f10x_tim.o(.text)
    TIM_SelectCOM                            0x080023a9   Thumb Code    24  stm32f10x_tim.o(.text)
    TIM_SelectCCDMA                          0x080023c1   Thumb Code    24  stm32f10x_tim.o(.text)
    TIM_CCPreloadControl                     0x080023d9   Thumb Code    24  stm32f10x_tim.o(.text)
    TIM_OC1PreloadConfig                     0x080023f1   Thumb Code    18  stm32f10x_tim.o(.text)
    TIM_OC2PreloadConfig                     0x08002403   Thumb Code    26  stm32f10x_tim.o(.text)
    TIM_OC3PreloadConfig                     0x0800241d   Thumb Code    18  stm32f10x_tim.o(.text)
    TIM_OC4PreloadConfig                     0x0800242f   Thumb Code    26  stm32f10x_tim.o(.text)
    TIM_OC1FastConfig                        0x08002449   Thumb Code    18  stm32f10x_tim.o(.text)
    TIM_OC2FastConfig                        0x0800245b   Thumb Code    26  stm32f10x_tim.o(.text)
    TIM_OC3FastConfig                        0x08002475   Thumb Code    18  stm32f10x_tim.o(.text)
    TIM_OC4FastConfig                        0x08002487   Thumb Code    26  stm32f10x_tim.o(.text)
    TIM_ClearOC1Ref                          0x080024a1   Thumb Code    18  stm32f10x_tim.o(.text)
    TIM_ClearOC2Ref                          0x080024b3   Thumb Code    24  stm32f10x_tim.o(.text)
    TIM_ClearOC3Ref                          0x080024cb   Thumb Code    18  stm32f10x_tim.o(.text)
    TIM_ClearOC4Ref                          0x080024dd   Thumb Code    24  stm32f10x_tim.o(.text)
    TIM_OC1PolarityConfig                    0x080024f5   Thumb Code    18  stm32f10x_tim.o(.text)
    TIM_OC1NPolarityConfig                   0x08002507   Thumb Code    18  stm32f10x_tim.o(.text)
    TIM_OC2PolarityConfig                    0x08002519   Thumb Code    26  stm32f10x_tim.o(.text)
    TIM_OC2NPolarityConfig                   0x08002533   Thumb Code    26  stm32f10x_tim.o(.text)
    TIM_OC3PolarityConfig                    0x0800254d   Thumb Code    26  stm32f10x_tim.o(.text)
    TIM_OC3NPolarityConfig                   0x08002567   Thumb Code    26  stm32f10x_tim.o(.text)
    TIM_OC4PolarityConfig                    0x08002581   Thumb Code    26  stm32f10x_tim.o(.text)
    TIM_CCxCmd                               0x0800259b   Thumb Code    30  stm32f10x_tim.o(.text)
    TIM_CCxNCmd                              0x080025b9   Thumb Code    30  stm32f10x_tim.o(.text)
    TIM_SelectOCxM                           0x080025d7   Thumb Code    82  stm32f10x_tim.o(.text)
    TIM_UpdateDisableConfig                  0x08002629   Thumb Code    24  stm32f10x_tim.o(.text)
    TIM_UpdateRequestConfig                  0x08002641   Thumb Code    24  stm32f10x_tim.o(.text)
    TIM_SelectHallSensor                     0x08002659   Thumb Code    24  stm32f10x_tim.o(.text)
    TIM_SelectOnePulseMode                   0x08002671   Thumb Code    18  stm32f10x_tim.o(.text)
    TIM_SelectOutputTrigger                  0x08002683   Thumb Code    18  stm32f10x_tim.o(.text)
    TIM_SelectSlaveMode                      0x08002695   Thumb Code    18  stm32f10x_tim.o(.text)
    TIM_SelectMasterSlaveMode                0x080026a7   Thumb Code    18  stm32f10x_tim.o(.text)
    TIM_SetCounter                           0x080026b9   Thumb Code     4  stm32f10x_tim.o(.text)
    TIM_SetAutoreload                        0x080026bd   Thumb Code     4  stm32f10x_tim.o(.text)
    TIM_SetCompare1                          0x080026c1   Thumb Code     4  stm32f10x_tim.o(.text)
    TIM_SetCompare2                          0x080026c5   Thumb Code     4  stm32f10x_tim.o(.text)
    TIM_SetCompare3                          0x080026c9   Thumb Code     4  stm32f10x_tim.o(.text)
    TIM_SetCompare4                          0x080026cd   Thumb Code     6  stm32f10x_tim.o(.text)
    TIM_SetClockDivision                     0x080026d3   Thumb Code    18  stm32f10x_tim.o(.text)
    TIM_GetCapture1                          0x080026e5   Thumb Code     6  stm32f10x_tim.o(.text)
    TIM_GetCapture2                          0x080026eb   Thumb Code     6  stm32f10x_tim.o(.text)
    TIM_GetCapture3                          0x080026f1   Thumb Code     6  stm32f10x_tim.o(.text)
    TIM_GetCapture4                          0x080026f7   Thumb Code     8  stm32f10x_tim.o(.text)
    TIM_GetCounter                           0x080026ff   Thumb Code     6  stm32f10x_tim.o(.text)
    TIM_GetPrescaler                         0x08002705   Thumb Code     6  stm32f10x_tim.o(.text)
    TIM_GetFlagStatus                        0x0800270b   Thumb Code    18  stm32f10x_tim.o(.text)
    TIM_ClearFlag                            0x0800271d   Thumb Code     6  stm32f10x_tim.o(.text)
    TIM_GetITStatus                          0x08002723   Thumb Code    34  stm32f10x_tim.o(.text)
    TIM_ClearITPendingBit                    0x08002745   Thumb Code     6  stm32f10x_tim.o(.text)
    USART_DeInit                             0x0800274d   Thumb Code   134  stm32f10x_usart.o(.text)
    USART_Init                               0x080027d3   Thumb Code   210  stm32f10x_usart.o(.text)
    USART_StructInit                         0x080028a5   Thumb Code    24  stm32f10x_usart.o(.text)
    USART_ClockInit                          0x080028bd   Thumb Code    34  stm32f10x_usart.o(.text)
    USART_ClockStructInit                    0x080028df   Thumb Code    12  stm32f10x_usart.o(.text)
    USART_Cmd                                0x080028eb   Thumb Code    24  stm32f10x_usart.o(.text)
    USART_ITConfig                           0x08002903   Thumb Code    74  stm32f10x_usart.o(.text)
    USART_DMACmd                             0x0800294d   Thumb Code    18  stm32f10x_usart.o(.text)
    USART_SetAddress                         0x0800295f   Thumb Code    18  stm32f10x_usart.o(.text)
    USART_WakeUpConfig                       0x08002971   Thumb Code    18  stm32f10x_usart.o(.text)
    USART_ReceiverWakeUpCmd                  0x08002983   Thumb Code    24  stm32f10x_usart.o(.text)
    USART_LINBreakDetectLengthConfig         0x0800299b   Thumb Code    18  stm32f10x_usart.o(.text)
    USART_LINCmd                             0x080029ad   Thumb Code    24  stm32f10x_usart.o(.text)
    USART_SendData                           0x080029c5   Thumb Code     8  stm32f10x_usart.o(.text)
    USART_ReceiveData                        0x080029cd   Thumb Code    10  stm32f10x_usart.o(.text)
    USART_SendBreak                          0x080029d7   Thumb Code    10  stm32f10x_usart.o(.text)
    USART_SetGuardTime                       0x080029e1   Thumb Code    16  stm32f10x_usart.o(.text)
    USART_SetPrescaler                       0x080029f1   Thumb Code    16  stm32f10x_usart.o(.text)
    USART_SmartCardCmd                       0x08002a01   Thumb Code    24  stm32f10x_usart.o(.text)
    USART_SmartCardNACKCmd                   0x08002a19   Thumb Code    24  stm32f10x_usart.o(.text)
    USART_HalfDuplexCmd                      0x08002a31   Thumb Code    24  stm32f10x_usart.o(.text)
    USART_OverSampling8Cmd                   0x08002a49   Thumb Code    22  stm32f10x_usart.o(.text)
    USART_OneBitMethodCmd                    0x08002a5f   Thumb Code    24  stm32f10x_usart.o(.text)
    USART_IrDAConfig                         0x08002a77   Thumb Code    18  stm32f10x_usart.o(.text)
    USART_IrDACmd                            0x08002a89   Thumb Code    24  stm32f10x_usart.o(.text)
    USART_GetFlagStatus                      0x08002aa1   Thumb Code    26  stm32f10x_usart.o(.text)
    USART_ClearFlag                          0x08002abb   Thumb Code    18  stm32f10x_usart.o(.text)
    USART_GetITStatus                        0x08002acd   Thumb Code    84  stm32f10x_usart.o(.text)
    USART_ClearITPendingBit                  0x08002b21   Thumb Code    52  stm32f10x_usart.o(.text)
    ReadID                                   0x08002b55   Thumb Code    58  main.o(.text)
    NVIC_Config                              0x08002b8f   Thumb Code   158  main.o(.text)
    main                                     0x08002c2d   Thumb Code   178  main.o(.text)
    NMI_Handler                              0x08002d39   Thumb Code     2  stm32f10x_it.o(.text)
    HardFault_Handler                        0x08002d3b   Thumb Code     4  stm32f10x_it.o(.text)
    MemManage_Handler                        0x08002d3f   Thumb Code     4  stm32f10x_it.o(.text)
    BusFault_Handler                         0x08002d43   Thumb Code     4  stm32f10x_it.o(.text)
    UsageFault_Handler                       0x08002d47   Thumb Code     4  stm32f10x_it.o(.text)
    SVC_Handler                              0x08002d4b   Thumb Code     2  stm32f10x_it.o(.text)
    DebugMon_Handler                         0x08002d4d   Thumb Code     2  stm32f10x_it.o(.text)
    PendSV_Handler                           0x08002d4f   Thumb Code     2  stm32f10x_it.o(.text)
    SysTick_Handler                          0x08002d51   Thumb Code   184  stm32f10x_it.o(.text)
    EXTI4_IRQHandler                         0x08002e09   Thumb Code    30  stm32f10x_it.o(.text)
    CAN_Config                               0x08002e3d   Thumb Code   214  can.o(.text)
    USB_LP_CAN1_RX0_IRQHandler               0x08002f13   Thumb Code    38  can.o(.text)
    CAN_Send                                 0x08002f39   Thumb Code    86  can.o(.text)
    DS3231_INT_EXTI_Init                     0x08002f9d   Thumb Code    68  ds3231.o(.text)
    DS3231_GPIO_Init                         0x08002fe1   Thumb Code    10  ds3231.o(.text)
    IIC_WriteBytes                           0x08002feb   Thumb Code   126  ds3231.o(.text)
    DS3231_SetSecondAlarm                    0x08003069   Thumb Code    66  ds3231.o(.text)
    DS3231_Config                            0x080030ab   Thumb Code    16  ds3231.o(.text)
    DS3231_WriteTime                         0x080030bb   Thumb Code    96  ds3231.o(.text)
    IIC_ReadBytes                            0x0800311b   Thumb Code   112  ds3231.o(.text)
    DS3231_ReadTime                          0x0800318b   Thumb Code    76  ds3231.o(.text)
    DS3231_ReadReg                           0x080031d7   Thumb Code    20  ds3231.o(.text)
    DS3231_WriteReg                          0x080031eb   Thumb Code    24  ds3231.o(.text)
    DS3231_ReadAll                           0x08003203   Thumb Code    64  ds3231.o(.text)
    LED_STATE_Config                         0x08003285   Thumb Code    88  led.o(.text)
    LED_Flash                                0x080032dd   Thumb Code    36  led.o(.text)
    Screen_Config                            0x0800330d   Thumb Code   128  screen.o(.text)
    SC_SendTime                              0x0800338d   Thumb Code   394  screen.o(.text)
    SC_SendFireICON                          0x08003517   Thumb Code   130  screen.o(.text)
    SC_SendRUNICON                           0x08003599   Thumb Code   248  screen.o(.text)
    SC_SendFirePoint                         0x08003691   Thumb Code    56  screen.o(.text)
    SC_SendIPAddr                            0x080036c9   Thumb Code   522  screen.o(.text)
    SC_SendPort                              0x080038d3   Thumb Code   218  screen.o(.text)
    SC_SendDHCP                              0x080039ad   Thumb Code   244  screen.o(.text)
    SC_SendID                                0x08003aa1   Thumb Code   256  screen.o(.text)
    USART2_IRQHandler                        0x08003ba1   Thumb Code    22  screen.o(.text)
    TCPS_Config                              0x08003bc1   Thumb Code   114  other.o(.text)
    TCP_DealData                             0x08003c33   Thumb Code    58  other.o(.text)
    TCP_KeepAlive                            0x08003c6d   Thumb Code   182  other.o(.text)
    TCP_SendFire                             0x08003d23   Thumb Code   194  other.o(.text)
    TCP_SendDetector1F                       0x08003de5   Thumb Code   208  other.o(.text)
    TCP_SendDetector2F                       0x08003eb5   Thumb Code   208  other.o(.text)
    TCP_SendDetector3F                       0x08003f85   Thumb Code   366  other.o(.text)
    search                                   0x080040f3   Thumb Code    32  other.o(.text)
    DealCAN                                  0x08004113   Thumb Code   332  other.o(.text)
    DealFan                                  0x0800425f   Thumb Code    46  other.o(.text)
    DealDoor                                 0x0800428d   Thumb Code    98  other.o(.text)
    DealPump                                 0x080042ef   Thumb Code    46  other.o(.text)
    DealAlarm                                0x0800431d   Thumb Code    28  other.o(.text)
    Evacuate                                 0x08004339   Thumb Code     2  other.o(.text)
    DealActuator                             0x0800433b   Thumb Code    30  other.o(.text)
    CAN_Broadcast                            0x08004359   Thumb Code   376  other.o(.text)
    PwrCarrier_Deal                          0x080044d1   Thumb Code   256  other.o(.text)
    PwrTokenCtrl                             0x080045d1   Thumb Code   120  other.o(.text)
    i2c_Delay                                0x08004679   Thumb Code    14  bsp_i2c_gpio.o(.text)
    i2c_Start                                0x08004687   Thumb Code    48  bsp_i2c_gpio.o(.text)
    i2c_Stop                                 0x080046b7   Thumb Code    36  bsp_i2c_gpio.o(.text)
    i2c_SendByte                             0x080046db   Thumb Code    90  bsp_i2c_gpio.o(.text)
    i2c_ReadByte                             0x08004735   Thumb Code    66  bsp_i2c_gpio.o(.text)
    i2c_WaitAck                              0x08004777   Thumb Code    58  bsp_i2c_gpio.o(.text)
    i2c_Ack                                  0x080047b1   Thumb Code    52  bsp_i2c_gpio.o(.text)
    i2c_NAck                                 0x080047e5   Thumb Code    40  bsp_i2c_gpio.o(.text)
    i2c_CfgGpio                              0x0800480d   Thumb Code    42  bsp_i2c_gpio.o(.text)
    i2c_CheckDevice                          0x08004837   Thumb Code    32  bsp_i2c_gpio.o(.text)
    SysTick_Init                             0x0800485d   Thumb Code   118  bsp_systick.o(.text)
    Delay_ms                                 0x080048d3   Thumb Code    36  bsp_systick.o(.text)
    TimingDelay_Decrement                    0x080048f7   Thumb Code    18  bsp_systick.o(.text)
    USART1_Config                            0x08004919   Thumb Code   126  bsp_usart1.o(.text)
    USART1_IRQHandler                        0x08004997   Thumb Code    30  bsp_usart1.o(.text)
    fputc                                    0x080049b5   Thumb Code    32  bsp_usart1.o(.text)
    fgetc                                    0x080049d5   Thumb Code    26  bsp_usart1.o(.text)
    UART_PutChar                             0x080049ef   Thumb Code    30  bsp_usart1.o(.text)
    USART_SendString                         0x08004a0d   Thumb Code    50  bsp_usart1.o(.text)
    SPI_FLASH_Init                           0x08004a49   Thumb Code   168  bsp_spi_flash.o(.text)
    SPI_FLASH_SendByte                       0x08004af1   Thumb Code    50  bsp_spi_flash.o(.text)
    SPI_FLASH_WaitForWriteEnd                0x08004b23   Thumb Code    44  bsp_spi_flash.o(.text)
    SPI_FLASH_WriteEnable                    0x08004b4f   Thumb Code    26  bsp_spi_flash.o(.text)
    SPI_FLASH_SectorErase                    0x08004b69   Thumb Code    62  bsp_spi_flash.o(.text)
    SPI_FLASH_BulkErase                      0x08004ba7   Thumb Code    34  bsp_spi_flash.o(.text)
    SPI_FLASH_PageWrite                      0x08004bc9   Thumb Code    92  bsp_spi_flash.o(.text)
    SPI_FLASH_BufferWrite                    0x08004c25   Thumb Code   290  bsp_spi_flash.o(.text)
    SPI_FLASH_BufferRead                     0x08004d47   Thumb Code    76  bsp_spi_flash.o(.text)
    SPI_FLASH_ReadID                         0x08004d93   Thumb Code    74  bsp_spi_flash.o(.text)
    SPI_FLASH_ReadDeviceID                   0x08004ddd   Thumb Code    56  bsp_spi_flash.o(.text)
    SPI_FLASH_StartReadSequence              0x08004e15   Thumb Code    42  bsp_spi_flash.o(.text)
    SPI_FLASH_ReadByte                       0x08004e3f   Thumb Code    10  bsp_spi_flash.o(.text)
    SPI_FLASH_SendHalfWord                   0x08004e49   Thumb Code    60  bsp_spi_flash.o(.text)
    SPI_Flash_PowerDown                      0x08004e85   Thumb Code    26  bsp_spi_flash.o(.text)
    SPI_Flash_WAKEUP                         0x08004e9f   Thumb Code    26  bsp_spi_flash.o(.text)
    Buffercmp                                0x08004eb9   Thumb Code    36  bsp_spi_flash.o(.text)
    SPI_Delay                                0x08004edd   Thumb Code    18  bsp_spi_flash.o(.text)
    SpiFlash_Test                            0x08004eef   Thumb Code   156  bsp_spi_flash.o(.text)
    FLASH_AutoTest                           0x08004f8b   Thumb Code   102  bsp_spi_flash.o(.text)
    ee_CheckOk                               0x08005101   Thumb Code    22  bsp_i2c_ee.o(.text)
    ee_ReadBytes                             0x08005117   Thumb Code   112  bsp_i2c_ee.o(.text)
    ee_WriteBytes                            0x08005187   Thumb Code   126  bsp_i2c_ee.o(.text)
    ee_Erase                                 0x08005205   Thumb Code    56  bsp_i2c_ee.o(.text)
    ee_Test                                  0x0800524f   Thumb Code   180  bsp_i2c_ee.o(.text)
    TIM2_NVIC_Configuration                  0x080053ed   Thumb Code     2  bsp_timbase.o(.text)
    TIM2_Configuration                       0x080053ef   Thumb Code    80  bsp_timbase.o(.text)
    TIM2_IRQHandler                          0x0800543f   Thumb Code    26  bsp_timbase.o(.text)
    FanInit                                  0x08005459   Thumb Code    40  bsp_actuator.o(.text)
    FanCtrl                                  0x08005481   Thumb Code    30  bsp_actuator.o(.text)
    StepMotorInit                            0x0800549f   Thumb Code    68  bsp_actuator.o(.text)
    StepMotor_CW                             0x080054e3   Thumb Code   288  bsp_actuator.o(.text)
    StepMotorCtrl                            0x08005603   Thumb Code    78  bsp_actuator.o(.text)
    WaterPumpInit                            0x08005651   Thumb Code    38  bsp_actuator.o(.text)
    WaterPumpCtrl                            0x08005677   Thumb Code    26  bsp_actuator.o(.text)
    AlarmInit                                0x08005691   Thumb Code    38  bsp_actuator.o(.text)
    AlarmCtrl                                0x080056b7   Thumb Code    26  bsp_actuator.o(.text)
    PwrCutInit                               0x080056d1   Thumb Code    40  bsp_actuator.o(.text)
    PwrCutCtrl                               0x080056f9   Thumb Code    30  bsp_actuator.o(.text)
    Escape595Init                            0x08005717   Thumb Code    40  bsp_actuator.o(.text)
    ActuatorInit                             0x0800573f   Thumb Code    28  bsp_actuator.o(.text)
    close                                    0x08005771   Thumb Code    52  socket.o(.text)
    socket                                   0x080057a5   Thumb Code   192  socket.o(.text)
    listen                                   0x08005865   Thumb Code    62  socket.o(.text)
    connect                                  0x080058a3   Thumb Code   248  socket.o(.text)
    disconnect                               0x0800599b   Thumb Code    38  socket.o(.text)
    send                                     0x080059c1   Thumb Code   216  socket.o(.text)
    recv                                     0x08005a99   Thumb Code    66  socket.o(.text)
    sendto                                   0x08005adb   Thumb Code   268  socket.o(.text)
    recvfrom                                 0x08005be7   Thumb Code   510  socket.o(.text)
    systick_init                             0x08005dfd   Thumb Code    56  utility.o(.text)
    delay_ms                                 0x08005e35   Thumb Code    12  utility.o(.text)
    delay_s                                  0x08005e41   Thumb Code    22  utility.o(.text)
    delay_us                                 0x08005e57   Thumb Code    12  utility.o(.text)
    c2d                                      0x08005e63   Thumb Code    54  utility.o(.text)
    atoi16                                   0x08005e99   Thumb Code    32  utility.o(.text)
    atoi32                                   0x08005eb9   Thumb Code    32  utility.o(.text)
    itoa                                     0x08005ed9   Thumb Code    64  utility.o(.text)
    validatoi                                0x08005f19   Thumb Code    72  utility.o(.text)
    replacetochar                            0x08005f61   Thumb Code    26  utility.o(.text)
    swaps                                    0x08005f7b   Thumb Code    14  utility.o(.text)
    swapl                                    0x08005f89   Thumb Code    28  utility.o(.text)
    mid                                      0x08005fa5   Thumb Code    68  utility.o(.text)
    inet_addr_                               0x08005fe9   Thumb Code    90  utility.o(.text)
    inet_ntoa                                0x08006043   Thumb Code    40  utility.o(.text)
    inet_ntoa_pad                            0x0800606b   Thumb Code    40  utility.o(.text)
    verify_ip_address                        0x08006093   Thumb Code   116  utility.o(.text)
    htons                                    0x08006107   Thumb Code    12  utility.o(.text)
    htonl                                    0x08006113   Thumb Code    12  utility.o(.text)
    ntohs                                    0x0800611f   Thumb Code    12  utility.o(.text)
    ntohl                                    0x0800612b   Thumb Code    12  utility.o(.text)
    checksum                                 0x08006137   Thumb Code    76  utility.o(.text)
    check_dest_in_local                      0x08006183   Thumb Code    62  utility.o(.text)
    setMR                                    0x080061f5   Thumb Code    14  w5500.o(.text)
    iinchip_init                             0x08006203   Thumb Code    10  w5500.o(.text)
    getIINCHIP_RxMAX                         0x0800620d   Thumb Code    10  w5500.o(.text)
    getIINCHIP_TxMAX                         0x08006217   Thumb Code    10  w5500.o(.text)
    setGAR                                   0x08006221   Thumb Code    16  w5500.o(.text)
    getGAR                                   0x08006231   Thumb Code    16  w5500.o(.text)
    setSUBR                                  0x08006241   Thumb Code    18  w5500.o(.text)
    setSHAR                                  0x08006253   Thumb Code    18  w5500.o(.text)
    setSIPR                                  0x08006265   Thumb Code    18  w5500.o(.text)
    getSUBR                                  0x08006277   Thumb Code    18  w5500.o(.text)
    getSHAR                                  0x08006289   Thumb Code    18  w5500.o(.text)
    getSIPR                                  0x0800629b   Thumb Code    18  w5500.o(.text)
    getIR                                    0x080062ad   Thumb Code    12  w5500.o(.text)
    setRTR                                   0x080062b9   Thumb Code    26  w5500.o(.text)
    setRCR                                   0x080062d3   Thumb Code    16  w5500.o(.text)
    clearIR                                  0x080062e3   Thumb Code    26  w5500.o(.text)
    setSn_MSS                                0x080062fd   Thumb Code    36  w5500.o(.text)
    setSn_TTL                                0x08006321   Thumb Code    22  w5500.o(.text)
    getSn_IR                                 0x08006337   Thumb Code    18  w5500.o(.text)
    setSn_IR                                 0x08006349   Thumb Code    22  w5500.o(.text)
    getSn_SR                                 0x0800635f   Thumb Code    18  w5500.o(.text)
    getSn_TX_FSR                             0x08006371   Thumb Code    84  w5500.o(.text)
    getSn_RX_RSR                             0x080063c5   Thumb Code    84  w5500.o(.text)
    send_data_processing                     0x08006419   Thumb Code   116  w5500.o(.text)
    recv_data_processing                     0x0800648d   Thumb Code   116  w5500.o(.text)
    socket_buf_init                          0x08006501   Thumb Code   128  w5500.o(.text)
    write_config_to_eeprom                   0x080065c9   Thumb Code    22  w5500_conf.o(.text)
    read_config_from_eeprom                  0x080065df   Thumb Code    20  w5500_conf.o(.text)
    set_w5500_ip                             0x080065f3   Thumb Code   334  w5500_conf.o(.text)
    set_w5500_mac                            0x08006741   Thumb Code    32  w5500_conf.o(.text)
    gpio_for_w5500_config                    0x08006761   Thumb Code    78  w5500_conf.o(.text)
    wiz_cs                                   0x080067af   Thumb Code    30  w5500_conf.o(.text)
    iinchip_csoff                            0x080067cd   Thumb Code    10  w5500_conf.o(.text)
    iinchip_cson                             0x080067d7   Thumb Code    10  w5500_conf.o(.text)
    reset_w5500                              0x080067e1   Thumb Code    34  w5500_conf.o(.text)
    IINCHIP_SpiSendData                      0x08006803   Thumb Code    12  w5500_conf.o(.text)
    IINCHIP_WRITE                            0x0800680f   Thumb Code    50  w5500_conf.o(.text)
    IINCHIP_READ                             0x08006841   Thumb Code    50  w5500_conf.o(.text)
    wiz_write_buf                            0x08006873   Thumb Code    80  w5500_conf.o(.text)
    wiz_read_buf                             0x080068c3   Thumb Code    78  w5500_conf.o(.text)
    timer2_init                              0x08006911   Thumb Code    20  w5500_conf.o(.text)
    dhcp_timer_init                          0x08006925   Thumb Code     8  w5500_conf.o(.text)
    ntp_timer_init                           0x0800692d   Thumb Code     8  w5500_conf.o(.text)
    timer2_isr                               0x08006935   Thumb Code    46  w5500_conf.o(.text)
    reboot                                   0x08006963   Thumb Code    18  w5500_conf.o(.text)
    reset_DHCP_time                          0x08006ad5   Thumb Code    28  dhcp.o(.text)
    send_DHCP_DISCOVER                       0x08006af1   Thumb Code   680  dhcp.o(.text)
    send_DHCP_REQUEST                        0x08006d99   Thumb Code  1030  dhcp.o(.text)
    send_DHCP_RELEASE_DECLINE                0x0800719f   Thumb Code   674  dhcp.o(.text)
    parseDHCPMSG                             0x08007441   Thumb Code   326  dhcp.o(.text)
    check_DHCP_Timeout                       0x08007587   Thumb Code   110  dhcp.o(.text)
    check_leasedIP                           0x080075f5   Thumb Code    38  dhcp.o(.text)
    check_DHCP_state                         0x0800761b   Thumb Code   418  dhcp.o(.text)
    DHCP_timer_handler                       0x080077bd   Thumb Code    36  dhcp.o(.text)
    init_dhcp_client                         0x080077e1   Thumb Code   104  dhcp.o(.text)
    do_dhcp                                  0x08007849   Thumb Code   116  dhcp.o(.text)
    do_tcp_server                            0x08007965   Thumb Code   212  tcp_demo.o(.text)
    do_tcp_client                            0x08007a39   Thumb Code   152  tcp_demo.o(.text)
    __aeabi_memset                           0x08007b75   Thumb Code    14  memseta.o(.text)
    __aeabi_memset4                          0x08007b75   Thumb Code     0  memseta.o(.text)
    __aeabi_memset8                          0x08007b75   Thumb Code     0  memseta.o(.text)
    __aeabi_memclr                           0x08007b83   Thumb Code     4  memseta.o(.text)
    __aeabi_memclr4                          0x08007b83   Thumb Code     0  memseta.o(.text)
    __aeabi_memclr8                          0x08007b83   Thumb Code     0  memseta.o(.text)
    _memset$wrapper                          0x08007b87   Thumb Code    18  memseta.o(.text)
    strstr                                   0x08007b99   Thumb Code    36  strstr.o(.text)
    strncpy                                  0x08007bbd   Thumb Code    24  strncpy.o(.text)
    strlen                                   0x08007bd5   Thumb Code    14  strlen.o(.text)
    memcmp                                   0x08007be3   Thumb Code    26  memcmp.o(.text)
    strcpy                                   0x08007bfd   Thumb Code    18  strcpy.o(.text)
    strtok                                   0x08007c11   Thumb Code    62  strtok.o(.text)
    __aeabi_uidiv                            0x08007c55   Thumb Code     0  uidiv.o(.text)
    __aeabi_uidivmod                         0x08007c55   Thumb Code    44  uidiv.o(.text)
    __aeabi_uldivmod                         0x08007c81   Thumb Code    98  uldiv.o(.text)
    __I$use$fp                               0x08007ce3   Thumb Code     0  iusefp.o(.text)
    __aeabi_dadd                             0x08007ce3   Thumb Code   322  dadd.o(.text)
    __aeabi_dsub                             0x08007e25   Thumb Code     6  dadd.o(.text)
    __aeabi_drsub                            0x08007e2b   Thumb Code     6  dadd.o(.text)
    __aeabi_dmul                             0x08007e31   Thumb Code   228  dmul.o(.text)
    __aeabi_ddiv                             0x08007f15   Thumb Code   222  ddiv.o(.text)
    __aeabi_d2ulz                            0x08007ff3   Thumb Code    48  dfixul.o(.text)
    __aeabi_cdrcmple                         0x08008025   Thumb Code    38  cdrcmple.o(.text)
    __scatterload                            0x0800804d   Thumb Code    28  init.o(.text)
    __scatterload_rt2                        0x0800804d   Thumb Code     0  init.o(.text)
    __aeabi_llsl                             0x08008071   Thumb Code    30  llshl.o(.text)
    _ll_shift_l                              0x08008071   Thumb Code     0  llshl.o(.text)
    __aeabi_llsr                             0x0800808f   Thumb Code    32  llushr.o(.text)
    _ll_ushift_r                             0x0800808f   Thumb Code     0  llushr.o(.text)
    __aeabi_lasr                             0x080080af   Thumb Code    36  llsshr.o(.text)
    _ll_sshift_r                             0x080080af   Thumb Code     0  llsshr.o(.text)
    _double_round                            0x080080d3   Thumb Code    26  depilogue.o(.text)
    _double_epilogue                         0x080080ed   Thumb Code   164  depilogue.o(.text)
    __decompress                             0x08008191   Thumb Code     0  __dczerorl2.o(.text)
    __decompress1                            0x08008191   Thumb Code    92  __dczerorl2.o(.text)
    __0printf                                0x080081ed   Thumb Code    22  printfa.o(i.__0printf)
    __1printf                                0x080081ed   Thumb Code     0  printfa.o(i.__0printf)
    __2printf$full                           0x080081ed   Thumb Code     0  printfa.o(i.__0printf)
    __c89printf                              0x080081ed   Thumb Code     0  printfa.o(i.__0printf)
    printf                                   0x080081ed   Thumb Code     0  printfa.o(i.__0printf)
    __0printf$8                              0x0800820d   Thumb Code    22  printf8.o(i.__0printf$8)
    __1printf$8                              0x0800820d   Thumb Code     0  printf8.o(i.__0printf$8)
    __2printf                                0x0800820d   Thumb Code     0  printf8.o(i.__0printf$8)
    __0sprintf$8                             0x0800822d   Thumb Code    34  printf8.o(i.__0sprintf$8)
    __1sprintf$8                             0x0800822d   Thumb Code     0  printf8.o(i.__0sprintf$8)
    __2sprintf                               0x0800822d   Thumb Code     0  printf8.o(i.__0sprintf$8)
    __scatterload_copy                       0x08008255   Thumb Code    14  handlers.o(i.__scatterload_copy)
    __scatterload_null                       0x08008263   Thumb Code     2  handlers.o(i.__scatterload_null)
    __scatterload_zeroinit                   0x08008265   Thumb Code    14  handlers.o(i.__scatterload_zeroinit)
    Region$$Table$$Base                      0x08008f84   Number         0  anon$$obj.o(Region$$Table)
    Region$$Table$$Limit                     0x08008fa4   Number         0  anon$$obj.o(Region$$Table)
    SystemCoreClock                          0x20000000   Data           4  system_stm32f10x.o(.data)
    AHBPrescTable                            0x20000004   Data          16  system_stm32f10x.o(.data)
    CANFlag                                  0x20000028   Data           1  main.o(.data)
    SecAlarm                                 0x20000029   Data           1  main.o(.data)
    Ctrl_ID                                  0x2000002a   Data           1  main.o(.data)
    tempflag                                 0x2000002b   Data           1  main.o(.data)
    Token                                    0x2000002c   Data           1  main.o(.data)
    Detector_1F                              0x2000002d   Data           8  main.o(.data)
    Detector_2F                              0x20000035   Data           8  main.o(.data)
    Detector_3F                              0x2000003d   Data           8  main.o(.data)
    FiredNum                                 0x20000048   Data           4  main.o(.data)
    RestFire                                 0x2000004c   Data           1  main.o(.data)
    LocalFire                                0x2000004d   Data           1  main.o(.data)
    Reset                                    0x2000004e   Data           1  main.o(.data)
    FiredSended                              0x2000004f   Data           1  main.o(.data)
    GetTime                                  0x20000050   Data           7  main.o(.data)
    SetTime                                  0x20000057   Data           7  main.o(.data)
    GetCAN                                   0x2000005e   Data           8  main.o(.data)
    CAN_ID                                   0x20000068   Data           4  main.o(.data)
    Fan                                      0x2000006c   Data           2  main.o(.data)
    Door                                     0x2000006e   Data           2  main.o(.data)
    Pump                                     0x20000070   Data           2  main.o(.data)
    Alarm                                    0x20000072   Data           2  main.o(.data)
    tick                                     0x20000074   Data           4  stm32f10x_it.o(.data)
    wave                                     0x20000078   Data           1  stm32f10x_it.o(.data)
    pulse                                    0x20000079   Data           1  stm32f10x_it.o(.data)
    PwrRxBuffer                              0x2000007d   Data           8  other.o(.data)
    Tx_Buffer                                0x2000008c   Data          76  bsp_spi_flash.o(.data)
    DeviceID                                 0x200000d8   Data           4  bsp_spi_flash.o(.data)
    FlashID                                  0x200000dc   Data           4  bsp_spi_flash.o(.data)
    TransferStatus1                          0x200000e0   Data           1  bsp_spi_flash.o(.data)
    LastDirection                            0x200000e4   Data           1  bsp_actuator.o(.data)
    StepMotorRuning                          0x200000e5   Data           1  bsp_actuator.o(.data)
    StepMotorCnt                             0x200000e8   Data           4  bsp_actuator.o(.data)
    txsize                                   0x200000f2   Data           8  w5500.o(.data)
    rxsize                                   0x200000fa   Data           8  w5500.o(.data)
    mac                                      0x20000104   Data           6  w5500_conf.o(.data)
    local_ip                                 0x2000010a   Data           4  w5500_conf.o(.data)
    subnet                                   0x2000010e   Data           4  w5500_conf.o(.data)
    gateway                                  0x20000112   Data           4  w5500_conf.o(.data)
    dns_server                               0x20000116   Data           4  w5500_conf.o(.data)
    local_port                               0x2000011a   Data           2  w5500_conf.o(.data)
    remote_ip                                0x2000011c   Data           4  w5500_conf.o(.data)
    remote_port                              0x20000120   Data           2  w5500_conf.o(.data)
    ip_from                                  0x20000122   Data           1  w5500_conf.o(.data)
    dhcp_ok                                  0x20000123   Data           1  w5500_conf.o(.data)
    ms                                       0x20000124   Data           4  w5500_conf.o(.data)
    dhcp_time                                0x20000128   Data           4  w5500_conf.o(.data)
    ntptimer                                 0x2000012c   Data           1  w5500_conf.o(.data)
    SRC_MAC_ADDR                             0x20000130   Data           4  dhcp.o(.data)
    GET_SN_MASK                              0x20000134   Data           4  dhcp.o(.data)
    GET_GW_IP                                0x20000138   Data           4  dhcp.o(.data)
    GET_DNS_IP                               0x2000013c   Data           4  dhcp.o(.data)
    DHCP_HOST_NAME                           0x20000140   Data           4  dhcp.o(.data)
    GET_SIP                                  0x20000144   Data           4  dhcp.o(.data)
    DHCP_SIP                                 0x20000148   Data           4  dhcp.o(.data)
    DHCP_REAL_SIP                            0x2000014c   Data           4  dhcp.o(.data)
    dhcp_state                               0x20000150   Data           1  dhcp.o(.data)
    dhcp_retry_count                         0x20000151   Data           1  dhcp.o(.data)
    DHCP_timeout                             0x20000152   Data           1  dhcp.o(.data)
    next_dhcp_time                           0x20000154   Data           4  dhcp.o(.data)
    dhcp_tick_cnt                            0x20000158   Data           4  dhcp.o(.data)
    Conflict_flag                            0x2000015c   Data           1  dhcp.o(.data)
    DHCP_XID                                 0x20000160   Data           4  dhcp.o(.data)
    pRIPMSG                                  0x20000164   Data           4  dhcp.o(.data)
    OLD_SIP                                  0x20000168   Data           4  dhcp.o(.data)
    dhcp_lease_time                          0x2000016c   Data           4  dhcp.o(.data)
    DHCP_timer                               0x20000170   Data           1  dhcp.o(.data)
    __stdout                                 0x20000178   Data           4  stdout.o(.data)
    Fired                                    0x2000017c   Data           9  main.o(.bss)
    FiredDetector                            0x20000185   Data          18  main.o(.bss)
    Rx_Buffer                                0x20000197   Data          75  bsp_spi_flash.o(.bss)
    SSIZE                                    0x20000212   Data          16  w5500.o(.bss)
    RSIZE                                    0x20000222   Data          16  w5500.o(.bss)
    ConfigMsg                                0x20000232   Data          28  w5500_conf.o(.bss)
    EEPROM_MSG                               0x2000024e   Data          18  w5500_conf.o(.bss)
    DHCP_GET                                 0x20000260   Data          22  dhcp.o(.bss)
    EXTERN_DHCPBUF                           0x20000276   Data        1024  dhcp.o(.bss)
    buff                                     0x20000676   Data        2048  tcp_demo.o(.bss)
    __initial_sp                             0x20001678   Data           0  startup_stm32f10x_hd.o(STACK)



==============================================================================

Memory Map of the image

  Image Entry point : 0x08000131

  Load Region LR_IROM1 (Base: 0x08000000, Size: 0x00009120, Max: 0x00080000, ABSOLUTE, COMPRESSED[0x00009044])

    Execution Region ER_IROM1 (Base: 0x08000000, Size: 0x00008fa4, Max: 0x00080000, ABSOLUTE)

    Base Addr    Size         Type   Attr      Idx    E Section Name        Object

    0x08000000   0x00000130   Data   RO            3    RESET               startup_stm32f10x_hd.o
    0x08000130   0x00000000   Code   RO          929  * .ARM.Collect$$$$00000000  mc_w.l(entry.o)
    0x08000130   0x00000004   Code   RO         1211    .ARM.Collect$$$$00000001  mc_w.l(entry2.o)
    0x08000134   0x00000004   Code   RO         1214    .ARM.Collect$$$$00000004  mc_w.l(entry5.o)
    0x08000138   0x00000000   Code   RO         1216    .ARM.Collect$$$$00000008  mc_w.l(entry7b.o)
    0x08000138   0x00000000   Code   RO         1218    .ARM.Collect$$$$0000000A  mc_w.l(entry8b.o)
    0x08000138   0x00000008   Code   RO         1219    .ARM.Collect$$$$0000000B  mc_w.l(entry9a.o)
    0x08000140   0x00000000   Code   RO         1221    .ARM.Collect$$$$0000000D  mc_w.l(entry10a.o)
    0x08000140   0x00000000   Code   RO         1223    .ARM.Collect$$$$0000000F  mc_w.l(entry11a.o)
    0x08000140   0x00000004   Code   RO         1212    .ARM.Collect$$$$00002712  mc_w.l(entry2.o)
    0x08000144   0x00000024   Code   RO            4    .text               startup_stm32f10x_hd.o
    0x08000168   0x000001dc   Code   RO           24    .text               system_stm32f10x.o
    0x08000344   0x000000dc   Code   RO           88    .text               misc.o
    0x08000420   0x000009ec   Code   RO          131    .text               stm32f10x_can.o
    0x08000e0c   0x0000011c   Code   RO          212    .text               stm32f10x_exti.o
    0x08000f28   0x00000358   Code   RO          251    .text               stm32f10x_gpio.o
    0x08001280   0x000003a4   Code   RO          308    .text               stm32f10x_rcc.o
    0x08001624   0x0000030c   Code   RO          352    .text               stm32f10x_spi.o
    0x08001930   0x00000e1a   Code   RO          364    .text               stm32f10x_tim.o
    0x0800274a   0x00000002   PAD
    0x0800274c   0x00000408   Code   RO          376    .text               stm32f10x_usart.o
    0x08002b54   0x000001e4   Code   RO          403    .text               main.o
    0x08002d38   0x00000104   Code   RO          535    .text               stm32f10x_it.o
    0x08002e3c   0x00000160   Code   RO          557    .text               can.o
    0x08002f9c   0x000002e8   Code   RO          573    .text               ds3231.o
    0x08003284   0x00000088   Code   RO          585    .text               led.o
    0x0800330c   0x000008b4   Code   RO          597    .text               screen.o
    0x08003bc0   0x00000ab8   Code   RO          609    .text               other.o
    0x08004678   0x000001e4   Code   RO          624    .text               bsp_i2c_gpio.o
    0x0800485c   0x000000bc   Code   RO          636    .text               bsp_systick.o
    0x08004918   0x00000130   Code   RO          657    .text               bsp_usart1.o
    0x08004a48   0x000006b8   Code   RO          669    .text               bsp_spi_flash.o
    0x08005100   0x000002ec   Code   RO          688    .text               bsp_i2c_ee.o
    0x080053ec   0x0000006c   Code   RO          703    .text               bsp_timbase.o
    0x08005458   0x00000318   Code   RO          725    .text               bsp_actuator.o
    0x08005770   0x0000068c   Code   RO          740    .text               socket.o
    0x08005dfc   0x000003f8   Code   RO          768    .text               utility.o
    0x080061f4   0x000003d4   Code   RO          801    .text               w5500.o
    0x080065c8   0x0000050c   Code   RO          830    .text               w5500_conf.o
    0x08006ad4   0x00000e90   Code   RO          864    .text               dhcp.o
    0x08007964   0x00000210   Code   RO          889    .text               tcp_demo.o
    0x08007b74   0x00000024   Code   RO          932    .text               mc_w.l(memseta.o)
    0x08007b98   0x00000024   Code   RO          934    .text               mc_w.l(strstr.o)
    0x08007bbc   0x00000018   Code   RO          936    .text               mc_w.l(strncpy.o)
    0x08007bd4   0x0000000e   Code   RO          938    .text               mc_w.l(strlen.o)
    0x08007be2   0x0000001a   Code   RO          940    .text               mc_w.l(memcmp.o)
    0x08007bfc   0x00000012   Code   RO          942    .text               mc_w.l(strcpy.o)
    0x08007c0e   0x00000002   PAD
    0x08007c10   0x00000044   Code   RO          944    .text               mc_w.l(strtok.o)
    0x08007c54   0x0000002c   Code   RO         1226    .text               mc_w.l(uidiv.o)
    0x08007c80   0x00000062   Code   RO         1228    .text               mc_w.l(uldiv.o)
    0x08007ce2   0x00000000   Code   RO         1230    .text               mc_w.l(iusefp.o)
    0x08007ce2   0x0000014e   Code   RO         1231    .text               mf_w.l(dadd.o)
    0x08007e30   0x000000e4   Code   RO         1233    .text               mf_w.l(dmul.o)
    0x08007f14   0x000000de   Code   RO         1235    .text               mf_w.l(ddiv.o)
    0x08007ff2   0x00000030   Code   RO         1237    .text               mf_w.l(dfixul.o)
    0x08008022   0x00000002   PAD
    0x08008024   0x00000028   Code   RO         1239    .text               mf_w.l(cdrcmple.o)
    0x0800804c   0x00000024   Code   RO         1241    .text               mc_w.l(init.o)
    0x08008070   0x0000001e   Code   RO         1243    .text               mc_w.l(llshl.o)
    0x0800808e   0x00000020   Code   RO         1245    .text               mc_w.l(llushr.o)
    0x080080ae   0x00000024   Code   RO         1247    .text               mc_w.l(llsshr.o)
    0x080080d2   0x000000be   Code   RO         1249    .text               mf_w.l(depilogue.o)
    0x08008190   0x0000005c   Code   RO         1259    .text               mc_w.l(__dczerorl2.o)
    0x080081ec   0x00000020   Code   RO         1183    i.__0printf         mc_w.l(printfa.o)
    0x0800820c   0x00000020   Code   RO         1157    i.__0printf$8       mc_w.l(printf8.o)
    0x0800822c   0x00000028   Code   RO         1159    i.__0sprintf$8      mc_w.l(printf8.o)
    0x08008254   0x0000000e   Code   RO         1253    i.__scatterload_copy  mc_w.l(handlers.o)
    0x08008262   0x00000002   Code   RO         1254    i.__scatterload_null  mc_w.l(handlers.o)
    0x08008264   0x0000000e   Code   RO         1255    i.__scatterload_zeroinit  mc_w.l(handlers.o)
    0x08008272   0x00000002   PAD
    0x08008274   0x0000015c   Code   RO         1190    i._fp_digits        mc_w.l(printfa.o)
    0x080083d0   0x00000408   Code   RO         1164    i._printf_core      mc_w.l(printf8.o)
    0x080087d8   0x000006f0   Code   RO         1191    i._printf_core      mc_w.l(printfa.o)
    0x08008ec8   0x00000026   Code   RO         1165    i._printf_post_padding  mc_w.l(printf8.o)
    0x08008eee   0x00000026   Code   RO         1192    i._printf_post_padding  mc_w.l(printfa.o)
    0x08008f14   0x00000030   Code   RO         1166    i._printf_pre_padding  mc_w.l(printf8.o)
    0x08008f44   0x00000030   Code   RO         1193    i._printf_pre_padding  mc_w.l(printfa.o)
    0x08008f74   0x0000000a   Code   RO         1168    i._sputc            mc_w.l(printf8.o)
    0x08008f7e   0x00000005   Data   RO          866    .conststring        dhcp.o
    0x08008f83   0x00000001   PAD
    0x08008f84   0x00000020   Data   RO         1251    Region$$Table       anon$$obj.o


    Execution Region RW_IRAM1 (Base: 0x20000000, Size: 0x00001678, Max: 0x00010000, ABSOLUTE, COMPRESSED[0x000000a0])

    Base Addr    Size         Type   Attr      Idx    E Section Name        Object

    0x20000000   0x00000014   Data   RW           25    .data               system_stm32f10x.o
    0x20000014   0x00000014   Data   RW          309    .data               stm32f10x_rcc.o
    0x20000028   0x0000004c   Data   RW          405    .data               main.o
    0x20000074   0x00000006   Data   RW          536    .data               stm32f10x_it.o
    0x2000007a   0x0000000b   Data   RW          610    .data               other.o
    0x20000085   0x00000003   PAD
    0x20000088   0x00000004   Data   RW          637    .data               bsp_systick.o
    0x2000008c   0x00000055   Data   RW          671    .data               bsp_spi_flash.o
    0x200000e1   0x00000003   PAD
    0x200000e4   0x00000008   Data   RW          726    .data               bsp_actuator.o
    0x200000ec   0x00000002   Data   RW          741    .data               socket.o
    0x200000ee   0x00000004   Data   RW          770    .data               utility.o
    0x200000f2   0x00000010   Data   RW          803    .data               w5500.o
    0x20000102   0x00000002   PAD
    0x20000104   0x00000029   Data   RW          832    .data               w5500_conf.o
    0x2000012d   0x00000003   PAD
    0x20000130   0x00000041   Data   RW          867    .data               dhcp.o
    0x20000171   0x00000003   PAD
    0x20000174   0x00000004   Data   RW          945    .data               mc_w.l(strtok.o)
    0x20000178   0x00000004   Data   RW         1225    .data               mc_w.l(stdout.o)
    0x2000017c   0x0000001b   Zero   RW          404    .bss                main.o
    0x20000197   0x0000004b   Zero   RW          670    .bss                bsp_spi_flash.o
    0x200001e2   0x00000030   Zero   RW          769    .bss                utility.o
    0x20000212   0x00000020   Zero   RW          802    .bss                w5500.o
    0x20000232   0x0000002e   Zero   RW          831    .bss                w5500_conf.o
    0x20000260   0x00000416   Zero   RW          865    .bss                dhcp.o
    0x20000676   0x00000800   Zero   RW          890    .bss                tcp_demo.o
    0x20000e76   0x00000002   PAD
    0x20000e78   0x00000800   Zero   RW            1    STACK               startup_stm32f10x_hd.o


==============================================================================

Image component sizes


      Code (inc. data)   RO Data    RW Data    ZI Data      Debug   Object Name

       792         22          0          8          0       2997   bsp_actuator.o
       748        234          0          0          0       2581   bsp_i2c_ee.o
       484          6          0          0          0       2062   bsp_i2c_gpio.o
      1720        282          0         85         75       6544   bsp_spi_flash.o
       188         16          0          4          0      16689   bsp_systick.o
       108          0          0          0          0        837   bsp_timbase.o
       304         10          0          0          0       1880   bsp_usart1.o
       352         14          0          0          0       1393   can.o
         0          0          0          0          0       4212   core_cm3.o
      3728        354          5         65       1046       8611   dhcp.o
       744         66          0          0          0       3372   ds3231.o
       136         12          0          0          0        601   led.o
       484         90          0         76         27     241818   main.o
       220         20          0          0          0       1837   misc.o
      2744        264          0         11          0       5025   other.o
      2228         60          0          0          0       3238   screen.o
      1676         48          0          2          0       4887   socket.o
        36          8        304          0       2048        840   startup_stm32f10x_hd.o
      2540         38          0          0          0       7888   stm32f10x_can.o
       284         10          0          0          0       2271   stm32f10x_exti.o
       856         40          0          0          0       5681   stm32f10x_gpio.o
       260         22          0          6          0       2049   stm32f10x_it.o
       932         44          0         20          0       8868   stm32f10x_rcc.o
       780         14          0          0          0       6566   stm32f10x_spi.o
      3610         88          0          0          0      22168   stm32f10x_tim.o
      1032         22          0          0          0       8408   stm32f10x_usart.o
       476         36          0         20          0     267815   system_stm32f10x.o
       528        164          0          0       2048       2221   tcp_demo.o
      1016         52          0          4         48       6698   utility.o
       980         72          0         16         32       6648   w5500.o
      1292        352          0         41         46       6442   w5500_conf.o

    ----------------------------------------------------------------------
     31280       2460        342        372       5372     663147   Object Totals
         0          0         32          0          0          0   (incl. Generated)
         2          0          1         14          2          0   (incl. Padding)

    ----------------------------------------------------------------------

      Code (inc. data)   RO Data    RW Data    ZI Data      Debug   Library Member Name

        92          0          0          0          0          0   __dczerorl2.o
         0          0          0          0          0          0   entry.o
         0          0          0          0          0          0   entry10a.o
         0          0          0          0          0          0   entry11a.o
         8          4          0          0          0          0   entry2.o
         4          0          0          0          0          0   entry5.o
         0          0          0          0          0          0   entry7b.o
         0          0          0          0          0          0   entry8b.o
         8          4          0          0          0          0   entry9a.o
        30          0          0          0          0          0   handlers.o
        36          8          0          0          0         68   init.o
         0          0          0          0          0          0   iusefp.o
        30          0          0          0          0         68   llshl.o
        36          0          0          0          0         68   llsshr.o
        32          0          0          0          0         68   llushr.o
        26          0          0          0          0         80   memcmp.o
        36          0          0          0          0        108   memseta.o
      1200         60          0          0          0        504   printf8.o
      2242         90          0          0          0        444   printfa.o
         0          0          0          4          0          0   stdout.o
        18          0          0          0          0         68   strcpy.o
        14          0          0          0          0         68   strlen.o
        24          0          0          0          0         76   strncpy.o
        36          0          0          0          0         80   strstr.o
        68          6          0          4          0         80   strtok.o
        44          0          0          0          0         80   uidiv.o
        98          0          0          0          0         92   uldiv.o
        40          2          0          0          0         68   cdrcmple.o
       334          0          0          0          0        148   dadd.o
       222          0          0          0          0        100   ddiv.o
       190          0          0          0          0        176   depilogue.o
        48          0          0          0          0         68   dfixul.o
       228          0          0          0          0         96   dmul.o

    ----------------------------------------------------------------------
      5150        174          0          8          0       2608   Library Totals
         6          0          0          0          0          0   (incl. Padding)

    ----------------------------------------------------------------------

      Code (inc. data)   RO Data    RW Data    ZI Data      Debug   Library Name

      4082        172          0          8          0       1952   mc_w.l
      1062          2          0          0          0        656   mf_w.l

    ----------------------------------------------------------------------
      5150        174          0          8          0       2608   Library Totals

    ----------------------------------------------------------------------

==============================================================================


      Code (inc. data)   RO Data    RW Data    ZI Data      Debug   

     36430       2634        342        380       5372     661595   Grand Totals
     36430       2634        342        160       5372     661595   ELF Image Totals (compressed)
     36430       2634        342        160          0          0   ROM Totals

==============================================================================

    Total RO  Size (Code + RO Data)                36772 (  35.91kB)
    Total RW  Size (RW Data + ZI Data)              5752 (   5.62kB)
    Total ROM Size (Code + RO Data + RW Data)      36932 (  36.07kB)

==============================================================================

