<html>
<body>
<pre>
<h1>µVision Build Log</h1>
<h2>Project:</h2>
C:\Users\YYH\Desktop\detector\Project\RVMDK£¨uv4£©\iSO-STM32.uvproj
Project File Date:  04/15/2017

<h2>Output:</h2>
Rebuild target 'detector'
assembling startup_stm32f10x_hd.s...
compiling core_cm3.c...
compiling system_stm32f10x.c...
compiling misc.c...
compiling stm32f10x_adc.c...
compiling stm32f10x_bkp.c...
compiling stm32f10x_can.c...
compiling stm32f10x_cec.c...
compiling stm32f10x_crc.c...
compiling stm32f10x_dac.c...
compiling stm32f10x_dbgmcu.c...
compiling stm32f10x_dma.c...
compiling stm32f10x_exti.c...
compiling stm32f10x_flash.c...
compiling stm32f10x_fsmc.c...
compiling stm32f10x_gpio.c...
compiling stm32f10x_i2c.c...
compiling stm32f10x_iwdg.c...
compiling stm32f10x_pwr.c...
compiling stm32f10x_rcc.c...
compiling stm32f10x_rtc.c...
compiling stm32f10x_sdio.c...
compiling stm32f10x_spi.c...
compiling stm32f10x_tim.c...
compiling stm32f10x_usart.c...
compiling stm32f10x_wwdg.c...
compiling main.c...
compiling stm32f10x_it.c...
compiling bsp_adc.c...
compiling bsp_ds18b20.c...
compiling bsp_led.c...
compiling bsp_SysTick.c...
compiling bsp_usart1.c...
compiling bsp_can.c...
..\..\User\bsp_can.c(67): warning:  #177-D: variable "cnt" was declared but never referenced
linking...
Program Size: Code=9000 RO-data=336 RW-data=64 ZI-data=1024  
FromELF: creating hex file...
"..\..\Output\template.axf" - 0 Errors, 1 Warning(s).
