<html>
<body>
<pre>
<h1>µVision Build Log</h1>
<h2>Project:</h2>
E:\Disk E\Graduation Project\Code\controller - CAN - AUX\Project\RVMDK£¨uv4£©\iSO-STM32.uvproj
Project File Date:  05/20/2017

<h2>Output:</h2>
Build target 'Controller'
compiling main.c...
compiling stm32f10x_it.c...
compiling can.c...
compiling led.c...
compiling screen.c...
compiling other.c...
compiling queue.c...
compiling bsp_usart1.c...
compiling bsp_spi_flash.c...
compiling bsp_i2c_ee.c...
compiling bsp_actuator.c...
compiling tcp_demo.c...
linking...
Program Size: Code=37892 RO-data=344 RW-data=396 ZI-data=11500  
FromELF: creating hex file...
"..\..\Output\Template.axf" - 0 Errors, 0 Warning(s).
Build target 'Controller'
compiling tcp_demo.c...
linking...
Program Size: Code=37884 RO-data=344 RW-data=396 ZI-data=11500  
FromELF: creating hex file...
"..\..\Output\Template.axf" - 0 Errors, 0 Warning(s).
Build target 'Controller'
compiling tcp_demo.c...
linking...
Program Size: Code=37904 RO-data=344 RW-data=396 ZI-data=11500  
FromELF: creating hex file...
"..\..\Output\Template.axf" - 0 Errors, 0 Warning(s).
Build target 'Controller'
compiling other.c...
compiling tcp_demo.c...
linking...
Program Size: Code=37932 RO-data=344 RW-data=396 ZI-data=11500  
FromELF: creating hex file...
"..\..\Output\Template.axf" - 0 Errors, 0 Warning(s).
compiling other.c...
"..\..\User\other.c" - 0 Errors, 0 Warning(s).
Build target 'Controller'
linking...
Program Size: Code=37984 RO-data=344 RW-data=396 ZI-data=11500  
FromELF: creating hex file...
"..\..\Output\Template.axf" - 0 Errors, 0 Warning(s).
Build target 'Controller'
compiling other.c...
linking...
Program Size: Code=37988 RO-data=344 RW-data=396 ZI-data=11500  
FromELF: creating hex file...
"..\..\Output\Template.axf" - 0 Errors, 0 Warning(s).
Build target 'Controller'
compiling main.c...
compiling tcp_demo.c...
linking...
Program Size: Code=38052 RO-data=344 RW-data=396 ZI-data=11500  
FromELF: creating hex file...
"..\..\Output\Template.axf" - 0 Errors, 0 Warning(s).
Build target 'Controller'
compiling tcp_demo.c...
linking...
Program Size: Code=37988 RO-data=344 RW-data=396 ZI-data=11500  
FromELF: creating hex file...
"..\..\Output\Template.axf" - 0 Errors, 0 Warning(s).
