<html>
<body>
<pre>
<h1>µVision Build Log</h1>
<h2>Project:</h2>
E:\Disk E\Graduation Project\Code\detector - CAN\Project\RVMDK£¨uv4£©\iSO-STM32.uvproj
Project File Date:  05/19/2017

<h2>Output:</h2>
Build target 'detector'
compiling main.c...
compiling stm32f10x_it.c...
compiling other.c...
compiling bsp_adc.c...
compiling bsp_ds18b20.c...
compiling bsp_led.c...
compiling bsp_SysTick.c...
compiling bsp_usart1.c...
compiling bsp_can.c...
compiling tim.c...
compiling bsp_pwrcarrier.c...
linking...
Program Size: Code=10448 RO-data=336 RW-data=108 ZI-data=1028  
FromELF: creating hex file...
"..\..\Output\template.axf" - 0 Errors, 0 Warning(s).
Load "..\\..\\Output\\template.axf" 
Erase Done.
Programming Done.
Verify OK.
Application running ...
Build target 'detector'
compiling main.c...
linking...
Program Size: Code=10452 RO-data=336 RW-data=108 ZI-data=1028  
FromELF: creating hex file...
"..\..\Output\template.axf" - 0 Errors, 0 Warning(s).
Load "..\\..\\Output\\template.axf" 
Erase Done.
Programming Done.
Verify OK.
Application running ...
Build target 'detector'
compiling main.c...
linking...
Program Size: Code=10456 RO-data=336 RW-data=108 ZI-data=1028  
FromELF: creating hex file...
"..\..\Output\template.axf" - 0 Errors, 0 Warning(s).
Load "..\\..\\Output\\template.axf" 
Erase Done.
Programming Done.
Verify OK.
Application running ...
Load "..\\..\\Output\\template.axf" 
Erase Done.
Programming Done.
Verify OK.
Application running ...
Build target 'detector'
compiling main.c...
linking...
Program Size: Code=10484 RO-data=336 RW-data=108 ZI-data=1028  
FromELF: creating hex file...
"..\..\Output\template.axf" - 0 Errors, 0 Warning(s).
Load "..\\..\\Output\\template.axf" 
Erase Done.
Programming Done.
Verify OK.
Application running ...
Build target 'detector'
compiling main.c...
linking...
Program Size: Code=10492 RO-data=336 RW-data=108 ZI-data=1028  
FromELF: creating hex file...
"..\..\Output\template.axf" - 0 Errors, 0 Warning(s).
Load "..\\..\\Output\\template.axf" 
Erase Done.
Programming Done.
Verify OK.
Application running ...
Build target 'detector'
compiling main.c...
linking...
Program Size: Code=10496 RO-data=336 RW-data=108 ZI-data=1028  
FromELF: creating hex file...
"..\..\Output\template.axf" - 0 Errors, 0 Warning(s).
Load "..\\..\\Output\\template.axf" 
Erase Done.
Programming Done.
Verify OK.
Application running ...
Build target 'detector'
compiling main.c...
linking...
Program Size: Code=10460 RO-data=336 RW-data=108 ZI-data=1028  
FromELF: creating hex file...
"..\..\Output\template.axf" - 0 Errors, 0 Warning(s).
Load "..\\..\\Output\\template.axf" 
Erase Done.
Programming Done.
Verify OK.
Application running ...
Build target 'detector'
compiling main.c...
linking...
Program Size: Code=10464 RO-data=336 RW-data=108 ZI-data=1028  
FromELF: creating hex file...
"..\..\Output\template.axf" - 0 Errors, 0 Warning(s).
Load "..\\..\\Output\\template.axf" 
Erase Done.
Programming Done.
Verify OK.
Application running ...
Load "..\\..\\Output\\template.axf" 
Erase Done.
Programming Done.
Verify OK.
Application running ...
Build target 'detector'
compiling other.c...
linking...
Program Size: Code=10468 RO-data=336 RW-data=108 ZI-data=1028  
FromELF: creating hex file...
"..\..\Output\template.axf" - 0 Errors, 0 Warning(s).
Load "..\\..\\Output\\template.axf" 
Erase Done.
Programming Done.
Verify OK.
Application running ...
Load "..\\..\\Output\\template.axf" 
Erase Done.
Programming Done.
Verify OK.
Application running ...
Load "..\\..\\Output\\template.axf" 
Erase Done.
Programming Done.
Verify OK.
Application running ...
