<html>
<body>
<pre>
<h1>µVision Build Log</h1>
<h2>Project:</h2>
E:\Disk E\Graduation Project\Code\detector - CAN\Project\RVMDK£¨uv4£©\iSO-STM32.uvproj
Project File Date:  05/17/2017

<h2>Output:</h2>
Build target 'detector'
compiling main.c...
linking...
Program Size: Code=9840 RO-data=336 RW-data=108 ZI-data=1028  
FromELF: creating hex file...
"..\..\Output\template.axf" - 0 Errors, 0 Warning(s).
Build target 'detector'
compiling main.c...
compiling other.c...
compiling bsp_usart1.c...
compiling bsp_can.c...
compiling bsp_pwrcarrier.c...
linking...
Program Size: Code=10240 RO-data=336 RW-data=108 ZI-data=1028  
FromELF: creating hex file...
"..\..\Output\template.axf" - 0 Errors, 0 Warning(s).
Build target 'detector'
compiling other.c...
linking...
Program Size: Code=10264 RO-data=336 RW-data=108 ZI-data=1028  
FromELF: creating hex file...
"..\..\Output\template.axf" - 0 Errors, 0 Warning(s).
Build target 'detector'
compiling other.c...
compiling bsp_can.c...
..\..\User\bsp_can.c(90): error:  #127: expected a statement
..\..\User\bsp_can.c(86): warning:  #177-D: variable "i" was declared but never referenced
..\..\User\bsp_can.c(86): warning:  #177-D: variable "temp" was declared but never referenced
"..\..\Output\template.axf" - 1 Errors, 2 Warning(s).
Target not created
Build target 'detector'
compiling main.c...
compiling bsp_can.c...
..\..\User\bsp_can.c(89): warning:  #177-D: variable "i" was declared but never referenced
..\..\User\bsp_can.c(89): warning:  #177-D: variable "temp" was declared but never referenced
linking...
Program Size: Code=10380 RO-data=336 RW-data=108 ZI-data=1028  
FromELF: creating hex file...
"..\..\Output\template.axf" - 0 Errors, 2 Warning(s).
Build target 'detector'
compiling main.c...
compiling other.c...
compiling bsp_usart1.c...
compiling bsp_can.c...
compiling bsp_pwrcarrier.c...
linking...
Program Size: Code=10400 RO-data=336 RW-data=108 ZI-data=1028  
FromELF: creating hex file...
"..\..\Output\template.axf" - 0 Errors, 0 Warning(s).
Build target 'detector'
compiling main.c...
compiling stm32f10x_it.c...
linking...
Program Size: Code=10400 RO-data=336 RW-data=108 ZI-data=1028  
FromELF: creating hex file...
"..\..\Output\template.axf" - 0 Errors, 0 Warning(s).
Load "..\\..\\Output\\template.axf" 
Erase Done.
Programming Done.
Verify OK.
Application running ...
Build target 'detector'
compiling bsp_pwrcarrier.c...
linking...
Program Size: Code=10400 RO-data=336 RW-data=108 ZI-data=1028  
FromELF: creating hex file...
"..\..\Output\template.axf" - 0 Errors, 0 Warning(s).
Build target 'detector'
linking...
Program Size: Code=10400 RO-data=336 RW-data=108 ZI-data=1028  
FromELF: creating hex file...
"..\..\Output\template.axf" - 0 Errors, 0 Warning(s).
Load "..\\..\\Output\\template.axf" 
Erase Done.
Programming Done.
Verify OK.
Application running ...
Build target 'detector'
compiling main.c...
linking...
Program Size: Code=10400 RO-data=336 RW-data=108 ZI-data=1028  
FromELF: creating hex file...
"..\..\Output\template.axf" - 0 Errors, 0 Warning(s).
Load "..\\..\\Output\\template.axf" 
Erase Done.
Programming Done.
Verify OK.
Application running ...
Build target 'detector'
linking...
Program Size: Code=10400 RO-data=336 RW-data=108 ZI-data=1028  
FromELF: creating hex file...
"..\..\Output\template.axf" - 0 Errors, 0 Warning(s).
Build target 'detector'
linking...
Program Size: Code=10400 RO-data=336 RW-data=108 ZI-data=1028  
FromELF: creating hex file...
"..\..\Output\template.axf" - 0 Errors, 0 Warning(s).
Load "..\\..\\Output\\template.axf" 
Erase Done.
Programming Done.
Verify OK.
Application running ...
Build target 'detector'
compiling main.c...
linking...
Program Size: Code=10400 RO-data=336 RW-data=108 ZI-data=1028  
FromELF: creating hex file...
"..\..\Output\template.axf" - 0 Errors, 0 Warning(s).
Load "..\\..\\Output\\template.axf" 
Erase Done.
Programming Done.
Verify OK.
Application running ...
Build target 'detector'
linking...
Program Size: Code=10400 RO-data=336 RW-data=108 ZI-data=1028  
FromELF: creating hex file...
"..\..\Output\template.axf" - 0 Errors, 0 Warning(s).
Load "..\\..\\Output\\template.axf" 
Erase Done.
Programming Done.
Verify OK.
Application running ...
Build target 'detector'
compiling bsp_can.c...
linking...
Program Size: Code=10432 RO-data=336 RW-data=108 ZI-data=1028  
FromELF: creating hex file...
"..\..\Output\template.axf" - 0 Errors, 0 Warning(s).
Build target 'detector'
compiling bsp_can.c...
linking...
Program Size: Code=10440 RO-data=336 RW-data=108 ZI-data=1028  
FromELF: creating hex file...
"..\..\Output\template.axf" - 0 Errors, 0 Warning(s).
Load "..\\..\\Output\\template.axf" 
Erase Done.
Programming Done.
Verify OK.
Application running ...
Build target 'detector'
linking...
Program Size: Code=10440 RO-data=336 RW-data=108 ZI-data=1028  
FromELF: creating hex file...
"..\..\Output\template.axf" - 0 Errors, 0 Warning(s).
Load "..\\..\\Output\\template.axf" 
Erase Done.
Programming Done.
Verify OK.
Application running ...
Build target 'detector'
compiling bsp_can.c...
linking...
Program Size: Code=10440 RO-data=336 RW-data=108 ZI-data=1028  
FromELF: creating hex file...
"..\..\Output\template.axf" - 0 Errors, 0 Warning(s).
Load "..\\..\\Output\\template.axf" 
Erase Done.
Programming Done.
Verify OK.
Application running ...
Build target 'detector'
compiling main.c...
compiling other.c...
compiling bsp_usart1.c...
compiling bsp_can.c...
compiling bsp_pwrcarrier.c...
linking...
Program Size: Code=10440 RO-data=336 RW-data=108 ZI-data=1028  
FromELF: creating hex file...
"..\..\Output\template.axf" - 0 Errors, 0 Warning(s).
Load "..\\..\\Output\\template.axf" 
Erase Done.
Programming Done.
Verify OK.
Application running ...
Build target 'detector'
compiling bsp_can.c...
linking...
Program Size: Code=10448 RO-data=336 RW-data=108 ZI-data=1028  
FromELF: creating hex file...
"..\..\Output\template.axf" - 0 Errors, 0 Warning(s).
Load "..\\..\\Output\\template.axf" 
Erase Done.
Programming Done.
Verify OK.
Application running ...
